Component: ARM Compiler 6.16 Tool: armlink [5dfeaa00]

==============================================================================

Section Cross References

    startup_stm32h723xx.o(RESET) refers to startup_stm32h723xx.o(STACK) for __initial_sp
    startup_stm32h723xx.o(RESET) refers to startup_stm32h723xx.o(.text) for Reset_Handler
    startup_stm32h723xx.o(RESET) refers to stm32h7xx_it.o(.text.NMI_Handler) for NMI_Handler
    startup_stm32h723xx.o(RESET) refers to stm32h7xx_it.o(.text.HardFault_Handler) for HardFault_Handler
    startup_stm32h723xx.o(RESET) refers to stm32h7xx_it.o(.text.MemManage_Handler) for MemManage_Handler
    startup_stm32h723xx.o(RESET) refers to stm32h7xx_it.o(.text.BusFault_Handler) for BusFault_Handler
    startup_stm32h723xx.o(RESET) refers to stm32h7xx_it.o(.text.UsageFault_Handler) for UsageFault_Handler
    startup_stm32h723xx.o(RESET) refers to port.o(.text.SVC_Handler) for SVC_Handler
    startup_stm32h723xx.o(RESET) refers to stm32h7xx_it.o(.text.DebugMon_Handler) for DebugMon_Handler
    startup_stm32h723xx.o(RESET) refers to port.o(.text.PendSV_Handler) for PendSV_Handler
    startup_stm32h723xx.o(RESET) refers to port.o(.text.SysTick_Handler) for SysTick_Handler
    startup_stm32h723xx.o(RESET) refers to stm32h7xx_it.o(.text.DMA1_Stream0_IRQHandler) for DMA1_Stream0_IRQHandler
    startup_stm32h723xx.o(RESET) refers to stm32h7xx_it.o(.text.DMA1_Stream1_IRQHandler) for DMA1_Stream1_IRQHandler
    startup_stm32h723xx.o(RESET) refers to stm32h7xx_it.o(.text.DMA1_Stream2_IRQHandler) for DMA1_Stream2_IRQHandler
    startup_stm32h723xx.o(RESET) refers to stm32h7xx_it.o(.text.DMA1_Stream3_IRQHandler) for DMA1_Stream3_IRQHandler
    startup_stm32h723xx.o(RESET) refers to stm32h7xx_it.o(.text.DMA1_Stream4_IRQHandler) for DMA1_Stream4_IRQHandler
    startup_stm32h723xx.o(RESET) refers to stm32h7xx_it.o(.text.DMA1_Stream5_IRQHandler) for DMA1_Stream5_IRQHandler
    startup_stm32h723xx.o(RESET) refers to stm32h7xx_it.o(.text.DMA1_Stream6_IRQHandler) for DMA1_Stream6_IRQHandler
    startup_stm32h723xx.o(RESET) refers to stm32h7xx_it.o(.text.FDCAN1_IT0_IRQHandler) for FDCAN1_IT0_IRQHandler
    startup_stm32h723xx.o(RESET) refers to stm32h7xx_it.o(.text.FDCAN2_IT0_IRQHandler) for FDCAN2_IT0_IRQHandler
    startup_stm32h723xx.o(RESET) refers to stm32h7xx_it.o(.text.TIM2_IRQHandler) for TIM2_IRQHandler
    startup_stm32h723xx.o(RESET) refers to stm32h7xx_it.o(.text.SPI2_IRQHandler) for SPI2_IRQHandler
    startup_stm32h723xx.o(RESET) refers to stm32h7xx_it.o(.text.USART2_IRQHandler) for USART2_IRQHandler
    startup_stm32h723xx.o(RESET) refers to stm32h7xx_it.o(.text.UART5_IRQHandler) for UART5_IRQHandler
    startup_stm32h723xx.o(RESET) refers to stm32h7xx_it.o(.text.OTG_HS_IRQHandler) for OTG_HS_IRQHandler
    startup_stm32h723xx.o(RESET) refers to stm32h7xx_it.o(.text.USART10_IRQHandler) for USART10_IRQHandler
    startup_stm32h723xx.o(RESET) refers to stm32h7xx_it.o(.text.FDCAN3_IT0_IRQHandler) for FDCAN3_IT0_IRQHandler
    startup_stm32h723xx.o(.text) refers to system_stm32h7xx.o(.text.SystemInit) for SystemInit
    startup_stm32h723xx.o(.text) refers to entry.o(.ARM.Collect$$$$00000000) for __main
    main.o(.text.main) refers to stm32h7xx_hal.o(.text.HAL_Init) for HAL_Init
    main.o(.text.main) refers to main.o(.text.SystemClock_Config) for SystemClock_Config
    main.o(.text.main) refers to gpio.o(.text.MX_GPIO_Init) for MX_GPIO_Init
    main.o(.text.main) refers to dma.o(.text.MX_DMA_Init) for MX_DMA_Init
    main.o(.text.main) refers to spi.o(.text.MX_SPI2_Init) for MX_SPI2_Init
    main.o(.text.main) refers to fdcan.o(.text.MX_FDCAN1_Init) for MX_FDCAN1_Init
    main.o(.text.main) refers to fdcan.o(.text.MX_FDCAN2_Init) for MX_FDCAN2_Init
    main.o(.text.main) refers to tim.o(.text.MX_TIM3_Init) for MX_TIM3_Init
    main.o(.text.main) refers to fdcan.o(.text.MX_FDCAN3_Init) for MX_FDCAN3_Init
    main.o(.text.main) refers to usart.o(.text.MX_UART5_Init) for MX_UART5_Init
    main.o(.text.main) refers to usart.o(.text.MX_USART2_UART_Init) for MX_USART2_UART_Init
    main.o(.text.main) refers to usart.o(.text.MX_USART10_UART_Init) for MX_USART10_UART_Init
    main.o(.text.main) refers to usb_device.o(.text.MX_USB_DEVICE_Init) for MX_USB_DEVICE_Init
    main.o(.text.main) refers to bsp_dwt.o(.text.DWT_Init) for DWT_Init
    main.o(.text.main) refers to bsp_uart.o(.text.BSP_USART_Init) for BSP_USART_Init
    main.o(.text.main) refers to ps2_device.o(.text.PS2_Init) for PS2_Init
    main.o(.text.main) refers to stm32h7xx_hal.o(.text.HAL_Delay) for HAL_Delay
    main.o(.text.main) refers to spi.o(.bss.hspi2) for hspi2
    main.o(.text.main) refers to bmi088driver.o(.text.BMI088_init) for BMI088_init
    main.o(.text.main) refers to stm32h7xx_hal_gpio.o(.text.HAL_GPIO_WritePin) for HAL_GPIO_WritePin
    main.o(.text.main) refers to bsp_can.o(.text.FDCAN1_Config) for FDCAN1_Config
    main.o(.text.main) refers to bsp_can.o(.text.FDCAN2_Config) for FDCAN2_Config
[...]
    xTaskResumeAll                           0x08017f99   Thumb Code   376  tasks.o(.text.xTaskResumeAll)
    __hardfp_sqrtf                           0x08018111   Thumb Code    58  sqrtf.o(i.__hardfp_sqrtf)
    __scatterload_copy                       0x0801814b   Thumb Code    14  handlers.o(i.__scatterload_copy)
    __scatterload_null                       0x08018159   Thumb Code     2  handlers.o(i.__scatterload_null)
    __scatterload_zeroinit                   0x0801815b   Thumb Code    14  handlers.o(i.__scatterload_zeroinit)
    __set_errno                              0x08018169   Thumb Code     6  errno.o(i.__set_errno)
    D1CorePrescTable                         0x080181fc   Data          16  system_stm32h7xx.o(.rodata.D1CorePrescTable)
    UARTPrescTable                           0x08018234   Data          24  stm32h7xx_hal_uart.o(.rodata.UARTPrescTable)
    wCRC_Table                               0x080182b6   Data         512  crc.o(.rodata.wCRC_Table)
    Region$$Table$$Base                      0x080184b8   Number         0  anon$$obj.o(Region$$Table)
    Region$$Table$$Limit                     0x080184d8   Number         0  anon$$obj.o(Region$$Table)
    SBUS_MultiRx_Buf                         0x24000000   Data          36  remote_control.o(.AXI_SRAM)
    Unitree_MultiRx_Buf                      0x24000024   Data          32  unitree_motor.o(.AXI_SRAM)
    Stepper_MultiRx_Buf                      0x24000044   Data          62  stepper_motor.o(.AXI_SRAM)
    USB_RxBuf                                0x24000082   Data        2048  bsp_usb.o(.AXI_SRAM)
    BMI088_ACCEL_SEN                         0x24000888   Data           4  bmi088driver.o(.data.BMI088_ACCEL_SEN)
    BMI088_GYRO_SEN                          0x2400088c   Data           4  bmi088driver.o(.data.BMI088_GYRO_SEN)
    Chassis                                  0x24000898   Data         252  chassis_task.o(.data.Chassis)
    HS_Desc                                  0x24000994   Data          32  usbd_desc.o(.data.HS_Desc)
    PS2_Info                                 0x240009b4   Data          64  ps2_device.o(.data.PS2_Info)
    SystemCoreClock                          0x240009f4   Data           4  system_stm32h7xx.o(.data.SystemCoreClock)
    SystemD2Clock                            0x240009f8   Data           4  system_stm32h7xx.o(.data.SystemD2Clock)
    USBD_CDC                                 0x240009fc   Data          56  usbd_cdc.o(.data.USBD_CDC)
    USBD_HS_DeviceDesc                       0x24000a84   Data          18  usbd_desc.o(.data.USBD_HS_DeviceDesc)
    USBD_Interface_fops_HS                   0x24000a98   Data          20  usbd_cdc_if.o(.data.USBD_Interface_fops_HS)
    USBD_LangIDDesc                          0x24000aac   Data           4  usbd_desc.o(.data.USBD_LangIDDesc)
    USBD_StringSerial                        0x24000ab0   Data          26  usbd_desc.o(.data.USBD_StringSerial)
    remote_ctrl                              0x24000acc   Data          52  remote_control.o(.data.remote_ctrl)
    uwTickFreq                               0x24000b00   Data           1  stm32h7xx_hal.o(.data.uwTickFreq)
    uwTickPrio                               0x24000b04   Data           4  stm32h7xx_hal.o(.data.uwTickPrio)
    BMI088                                   0x24000b30   Data          64  bmi088driver.o(.bss.BMI088)
    BMI088_SPI                               0x24000b70   Data           4  bmi088middleware.o(.bss.BMI088_SPI)
    CHASSIS_TASKHandle                       0x24000b74   Data           4  freertos.o(.bss.CHASSIS_TASKHandle)
    PC_TxBuf                                 0x24000bbc   Data          22  pc_comm.o(.bss.PC_TxBuf)
    PC_TxFrame                               0x24000bd2   Data          22  pc_comm.o(.bss.PC_TxFrame)
    PS2_TASKHandle                           0x24000bec   Data           4  freertos.o(.bss.PS2_TASKHandle)
    RxHeader1                                0x24000bf0   Data          40  bsp_can.o(.bss.RxHeader1)
    RxHeader2                                0x24000c18   Data          40  bsp_can.o(.bss.RxHeader2)
    RxHeader3                                0x24000c40   Data          40  bsp_can.o(.bss.RxHeader3)
    Stepper_Rx_Info                          0x24000c78   Data          64  stepper_motor.o(.bss.Stepper_Rx_Info)
    SysTime                                  0x24000cb8   Data           8  bsp_dwt.o(.bss.SysTime)
    USBD_StrDesc                             0x24000cc4   Data         512  usbd_desc.o(.bss.USBD_StrDesc)
    Unitree_Rx_Info                          0x240010e8   Data          16  unitree_motor.o(.bss.Unitree_Rx_Info)
    UserRxBufferHS                           0x240010f8   Data        2048  usbd_cdc_if.o(.bss.UserRxBufferHS)
    UserTxBufferHS                           0x240018f8   Data        2048  usbd_cdc_if.o(.bss.UserTxBufferHS)
    defaultTaskHandle                        0x240020fc   Data           4  freertos.o(.bss.defaultTaskHandle)
    g_Can1RxData                             0x24002108   Data          64  bsp_can.o(.bss.g_Can1RxData)
    g_Can2RxData                             0x24002148   Data          64  bsp_can.o(.bss.g_Can2RxData)
    g_Can3RxData                             0x24002188   Data          64  bsp_can.o(.bss.g_Can3RxData)
    hUsbDeviceHS                             0x240021d4   Data         732  usb_device.o(.bss.hUsbDeviceHS)
    hdma_spi2_rx                             0x240024b0   Data         120  spi.o(.bss.hdma_spi2_rx)
    hdma_spi2_tx                             0x24002528   Data         120  spi.o(.bss.hdma_spi2_tx)
    hdma_uart5_rx                            0x240025a0   Data         120  usart.o(.bss.hdma_uart5_rx)
    hdma_usart10_rx                          0x24002618   Data         120  usart.o(.bss.hdma_usart10_rx)
    hdma_usart10_tx                          0x24002690   Data         120  usart.o(.bss.hdma_usart10_tx)
    hdma_usart2_rx                           0x24002708   Data         120  usart.o(.bss.hdma_usart2_rx)
    hdma_usart2_tx                           0x24002780   Data         120  usart.o(.bss.hdma_usart2_tx)
    hfdcan1                                  0x240027f8   Data         160  fdcan.o(.bss.hfdcan1)
    hfdcan2                                  0x24002898   Data         160  fdcan.o(.bss.hfdcan2)
    hfdcan3                                  0x24002938   Data         160  fdcan.o(.bss.hfdcan3)
    hpcd_USB_OTG_HS                          0x240029d8   Data        1292  usbd_conf.o(.bss.hpcd_USB_OTG_HS)
    hspi2                                    0x24002ee4   Data         136  spi.o(.bss.hspi2)
    htim2                                    0x24002f6c   Data          76  stm32h7xx_hal_timebase_tim.o(.bss.htim2)
    htim3                                    0x24002fb8   Data          76  tim.o(.bss.htim3)
    huart10                                  0x24003004   Data         148  usart.o(.bss.huart10)
    huart2                                   0x24003098   Data         148  usart.o(.bss.huart2)
    huart5                                   0x2400312c   Data         148  usart.o(.bss.huart5)
    pxCurrentTCB                             0x240031c0   Data           4  tasks.o(.bss.pxCurrentTCB)
    uwTick                                   0x2400aa64   Data           4  stm32h7xx_hal.o(.bss.uwTick)
    __initial_sp                             0x2400b320   Data           0  startup_stm32h723xx.o(STACK)



==============================================================================

Memory Map of the image

  Image Entry point : 0x080002cd

  Load Region LR_IROM1 (Base: 0x08000000, Size: 0x00019008, Max: 0x00100000, ABSOLUTE, COMPRESSED[0x00018618])

    Execution Region ER_IROM1 (Exec base: 0x08000000, Load base: 0x08000000, Size: 0x000184d8, Max: 0x00100000, ABSOLUTE)

    Exec Addr    Load Addr    Size         Type   Attr      Idx    E Section Name        Object

    0x08000000   0x08000000   0x000002cc   Data   RO            3    RESET               startup_stm32h723xx.o
    0x080002cc   0x080002cc   0x00000000   Code   RO         3872  * .ARM.Collect$$$$00000000  mc_w.l(entry.o)
    0x080002cc   0x080002cc   0x00000004   Code   RO         3931    .ARM.Collect$$$$00000001  mc_w.l(entry2.o)
    0x080002d0   0x080002d0   0x00000004   Code   RO         3934    .ARM.Collect$$$$00000004  mc_w.l(entry5.o)
    0x080002d4   0x080002d4   0x00000000   Code   RO         3936    .ARM.Collect$$$$00000008  mc_w.l(entry7b.o)
    0x080002d4   0x080002d4   0x00000000   Code   RO         3938    .ARM.Collect$$$$0000000A  mc_w.l(entry8b.o)
    0x080002d4   0x080002d4   0x00000008   Code   RO         3939    .ARM.Collect$$$$0000000B  mc_w.l(entry9a.o)
    0x080002dc   0x080002dc   0x00000000   Code   RO         3941    .ARM.Collect$$$$0000000D  mc_w.l(entry10a.o)
    0x080002dc   0x080002dc   0x00000000   Code   RO         3943    .ARM.Collect$$$$0000000F  mc_w.l(entry11a.o)
    0x080002dc   0x080002dc   0x00000004   Code   RO         3932    .ARM.Collect$$$$00002712  mc_w.l(entry2.o)
    0x080002e0   0x080002e0   0x00000024   Code   RO            4    .text               startup_stm32h723xx.o
    0x08000304   0x08000304   0x00000062   Code   RO         3875    .text               mc_w.l(uldiv.o)
    0x08000366   0x08000366   0x00000024   Code   RO         3881    .text               mc_w.l(memcpya.o)
    0x0800038a   0x0800038a   0x00000024   Code   RO         3883    .text               mc_w.l(memseta.o)
    0x080003ae   0x080003ae   0x0000001e   Code   RO         3945    .text               mc_w.l(llshl.o)
    0x080003cc   0x080003cc   0x00000020   Code   RO         3947    .text               mc_w.l(llushr.o)
    0x080003ec   0x080003ec   0x00000000   Code   RO         3958    .text               mc_w.l(iusefp.o)
    0x080003ec   0x080003ec   0x00000024   Code   RO         3959    .text               mc_w.l(init.o)
    0x08000410   0x08000410   0x0000003a   Code   RO         3969    .text               mc_w.l(__dczerorl.o)
    0x0800044a   0x0800044a   0x00000006   PAD
    0x08000450   0x08000450   0x00000014   Code   RO         2259    .text.BMI088_ACCEL_NS_H  bmi088middleware.o
    0x08000464   0x08000464   0x00000004   PAD
    0x08000468   0x08000468   0x00000014   Code   RO         2257    .text.BMI088_ACCEL_NS_L  bmi088middleware.o
    0x0800047c   0x0800047c   0x00000004   PAD
    0x08000480   0x08000480   0x00000014   Code   RO         2263    .text.BMI088_GYRO_NS_H  bmi088middleware.o
    0x08000494   0x08000494   0x00000004   PAD
    0x08000498   0x08000498   0x00000014   Code   RO         2261    .text.BMI088_GYRO_NS_L  bmi088middleware.o
    0x080004ac   0x080004ac   0x00000004   PAD
    0x080004b0   0x080004b0   0x000000cc   Code   RO         2217    .text.BMI088_init   bmi088driver.o
    0x0800057c   0x0800057c   0x00000004   PAD
    0x08000580   0x08000580   0x00000044   Code   RO         2227    .text.BMI088_read_muli_reg  bmi088driver.o
    0x080005c4   0x080005c4   0x00000004   PAD
    0x080005c8   0x080005c8   0x00000024   Code   RO         2231    .text.BMI088_read_single_reg  bmi088driver.o
    0x080005ec   0x080005ec   0x00000004   PAD
    0x080005f0   0x080005f0   0x00000030   Code   RO         2265    .text.BMI088_read_write_byte  bmi088middleware.o
    0x08000620   0x08000620   0x00000020   Code   RO         2229    .text.BMI088_write_single_reg  bmi088driver.o
    0x08000640   0x08000640   0x00000052   Code   RO         3262    .text.BSP_USART_Init  bsp_uart.o
    0x08000692   0x08000692   0x00000006   PAD
    0x08000698   0x08000698   0x00000004   Code   RO          152    .text.BusFault_Handler  stm32h7xx_it.o
    0x0800069c   0x0800069c   0x00000004   PAD
    0x080006a0   0x080006a0   0x0000005c   Code   RO         3423    .text.CDC_Control_HS  usbd_cdc_if.o
    0x080006fc   0x080006fc   0x00000004   PAD
    0x08000700   0x08000700   0x00000004   Code   RO         3421    .text.CDC_DeInit_HS  usbd_cdc_if.o
    0x08000704   0x08000704   0x00000004   PAD
    0x08000708   0x08000708   0x00000032   Code   RO         3419    .text.CDC_Init_HS   usbd_cdc_if.o
    0x0800073a   0x0800073a   0x00000006   PAD
    0x08000740   0x08000740   0x00000016   Code   RO         3425    .text.CDC_Receive_HS  usbd_cdc_if.o
    0x08000756   0x08000756   0x00000002   PAD
    0x08000758   0x08000758   0x00000018   Code   RO         3427    .text.CDC_TransmitCplt_HS  usbd_cdc_if.o
    0x08000770   0x08000770   0x00000060   Code   RO         3429    .text.CDC_Transmit_HS  usbd_cdc_if.o
    0x080007d0   0x080007d0   0x0000000e   Code   RO           39    .text.CHASSIS_Task  freertos.o
    0x080007de   0x080007de   0x00000002   PAD
    0x080007e0   0x080007e0   0x000007c0   Code   RO         2223    .text.Calibrate_MPU_Offset  bmi088driver.o
    0x08000fa0   0x08000fa0   0x0000004e   Code   RO         3181    .text.Chassis_Init  chassis_task.o
    0x08000fee   0x08000fee   0x00000002   PAD
    0x08000ff0   0x08000ff0   0x00000038   Code   RO         3183    .text.Chassis_Mode_Dispatch  chassis_task.o
    0x08001028   0x08001028   0x0000002a   Code   RO         3185    .text.Chassis_Motor_Output  chassis_task.o
    0x08001052   0x08001052   0x00000006   PAD
    0x08001058   0x08001058   0x0000001c   Code   RO         3193    .text.Chassis_NAV_Mode_Handler  chassis_task.o
    0x08001074   0x08001074   0x00000004   PAD
    0x08001078   0x08001078   0x00000008   Code   RO         3191    .text.Chassis_RC_Mode_Handler  chassis_task.o
    0x08001080   0x08001080   0x00000108   Code   RO         3187    .text.Chassis_Set_Velocity  chassis_task.o
    0x08001188   0x08001188   0x00000020   Code   RO         3189    .text.Chassis_Stop  chassis_task.o
    0x080011a8   0x080011a8   0x00000010   Code   RO          158    .text.DMA1_Stream0_IRQHandler  stm32h7xx_it.o
    0x080011b8   0x080011b8   0x00000010   Code   RO          160    .text.DMA1_Stream1_IRQHandler  stm32h7xx_it.o
    0x080011c8   0x080011c8   0x00000010   Code   RO          162    .text.DMA1_Stream2_IRQHandler  stm32h7xx_it.o
    0x080011d8   0x080011d8   0x00000010   Code   RO          164    .text.DMA1_Stream3_IRQHandler  stm32h7xx_it.o
    0x080011e8   0x080011e8   0x00000010   Code   RO          166    .text.DMA1_Stream4_IRQHandler  stm32h7xx_it.o
    0x080011f8   0x080011f8   0x00000010   Code   RO          168    .text.DMA1_Stream5_IRQHandler  stm32h7xx_it.o
    0x08001208   0x08001208   0x00000010   Code   RO          170    .text.DMA1_Stream6_IRQHandler  stm32h7xx_it.o
    0x08001218   0x08001218   0x000001ca   Code   RO          687    .text.DMA_CalcBaseAndBitshift  stm32h7xx_hal_dma.o
    0x080013e2   0x080013e2   0x00000006   PAD
    0x080013e8   0x080013e8   0x00000178   Code   RO          689    .text.DMA_CalcDMAMUXChannelBaseAndMask  stm32h7xx_hal_dma.o
    0x08001560   0x08001560   0x0000012a   Code   RO          691    .text.DMA_CalcDMAMUXRequestGenBaseAndMask  stm32h7xx_hal_dma.o
    0x0800168a   0x0800168a   0x00000006   PAD
    0x08001690   0x08001690   0x000000f0   Code   RO          685    .text.DMA_CheckFifoParam  stm32h7xx_hal_dma.o
    0x08001780   0x08001780   0x00000514   Code   RO          697    .text.DMA_SetConfig  stm32h7xx_hal_dma.o
    0x08001c94   0x08001c94   0x00000004   PAD
    0x08001c98   0x08001c98   0x00000040   Code   RO         3223    .text.DWT_CNT_Update  bsp_dwt.o
    0x08001cd8   0x08001cd8   0x00000058   Code   RO         3235    .text.DWT_Delay     bsp_dwt.o
    0x08001d30   0x08001d30   0x00000050   Code   RO         3229    .text.DWT_GetTimeline_s  bsp_dwt.o
    0x08001d80   0x08001d80   0x00000088   Code   RO         3219    .text.DWT_Init      bsp_dwt.o
    0x08001e08   0x08001e08   0x000000fc   Code   RO         3227    .text.DWT_SysTimeUpdate  bsp_dwt.o
    0x08001f04   0x08001f04   0x00000004   PAD
    0x08001f08   0x08001f08   0x00000002   Code   RO          156    .text.DebugMon_Handler  stm32h7xx_it.o
    0x08001f0a   0x08001f0a   0x00000006   PAD
    0x08001f10   0x08001f10   0x000000b0   Code   RO         3195    .text.Diff_Wheel_Calc  chassis_task.o
    0x08001fc0   0x08001fc0   0x0000000e   Code   RO           15    .text.Error_Handler  main.o
    0x08001fce   0x08001fce   0x00000002   PAD
    0x08001fd0   0x08001fd0   0x00000082   Code   RO         3281    .text.FDCAN1_Config  bsp_can.o
    0x08002052   0x08002052   0x00000006   PAD
    0x08002058   0x08002058   0x00000010   Code   RO          172    .text.FDCAN1_IT0_IRQHandler  stm32h7xx_it.o
    0x08002068   0x08002068   0x00000082   Code   RO         3283    .text.FDCAN2_Config  bsp_can.o
    0x080020ea   0x080020ea   0x00000006   PAD
    0x080020f0   0x080020f0   0x00000010   Code   RO          174    .text.FDCAN2_IT0_IRQHandler  stm32h7xx_it.o
    0x08002100   0x08002100   0x00000082   Code   RO         3285    .text.FDCAN3_Config  bsp_can.o
    0x08002182   0x08002182   0x00000006   PAD
    0x08002188   0x08002188   0x00000010   Code   RO          188    .text.FDCAN3_IT0_IRQHandler  stm32h7xx_it.o
    0x08002198   0x08002198   0x000002c2   Code   RO         1331    .text.FDCAN_CalcultateRamBlockAddresses  stm32h7xx_hal_fdcan.o
    0x0800245a   0x0800245a   0x00000006   PAD
    0x08002460   0x08002460   0x00000066   Code   RO         2661    .text.Get_CRC16_Check_Sum  crc.o
    0x080024c6   0x080024c6   0x00000002   PAD
    0x080024c8   0x080024c8   0x0000005c   Code   RO         3399    .text.Get_SerialNum  usbd_desc.o
    0x08002524   0x08002524   0x00000004   PAD
    0x08002528   0x08002528   0x00000978   Code   RO          701    .text.HAL_DMA_Abort  stm32h7xx_hal_dma.o
    0x08002ea0   0x08002ea0   0x000006aa   Code   RO          703    .text.HAL_DMA_Abort_IT  stm32h7xx_hal_dma.o
    0x0800354a   0x0800354a   0x00000006   PAD
    0x08003550   0x08003550   0x000011c0   Code   RO          707    .text.HAL_DMA_IRQHandler  stm32h7xx_hal_dma.o
    0x08004710   0x08004710   0x00000962   Code   RO          683    .text.HAL_DMA_Init  stm32h7xx_hal_dma.o
    0x08005072   0x08005072   0x00000006   PAD
    0x08005078   0x08005078   0x00000702   Code   RO          699    .text.HAL_DMA_Start_IT  stm32h7xx_hal_dma.o
    0x0800577a   0x0800577a   0x00000006   PAD
    0x08005780   0x08005780   0x00000042   Code   RO         1016    .text.HAL_Delay     stm32h7xx_hal.o
    0x080057c2   0x080057c2   0x00000006   PAD
    0x080057c8   0x080057c8   0x000000fe   Code   RO         1479    .text.HAL_FDCAN_ActivateNotification  stm32h7xx_hal_fdcan.o
    0x080058c6   0x080058c6   0x00000002   PAD
    0x080058c8   0x080058c8   0x0000000a   Code   RO         1493    .text.HAL_FDCAN_ClockCalibrationCallback  stm32h7xx_hal_fdcan.o
    0x080058d2   0x080058d2   0x00000006   PAD
    0x080058d8   0x080058d8   0x00000116   Code   RO         1351    .text.HAL_FDCAN_ConfigFilter  stm32h7xx_hal_fdcan.o
    0x080059ee   0x080059ee   0x00000002   PAD
    0x080059f0   0x080059f0   0x0000005c   Code   RO         1353    .text.HAL_FDCAN_ConfigGlobalFilter  stm32h7xx_hal_fdcan.o
    0x08005a4c   0x08005a4c   0x00000004   PAD
    0x08005a50   0x08005a50   0x00000008   Code   RO         1521    .text.HAL_FDCAN_ErrorCallback  stm32h7xx_hal_fdcan.o
    0x08005a58   0x08005a58   0x0000000a   Code   RO         1511    .text.HAL_FDCAN_ErrorStatusCallback  stm32h7xx_hal_fdcan.o
    0x08005a62   0x08005a62   0x00000006   PAD
    0x08005a68   0x08005a68   0x000002fc   Code   RO         1411    .text.HAL_FDCAN_GetRxMessage  stm32h7xx_hal_fdcan.o
    0x08005d64   0x08005d64   0x00000004   PAD
    0x08005d68   0x08005d68   0x00000008   Code   RO         1489    .text.HAL_FDCAN_HighPriorityMessageCallback  stm32h7xx_hal_fdcan.o
    0x08005d70   0x08005d70   0x000005e2   Code   RO         1487    .text.HAL_FDCAN_IRQHandler  stm32h7xx_hal_fdcan.o
    0x08006352   0x08006352   0x00000006   PAD
    0x08006358   0x08006358   0x000003e0   Code   RO         1327    .text.HAL_FDCAN_Init  stm32h7xx_hal_fdcan.o
    0x08006738   0x08006738   0x0000025a   Code   RO           74    .text.HAL_FDCAN_MspInit  fdcan.o
    0x08006992   0x08006992   0x00000006   PAD
    0x08006998   0x08006998   0x00000008   Code   RO         1505    .text.HAL_FDCAN_RxBufferNewMessageCallback  stm32h7xx_hal_fdcan.o
    0x080069a0   0x080069a0   0x0000008e   Code   RO         3289    .text.HAL_FDCAN_RxFifo0Callback  bsp_can.o
    0x08006a2e   0x08006a2e   0x00000002   PAD
    0x08006a30   0x08006a30   0x00000052   Code   RO         3291    .text.HAL_FDCAN_RxFifo1Callback  bsp_can.o
    0x08006a82   0x08006a82   0x00000006   PAD
    0x08006a88   0x08006a88   0x00000050   Code   RO         1397    .text.HAL_FDCAN_Start  stm32h7xx_hal_fdcan.o
    0x08006ad8   0x08006ad8   0x0000000a   Code   RO         1519    .text.HAL_FDCAN_TT_GlobalTimeCallback  stm32h7xx_hal_fdcan.o
    0x08006ae2   0x08006ae2   0x00000006   PAD
    0x08006ae8   0x08006ae8   0x0000000a   Code   RO         1513    .text.HAL_FDCAN_TT_ScheduleSyncCallback  stm32h7xx_hal_fdcan.o
    0x08006af2   0x08006af2   0x00000006   PAD
    0x08006af8   0x08006af8   0x0000000c   Code   RO         1517    .text.HAL_FDCAN_TT_StopWatchCallback  stm32h7xx_hal_fdcan.o
    0x08006b04   0x08006b04   0x00000004   PAD
    0x08006b08   0x08006b08   0x0000000a   Code   RO         1515    .text.HAL_FDCAN_TT_TimeMarkCallback  stm32h7xx_hal_fdcan.o
    0x08006b12   0x08006b12   0x00000006   PAD
    0x08006b18   0x08006b18   0x00000008   Code   RO         1509    .text.HAL_FDCAN_TimeoutOccurredCallback  stm32h7xx_hal_fdcan.o
    0x08006b20   0x08006b20   0x00000008   Code   RO         1507    .text.HAL_FDCAN_TimestampWraparoundCallback  stm32h7xx_hal_fdcan.o
    0x08006b28   0x08006b28   0x0000000a   Code   RO         1491    .text.HAL_FDCAN_TxBufferAbortCallback  stm32h7xx_hal_fdcan.o
    0x08006b32   0x08006b32   0x00000006   PAD
    0x08006b38   0x08006b38   0x0000000a   Code   RO         1503    .text.HAL_FDCAN_TxBufferCompleteCallback  stm32h7xx_hal_fdcan.o
    0x08006b42   0x08006b42   0x00000006   PAD
    0x08006b48   0x08006b48   0x0000000a   Code   RO         1495    .text.HAL_FDCAN_TxEventFifoCallback  stm32h7xx_hal_fdcan.o
    0x08006b52   0x08006b52   0x00000006   PAD
    0x08006b58   0x08006b58   0x00000008   Code   RO         1501    .text.HAL_FDCAN_TxFifoEmptyCallback  stm32h7xx_hal_fdcan.o
    0x08006b60   0x08006b60   0x000003a8   Code   RO          631    .text.HAL_GPIO_Init  stm32h7xx_hal_gpio.o
    0x08006f08   0x08006f08   0x0000002e   Code   RO          635    .text.HAL_GPIO_ReadPin  stm32h7xx_hal_gpio.o
    0x08006f36   0x08006f36   0x00000002   PAD
    0x08006f38   0x08006f38   0x0000002e   Code   RO          637    .text.HAL_GPIO_WritePin  stm32h7xx_hal_gpio.o
    0x08006f66   0x08006f66   0x00000002   PAD
    0x08006f68   0x08006f68   0x0000000c   Code   RO         1008    .text.HAL_GetTick   stm32h7xx_hal.o
    0x08006f74   0x08006f74   0x00000004   PAD
    0x08006f78   0x08006f78   0x0000001a   Code   RO         1006    .text.HAL_IncTick   stm32h7xx_hal.o
    0x08006f92   0x08006f92   0x00000006   PAD
    0x08006f98   0x08006f98   0x0000007a   Code   RO          996    .text.HAL_Init      stm32h7xx_hal.o
    0x08007012   0x08007012   0x00000006   PAD
    0x08007018   0x08007018   0x000000d8   Code   RO          205    .text.HAL_InitTick  stm32h7xx_hal_timebase_tim.o
    0x080070f0   0x080070f0   0x00000032   Code   RO          197    .text.HAL_MspInit   stm32h7xx_hal_msp.o
    0x08007122   0x08007122   0x00000006   PAD
    0x08007128   0x08007128   0x00000014   Code   RO          935    .text.HAL_NVIC_EnableIRQ  stm32h7xx_hal_cortex.o
    0x0800713c   0x0800713c   0x00000004   PAD
    0x08007140   0x08007140   0x0000002e   Code   RO          927    .text.HAL_NVIC_SetPriority  stm32h7xx_hal_cortex.o
    0x0800716e   0x0800716e   0x00000002   PAD
    0x08007170   0x08007170   0x00000010   Code   RO          923    .text.HAL_NVIC_SetPriorityGrouping  stm32h7xx_hal_cortex.o
    0x08007180   0x08007180   0x00000036   Code   RO          304    .text.HAL_PCDEx_ActivateLPM  stm32h7xx_hal_pcd_ex.o
    0x080071b6   0x080071b6   0x00000002   PAD
    0x080071b8   0x080071b8   0x0000000c   Code   RO          316    .text.HAL_PCDEx_LPM_Callback  stm32h7xx_hal_pcd_ex.o
    0x080071c4   0x080071c4   0x00000004   PAD
    0x080071c8   0x080071c8   0x00000018   Code   RO          302    .text.HAL_PCDEx_SetRxFiFo  stm32h7xx_hal_pcd_ex.o
    0x080071e0   0x080071e0   0x0000009c   Code   RO          300    .text.HAL_PCDEx_SetTxFiFo  stm32h7xx_hal_pcd_ex.o
    0x0800727c   0x0800727c   0x00000004   PAD
    0x08007280   0x08007280   0x00000014   Code   RO         3463    .text.HAL_PCD_ConnectCallback  usbd_conf.o
    0x08007294   0x08007294   0x00000004   PAD
    0x08007298   0x08007298   0x00000026   Code   RO         3449    .text.HAL_PCD_DataInStageCallback  usbd_conf.o
    0x080072be   0x080072be   0x00000002   PAD
    0x080072c0   0x080072c0   0x00000028   Code   RO         3447    .text.HAL_PCD_DataOutStageCallback  usbd_conf.o
    0x080072e8   0x080072e8   0x00000014   Code   RO         3465    .text.HAL_PCD_DisconnectCallback  usbd_conf.o
    0x080072fc   0x080072fc   0x00000004   PAD
    0x08007300   0x08007300   0x0000005e   Code   RO          253    .text.HAL_PCD_EP_Abort  stm32h7xx_hal_pcd.o
    0x0800735e   0x0800735e   0x00000002   PAD
    0x08007360   0x08007360   0x000000a8   Code   RO          271    .text.HAL_PCD_EP_Close  stm32h7xx_hal_pcd.o
    0x08007408   0x08007408   0x000000c8   Code   RO          281    .text.HAL_PCD_EP_ClrStall  stm32h7xx_hal_pcd.o
    0x080074d0   0x080074d0   0x00000022   Code   RO          275    .text.HAL_PCD_EP_GetRxCount  stm32h7xx_hal_pcd.o
    0x080074f2   0x080074f2   0x00000006   PAD
    0x080074f8   0x080074f8   0x000000ea   Code   RO          269    .text.HAL_PCD_EP_Open  stm32h7xx_hal_pcd.o
    0x080075e2   0x080075e2   0x00000006   PAD
    0x080075e8   0x080075e8   0x0000006c   Code   RO          273    .text.HAL_PCD_EP_Receive  stm32h7xx_hal_pcd.o
    0x08007654   0x08007654   0x00000004   PAD
    0x08007658   0x08007658   0x000000de   Code   RO          279    .text.HAL_PCD_EP_SetStall  stm32h7xx_hal_pcd.o
    0x08007736   0x08007736   0x00000002   PAD
    0x08007738   0x08007738   0x0000006c   Code   RO          277    .text.HAL_PCD_EP_Transmit  stm32h7xx_hal_pcd.o
    0x080077a4   0x080077a4   0x00000004   PAD
    0x080077a8   0x080077a8   0x0000088c   Code   RO          231    .text.HAL_PCD_IRQHandler  stm32h7xx_hal_pcd.o
    0x08008034   0x08008034   0x00000004   PAD
    0x08008038   0x08008038   0x0000001c   Code   RO         3461    .text.HAL_PCD_ISOINIncompleteCallback  usbd_conf.o
    0x08008054   0x08008054   0x00000004   PAD
    0x08008058   0x08008058   0x0000001c   Code   RO         3459    .text.HAL_PCD_ISOOUTIncompleteCallback  usbd_conf.o
    0x08008074   0x08008074   0x00000004   PAD
    0x08008078   0x08008078   0x000002c4   Code   RO          219    .text.HAL_PCD_Init  stm32h7xx_hal_pcd.o
    0x0800833c   0x0800833c   0x00000004   PAD
    0x08008340   0x08008340   0x00000078   Code   RO         3441    .text.HAL_PCD_MspInit  usbd_conf.o
    0x080083b8   0x080083b8   0x00000052   Code   RO         3453    .text.HAL_PCD_ResetCallback  usbd_conf.o
    0x0800840a   0x0800840a   0x00000006   PAD
    0x08008410   0x08008410   0x00000014   Code   RO         3457    .text.HAL_PCD_ResumeCallback  usbd_conf.o
    0x08008424   0x08008424   0x00000004   PAD
    0x08008428   0x08008428   0x00000014   Code   RO         3451    .text.HAL_PCD_SOFCallback  usbd_conf.o
    0x0800843c   0x0800843c   0x00000004   PAD
    0x08008440   0x08008440   0x0000005e   Code   RO          267    .text.HAL_PCD_SetAddress  stm32h7xx_hal_pcd.o
    0x0800849e   0x0800849e   0x00000002   PAD
    0x080084a0   0x080084a0   0x00000018   Code   RO         3445    .text.HAL_PCD_SetupStageCallback  usbd_conf.o
    0x080084b8   0x080084b8   0x0000007c   Code   RO          227    .text.HAL_PCD_Start  stm32h7xx_hal_pcd.o
    0x08008534   0x08008534   0x00000004   PAD
    0x08008538   0x08008538   0x0000003e   Code   RO         3455    .text.HAL_PCD_SuspendCallback  usbd_conf.o
    0x08008576   0x08008576   0x00000002   PAD
    0x08008578   0x08008578   0x000000a2   Code   RO          840    .text.HAL_PWREx_ConfigSupply  stm32h7xx_hal_pwr_ex.o
    0x0800861a   0x0800861a   0x00000006   PAD
    0x08008620   0x08008620   0x00000012   Code   RO          890    .text.HAL_PWREx_EnableUSBVoltageDetector  stm32h7xx_hal_pwr_ex.o
    0x08008632   0x08008632   0x00000006   PAD
    0x08008638   0x08008638   0x00000026   Code   RO          481    .text.HAL_RCCEx_GetD3PCLK1Freq  stm32h7xx_hal_rcc_ex.o
    0x0800865e   0x0800865e   0x00000002   PAD
    0x08008660   0x08008660   0x000002ac   Code   RO          477    .text.HAL_RCCEx_GetPLL2ClockFreq  stm32h7xx_hal_rcc_ex.o
    0x0800890c   0x0800890c   0x00000004   PAD
    0x08008910   0x08008910   0x000002ac   Code   RO          479    .text.HAL_RCCEx_GetPLL3ClockFreq  stm32h7xx_hal_rcc_ex.o
    0x08008bbc   0x08008bbc   0x00000004   PAD
    0x08008bc0   0x08008bc0   0x00000fec   Code   RO          465    .text.HAL_RCCEx_PeriphCLKConfig  stm32h7xx_hal_rcc_ex.o
    0x08009bac   0x08009bac   0x00000004   PAD
    0x08009bb0   0x08009bb0   0x00000498   Code   RO          434    .text.HAL_RCC_ClockConfig  stm32h7xx_hal_rcc.o
    0x0800a048   0x0800a048   0x00000088   Code   RO          452    .text.HAL_RCC_GetClockConfig  stm32h7xx_hal_rcc.o
    0x0800a0d0   0x0800a0d0   0x00000056   Code   RO          444    .text.HAL_RCC_GetHCLKFreq  stm32h7xx_hal_rcc.o
    0x0800a126   0x0800a126   0x00000002   PAD
    0x0800a128   0x0800a128   0x00000026   Code   RO          446    .text.HAL_RCC_GetPCLK1Freq  stm32h7xx_hal_rcc.o
    0x0800a14e   0x0800a14e   0x00000002   PAD
    0x0800a150   0x0800a150   0x00000026   Code   RO          448    .text.HAL_RCC_GetPCLK2Freq  stm32h7xx_hal_rcc.o
    0x0800a176   0x0800a176   0x00000002   PAD
    0x0800a178   0x0800a178   0x00000310   Code   RO          436    .text.HAL_RCC_GetSysClockFreq  stm32h7xx_hal_rcc.o
    0x0800a488   0x0800a488   0x00000a20   Code   RO          432    .text.HAL_RCC_OscConfig  stm32h7xx_hal_rcc.o
    0x0800aea8   0x0800aea8   0x000000d0   Code   RO         2156    .text.HAL_RS485Ex_Init  stm32h7xx_hal_uart_ex.o
    0x0800af78   0x0800af78   0x00000008   Code   RO         1616    .text.HAL_SPI_ErrorCallback  stm32h7xx_hal_spi.o
    0x0800af80   0x0800af80   0x00000390   Code   RO         1612    .text.HAL_SPI_IRQHandler  stm32h7xx_hal_spi.o
    0x0800b310   0x0800b310   0x00000292   Code   RO         1536    .text.HAL_SPI_Init  stm32h7xx_hal_spi.o
    0x0800b5a2   0x0800b5a2   0x00000006   PAD
    0x0800b5a8   0x0800b5a8   0x000001b8   Code   RO           91    .text.HAL_SPI_MspInit  spi.o
    0x0800b760   0x0800b760   0x00000008   Code   RO         1620    .text.HAL_SPI_RxCpltCallback  stm32h7xx_hal_spi.o
    0x0800b768   0x0800b768   0x00000008   Code   RO         1614    .text.HAL_SPI_SuspendCallback  stm32h7xx_hal_spi.o
    0x0800b770   0x0800b770   0x000004ba   Code   RO         1554    .text.HAL_SPI_TransmitReceive  stm32h7xx_hal_spi.o
    0x0800bc2a   0x0800bc2a   0x00000006   PAD
    0x0800bc30   0x0800bc30   0x00000008   Code   RO         1622    .text.HAL_SPI_TxCpltCallback  stm32h7xx_hal_spi.o
    0x0800bc38   0x0800bc38   0x00000008   Code   RO         1618    .text.HAL_SPI_TxRxCpltCallback  stm32h7xx_hal_spi.o
    0x0800bc40   0x0800bc40   0x00000008   Code   RO         1995    .text.HAL_TIMEx_Break2Callback  stm32h7xx_hal_tim_ex.o
    0x0800bc48   0x0800bc48   0x00000008   Code   RO         1993    .text.HAL_TIMEx_BreakCallback  stm32h7xx_hal_tim_ex.o
    0x0800bc50   0x0800bc50   0x00000008   Code   RO         1989    .text.HAL_TIMEx_CommutCallback  stm32h7xx_hal_tim_ex.o
    0x0800bc58   0x0800bc58   0x0000017c   Code   RO         1973    .text.HAL_TIMEx_MasterConfigSynchronization  stm32h7xx_hal_tim_ex.o
    0x0800bdd4   0x0800bdd4   0x00000004   PAD
    0x0800bdd8   0x0800bdd8   0x000000a8   Code   RO         1656    .text.HAL_TIM_Base_Init  stm32h7xx_hal_tim.o
    0x0800be80   0x0800be80   0x00000008   Code   RO         1658    .text.HAL_TIM_Base_MspInit  stm32h7xx_hal_tim.o
    0x0800be88   0x0800be88   0x00000128   Code   RO         1670    .text.HAL_TIM_Base_Start_IT  stm32h7xx_hal_tim.o
    0x0800bfb0   0x0800bfb0   0x00000008   Code   RO         1792    .text.HAL_TIM_IC_CaptureCallback  stm32h7xx_hal_tim.o
    0x0800bfb8   0x0800bfb8   0x000002b4   Code   RO         1790    .text.HAL_TIM_IRQHandler  stm32h7xx_hal_tim.o
    0x0800c26c   0x0800c26c   0x00000004   PAD
    0x0800c270   0x0800c270   0x00000064   Code   RO          107    .text.HAL_TIM_MspPostInit  tim.o
    0x0800c2d4   0x0800c2d4   0x00000004   PAD
    0x0800c2d8   0x0800c2d8   0x00000008   Code   RO         1794    .text.HAL_TIM_OC_DelayElapsedCallback  stm32h7xx_hal_tim.o
    0x0800c2e0   0x0800c2e0   0x000001b0   Code   RO         1826    .text.HAL_TIM_PWM_ConfigChannel  stm32h7xx_hal_tim.o
    0x0800c490   0x0800c490   0x000000a8   Code   RO         1710    .text.HAL_TIM_PWM_Init  stm32h7xx_hal_tim.o
    0x0800c538   0x0800c538   0x0000003a   Code   RO          109    .text.HAL_TIM_PWM_MspInit  tim.o
    0x0800c572   0x0800c572   0x00000006   PAD
    0x0800c578   0x0800c578   0x00000008   Code   RO         1796    .text.HAL_TIM_PWM_PulseFinishedCallback  stm32h7xx_hal_tim.o
    0x0800c580   0x0800c580   0x0000001c   Code   RO           17    .text.HAL_TIM_PeriodElapsedCallback  main.o
    0x0800c59c   0x0800c59c   0x00000004   PAD
    0x0800c5a0   0x0800c5a0   0x00000008   Code   RO         1800    .text.HAL_TIM_TriggerCallback  stm32h7xx_hal_tim.o
    0x0800c5a8   0x0800c5a8   0x0000007c   Code   RO         2178    .text.HAL_UARTEx_DisableFifoMode  stm32h7xx_hal_uart_ex.o
    0x0800c624   0x0800c624   0x00000004   PAD
    0x0800c628   0x0800c628   0x00000066   Code   RO         3266    .text.HAL_UARTEx_RxEventCallback  bsp_uart.o
    0x0800c68e   0x0800c68e   0x00000002   PAD
    0x0800c690   0x0800c690   0x00000008   Code   RO         2160    .text.HAL_UARTEx_RxFifoFullCallback  stm32h7xx_hal_uart_ex.o
    0x0800c698   0x0800c698   0x0000008c   Code   RO         2182    .text.HAL_UARTEx_SetRxFifoThreshold  stm32h7xx_hal_uart_ex.o
    0x0800c724   0x0800c724   0x00000004   PAD
    0x0800c728   0x0800c728   0x0000008c   Code   RO         2180    .text.HAL_UARTEx_SetTxFifoThreshold  stm32h7xx_hal_uart_ex.o
    0x0800c7b4   0x0800c7b4   0x00000004   PAD
    0x0800c7b8   0x0800c7b8   0x00000008   Code   RO         2162    .text.HAL_UARTEx_TxFifoEmptyCallback  stm32h7xx_hal_uart_ex.o
    0x0800c7c0   0x0800c7c0   0x00000008   Code   RO         2158    .text.HAL_UARTEx_WakeupCallback  stm32h7xx_hal_uart_ex.o
    0x0800c7c8   0x0800c7c8   0x00000008   Code   RO         2100    .text.HAL_UART_ErrorCallback  stm32h7xx_hal_uart.o
    0x0800c7d0   0x0800c7d0   0x000006c8   Code   RO         2096    .text.HAL_UART_IRQHandler  stm32h7xx_hal_uart.o
    0x0800ce98   0x0800ce98   0x000000aa   Code   RO         2008    .text.HAL_UART_Init  stm32h7xx_hal_uart.o
    0x0800cf42   0x0800cf42   0x00000006   PAD
    0x0800cf48   0x0800cf48   0x0000041e   Code   RO          127    .text.HAL_UART_MspInit  usart.o
    0x0800d366   0x0800d366   0x00000002   PAD
    0x0800d368   0x0800d368   0x00000108   Code   RO         2048    .text.HAL_UART_Transmit_DMA  stm32h7xx_hal_uart.o
    0x0800d470   0x0800d470   0x00000008   Code   RO         2106    .text.HAL_UART_TxCpltCallback  stm32h7xx_hal_uart.o
    0x0800d478   0x0800d478   0x00000008   Code   RO         2108    .text.HAL_UART_TxHalfCpltCallback  stm32h7xx_hal_uart.o
    0x0800d480   0x0800d480   0x00000004   Code   RO          148    .text.HardFault_Handler  stm32h7xx_it.o
    0x0800d484   0x0800d484   0x00000004   PAD
    0x0800d488   0x0800d488   0x00000076   Code   RO         3403    .text.IntToUnicode  usbd_desc.o
    0x0800d4fe   0x0800d4fe   0x00000002   PAD
    0x0800d500   0x0800d500   0x000000aa   Code   RO           60    .text.MX_DMA_Init   dma.o
    0x0800d5aa   0x0800d5aa   0x00000006   PAD
    0x0800d5b0   0x0800d5b0   0x00000076   Code   RO           68    .text.MX_FDCAN1_Init  fdcan.o
    0x0800d626   0x0800d626   0x00000002   PAD
    0x0800d628   0x0800d628   0x0000007a   Code   RO           70    .text.MX_FDCAN2_Init  fdcan.o
    0x0800d6a2   0x0800d6a2   0x00000006   PAD
    0x0800d6a8   0x0800d6a8   0x0000007a   Code   RO           72    .text.MX_FDCAN3_Init  fdcan.o
    0x0800d722   0x0800d722   0x00000006   PAD
    0x0800d728   0x0800d728   0x000000bc   Code   RO           35    .text.MX_FREERTOS_Init  freertos.o
    0x0800d7e4   0x0800d7e4   0x00000004   PAD
    0x0800d7e8   0x0800d7e8   0x000001ba   Code   RO           27    .text.MX_GPIO_Init  gpio.o
    0x0800d9a2   0x0800d9a2   0x00000006   PAD
    0x0800d9a8   0x0800d9a8   0x0000006e   Code   RO           89    .text.MX_SPI2_Init  spi.o
    0x0800da16   0x0800da16   0x00000002   PAD
    0x0800da18   0x0800da18   0x000000a2   Code   RO          105    .text.MX_TIM3_Init  tim.o
    0x0800daba   0x0800daba   0x00000006   PAD
    0x0800dac0   0x0800dac0   0x0000009c   Code   RO          121    .text.MX_UART5_Init  usart.o
    0x0800db5c   0x0800db5c   0x00000004   PAD
    0x0800db60   0x0800db60   0x0000008e   Code   RO          125    .text.MX_USART10_UART_Init  usart.o
    0x0800dbee   0x0800dbee   0x00000002   PAD
    0x0800dbf0   0x0800dbf0   0x00000096   Code   RO          123    .text.MX_USART2_UART_Init  usart.o
    0x0800dc86   0x0800dc86   0x00000002   PAD
    0x0800dc88   0x0800dc88   0x0000007a   Code   RO         3376    .text.MX_USB_DEVICE_Init  usb_device.o
    0x0800dd02   0x0800dd02   0x00000006   PAD
    0x0800dd08   0x0800dd08   0x00000004   Code   RO          150    .text.MemManage_Handler  stm32h7xx_it.o
    0x0800dd0c   0x0800dd0c   0x00000004   PAD
    0x0800dd10   0x0800dd10   0x00000004   Code   RO          146    .text.NMI_Handler   stm32h7xx_it.o
    0x0800dd14   0x0800dd14   0x00000004   PAD
    0x0800dd18   0x0800dd18   0x0000006c   Code   RO          933    .text.NVIC_EncodePriority  stm32h7xx_hal_cortex.o
    0x0800dd84   0x0800dd84   0x00000004   PAD
    0x0800dd88   0x0800dd88   0x00000010   Code   RO          184    .text.OTG_HS_IRQHandler  stm32h7xx_it.o
    0x0800dd98   0x0800dd98   0x0000008a   Code   RO          235    .text.PCD_EP_OutSetupPacket_int  stm32h7xx_hal_pcd.o
    0x0800de22   0x0800de22   0x00000006   PAD
    0x0800de28   0x0800de28   0x000001c8   Code   RO          233    .text.PCD_EP_OutXfrComplete_int  stm32h7xx_hal_pcd.o
    0x0800dff0   0x0800dff0   0x00000132   Code   RO          243    .text.PCD_WriteEmptyTxFifo  stm32h7xx_hal_pcd.o
    0x0800e122   0x0800e122   0x00000006   PAD
    0x0800e128   0x0800e128   0x0000006a   Code   RO         2406    .text.PC_Info_Update  pc_comm.o
    0x0800e192   0x0800e192   0x00000006   PAD
    0x0800e198   0x0800e198   0x00000074   Code   RO         2410    .text.PC_Info_Upload  pc_comm.o
    0x0800e20c   0x0800e20c   0x00000004   PAD
    0x0800e210   0x0800e210   0x0000016c   Code   RO         3209    .text.PS2_Ctrl_Chassis  ps2_task.o
    0x0800e37c   0x0800e37c   0x00000004   PAD
    0x0800e380   0x0800e380   0x00000036   Code   RO         2425    .text.PS2_Init      ps2_device.o
    0x0800e3b6   0x0800e3b6   0x00000002   PAD
    0x0800e3b8   0x0800e3b8   0x0000006a   Code   RO         3207    .text.PS2_Mode_Switch  ps2_task.o
    0x0800e422   0x0800e422   0x00000006   PAD
    0x0800e428   0x0800e428   0x000000d8   Code   RO         2429    .text.PS2_ReadWriteData  ps2_device.o
    0x0800e500   0x0800e500   0x00000100   Code   RO         2427    .text.PS2_ScanKey   ps2_device.o
    0x0800e600   0x0800e600   0x0000000e   Code   RO           41    .text.PS2_Task      freertos.o
    0x0800e60e   0x0800e60e   0x00000002   PAD
    0x0800e610   0x0800e610   0x00000034   Code   RO         3205    .text.PS2_task      ps2_task.o
    0x0800e644   0x0800e644   0x0000000c   PAD
    0x0800e650   0x0800e650   0x00000064   Code   RO         3139    .text.PendSV_Handler  port.o
    0x0800e6b4   0x0800e6b4   0x00000004   PAD
    0x0800e6b8   0x0800e6b8   0x000001ca   Code   RO          467    .text.RCCEx_PLL2_Config  stm32h7xx_hal_rcc_ex.o
    0x0800e882   0x0800e882   0x00000006   PAD
    0x0800e888   0x0800e888   0x000001ca   Code   RO          469    .text.RCCEx_PLL3_Config  stm32h7xx_hal_rcc_ex.o
    0x0800ea52   0x0800ea52   0x00000006   PAD
    0x0800ea58   0x0800ea58   0x00000042   Code   RO         2408    .text.RX_Sum_L8     pc_comm.o
    0x0800ea9a   0x0800ea9a   0x00000006   PAD
    0x0800eaa0   0x0800eaa0   0x00000130   Code   RO         2275    .text.SBUS_TO_RC    remote_control.o
    0x0800ebd0   0x0800ebd0   0x00000010   Code   RO          178    .text.SPI2_IRQHandler  stm32h7xx_it.o
    0x0800ebe0   0x0800ebe0   0x00000116   Code   RO         1548    .text.SPI_CloseTransfer  stm32h7xx_hal_spi.o
    0x0800ecf6   0x0800ecf6   0x00000002   PAD
    0x0800ecf8   0x0800ecf8   0x0000002c   Code   RO         1624    .text.SPI_DMAAbortOnError  stm32h7xx_hal_spi.o
    0x0800ed24   0x0800ed24   0x00000004   PAD
    0x0800ed28   0x0800ed28   0x0000002a   Code   RO         1538    .text.SPI_GetPacketSize  stm32h7xx_hal_spi.o
    0x0800ed52   0x0800ed52   0x00000006   PAD
    0x0800ed58   0x0800ed58   0x00000068   Code   RO         1550    .text.SPI_WaitOnFlagUntilTimeout  stm32h7xx_hal_spi.o
    0x0800edc0   0x0800edc0   0x00000024   Code   RO         3123    .text.SVC_Handler   port.o
    0x0800ede4   0x0800ede4   0x00000004   PAD
    0x0800ede8   0x0800ede8   0x00000036   Code   RO         3591    .text.SWAPBYTE      usbd_ctlreq.o
    0x0800ee1e   0x0800ee1e   0x00000002   PAD
    0x0800ee20   0x0800ee20   0x00000014   Code   RO           37    .text.StartDefaultTask  freertos.o
    0x0800ee34   0x0800ee34   0x00000004   PAD
    0x0800ee38   0x0800ee38   0x00000052   Code   RO         2381    .text.Stepper_ID_Select  stepper_motor.o
    0x0800ee8a   0x0800ee8a   0x00000006   PAD
    0x0800ee90   0x0800ee90   0x00000220   Code   RO         2383    .text.Stepper_Motor_Info_Update  stepper_motor.o
    0x0800f0b0   0x0800f0b0   0x00000048   Code   RO         2365    .text.Stepper_Motor_Set_Cmd  stepper_motor.o
    0x0800f0f8   0x0800f0f8   0x00000086   Code   RO         2371    .text.Stepper_Motor_Set_Speed  stepper_motor.o
    0x0800f17e   0x0800f17e   0x00000002   PAD
    0x0800f180   0x0800f180   0x0000026a   Code   RO         2379    .text.Stepper_RxInfo_Unpack  stepper_motor.o
    0x0800f3ea   0x0800f3ea   0x00000006   PAD
    0x0800f3f0   0x0800f3f0   0x00000072   Code   RO         2385    .text.Stepper_Turn_sign  stepper_motor.o
    0x0800f462   0x0800f462   0x00000006   PAD
    0x0800f468   0x0800f468   0x0000003c   Code   RO         3141    .text.SysTick_Handler  port.o
    0x0800f4a4   0x0800f4a4   0x00000004   PAD
    0x0800f4a8   0x0800f4a8   0x000000d0   Code   RO           13    .text.SystemClock_Config  main.o
    0x0800f578   0x0800f578   0x0000013a   Code   RO         2201    .text.SystemInit    system_stm32h7xx.o
    0x0800f6b2   0x0800f6b2   0x00000006   PAD
    0x0800f6b8   0x0800f6b8   0x00000010   Code   RO          176    .text.TIM2_IRQHandler  stm32h7xx_it.o
    0x0800f6c8   0x0800f6c8   0x000001ba   Code   RO         1660    .text.TIM_Base_SetConfig  stm32h7xx_hal_tim.o
    0x0800f882   0x0800f882   0x00000006   PAD
    0x0800f888   0x0800f888   0x00000150   Code   RO         1804    .text.TIM_OC1_SetConfig  stm32h7xx_hal_tim.o
    0x0800f9d8   0x0800f9d8   0x0000016c   Code   RO         1806    .text.TIM_OC2_SetConfig  stm32h7xx_hal_tim.o
    0x0800fb44   0x0800fb44   0x00000004   PAD
    0x0800fb48   0x0800fb48   0x0000016a   Code   RO         1808    .text.TIM_OC3_SetConfig  stm32h7xx_hal_tim.o
    0x0800fcb2   0x0800fcb2   0x00000006   PAD
    0x0800fcb8   0x0800fcb8   0x000000da   Code   RO         1810    .text.TIM_OC4_SetConfig  stm32h7xx_hal_tim.o
    0x0800fd92   0x0800fd92   0x00000006   PAD
    0x0800fd98   0x0800fd98   0x000000d0   Code   RO         1812    .text.TIM_OC5_SetConfig  stm32h7xx_hal_tim.o
    0x0800fe68   0x0800fe68   0x000000d2   Code   RO         1814    .text.TIM_OC6_SetConfig  stm32h7xx_hal_tim.o
    0x0800ff3a   0x0800ff3a   0x00000006   PAD
    0x0800ff40   0x0800ff40   0x00000042   Code   RO         2412    .text.TX_XOR_Checksum  pc_comm.o
    0x0800ff82   0x0800ff82   0x00000006   PAD
    0x0800ff88   0x0800ff88   0x00000010   Code   RO          182    .text.UART5_IRQHandler  stm32h7xx_it.o
    0x0800ff98   0x0800ff98   0x00000086   Code   RO         2176    .text.UARTEx_SetNbDataToProcess  stm32h7xx_hal_uart_ex.o
    0x0801001e   0x0801001e   0x00000002   PAD
    0x08010020   0x08010020   0x00000148   Code   RO         2014    .text.UART_AdvFeatureConfig  stm32h7xx_hal_uart.o
    0x08010168   0x08010168   0x00000146   Code   RO         2016    .text.UART_CheckIdleState  stm32h7xx_hal_uart.o
    0x080102ae   0x080102ae   0x00000002   PAD
    0x080102b0   0x080102b0   0x00000024   Code   RO         2098    .text.UART_DMAAbortOnError  stm32h7xx_hal_uart.o
    0x080102d4   0x080102d4   0x00000004   PAD
    0x080102d8   0x080102d8   0x00000080   Code   RO         2054    .text.UART_DMAError  stm32h7xx_hal_uart.o
    0x08010358   0x08010358   0x0000007a   Code   RO         2050    .text.UART_DMATransmitCplt  stm32h7xx_hal_uart.o
    0x080103d2   0x080103d2   0x00000006   PAD
    0x080103d8   0x080103d8   0x00000016   Code   RO         2052    .text.UART_DMATxHalfCplt  stm32h7xx_hal_uart.o
    0x080103ee   0x080103ee   0x00000002   PAD
    0x080103f0   0x080103f0   0x0000009e   Code   RO         2068    .text.UART_EndRxTransfer  stm32h7xx_hal_uart.o
    0x0801048e   0x0801048e   0x00000002   PAD
    0x08010490   0x08010490   0x00000044   Code   RO         2104    .text.UART_EndTransmit_IT  stm32h7xx_hal_uart.o
    0x080104d4   0x080104d4   0x00000004   PAD
    0x080104d8   0x080104d8   0x0000005c   Code   RO         2066    .text.UART_EndTxTransfer  stm32h7xx_hal_uart.o
    0x08010534   0x08010534   0x00000004   PAD
    0x08010538   0x08010538   0x00000a4e   Code   RO         2012    .text.UART_SetConfig  stm32h7xx_hal_uart.o
    0x08010f86   0x08010f86   0x00000002   PAD
    0x08010f88   0x08010f88   0x000000fc   Code   RO         2030    .text.UART_WaitOnFlagUntilTimeout  stm32h7xx_hal_uart.o
    0x08011084   0x08011084   0x00000004   PAD
    0x08011088   0x08011088   0x00000010   Code   RO          186    .text.USART10_IRQHandler  stm32h7xx_it.o
    0x08011098   0x08011098   0x00000010   Code   RO          180    .text.USART2_IRQHandler  stm32h7xx_it.o
    0x080110a8   0x080110a8   0x00000388   Code   RO         3264    .text.USART_RxDMA_MultiBuffer_Init  bsp_uart.o
    0x08011430   0x08011430   0x000000f4   Code   RO         3634    .text.USBD_CDC_DataIn  usbd_cdc.o
    0x08011524   0x08011524   0x00000004   PAD
    0x08011528   0x08011528   0x00000070   Code   RO         3636    .text.USBD_CDC_DataOut  usbd_cdc.o
    0x08011598   0x08011598   0x000000ec   Code   RO         3628    .text.USBD_CDC_DeInit  usbd_cdc.o
    0x08011684   0x08011684   0x00000004   PAD
    0x08011688   0x08011688   0x00000078   Code   RO         3632    .text.USBD_CDC_EP0_RxReady  usbd_cdc.o
    0x08011700   0x08011700   0x00000016   Code   RO         3644    .text.USBD_CDC_GetDeviceQualifierDescriptor  usbd_cdc.o
    0x08011716   0x08011716   0x00000002   PAD
    0x08011718   0x08011718   0x0000006c   Code   RO         3640    .text.USBD_CDC_GetFSCfgDesc  usbd_cdc.o
    0x08011784   0x08011784   0x00000004   PAD
    0x08011788   0x08011788   0x00000070   Code   RO         3638    .text.USBD_CDC_GetHSCfgDesc  usbd_cdc.o
    0x080117f8   0x080117f8   0x0000006c   Code   RO         3642    .text.USBD_CDC_GetOtherSpeedCfgDesc  usbd_cdc.o
    0x08011864   0x08011864   0x00000004   PAD
    0x08011868   0x08011868   0x0000021c   Code   RO         3626    .text.USBD_CDC_Init  usbd_cdc.o
    0x08011a84   0x08011a84   0x00000004   PAD
    0x08011a88   0x08011a88   0x0000007e   Code   RO         3654    .text.USBD_CDC_ReceivePacket  usbd_cdc.o
    0x08011b06   0x08011b06   0x00000002   PAD
    0x08011b08   0x08011b08   0x00000034   Code   RO         3646    .text.USBD_CDC_RegisterInterface  usbd_cdc.o
    0x08011b3c   0x08011b3c   0x00000004   PAD
    0x08011b40   0x08011b40   0x0000003c   Code   RO         3650    .text.USBD_CDC_SetRxBuffer  usbd_cdc.o
    0x08011b7c   0x08011b7c   0x00000004   PAD
    0x08011b80   0x08011b80   0x00000046   Code   RO         3648    .text.USBD_CDC_SetTxBuffer  usbd_cdc.o
    0x08011bc6   0x08011bc6   0x00000002   PAD
    0x08011bc8   0x08011bc8   0x000001cc   Code   RO         3630    .text.USBD_CDC_Setup  usbd_cdc.o
    0x08011d94   0x08011d94   0x00000004   PAD
    0x08011d98   0x08011d98   0x00000088   Code   RO         3652    .text.USBD_CDC_TransmitPacket  usbd_cdc.o
    0x08011e20   0x08011e20   0x00000032   Code   RO         3526    .text.USBD_ClrClassConfig  usbd_core.o
    0x08011e52   0x08011e52   0x00000006   PAD
    0x08011e58   0x08011e58   0x00000040   Code   RO         3581    .text.USBD_ClrFeature  usbd_ctlreq.o
    0x08011e98   0x08011e98   0x0000000e   Code   RO         3534    .text.USBD_CoreFindEP  usbd_core.o
    0x08011ea6   0x08011ea6   0x00000002   PAD
    0x08011ea8   0x08011ea8   0x0000000e   Code   RO         3532    .text.USBD_CoreFindIF  usbd_core.o
    0x08011eb6   0x08011eb6   0x00000002   PAD
    0x08011eb8   0x08011eb8   0x0000001e   Code   RO         3611    .text.USBD_CtlContinueRx  usbd_ioreq.o
    0x08011ed6   0x08011ed6   0x00000002   PAD
    0x08011ed8   0x08011ed8   0x0000001e   Code   RO         3607    .text.USBD_CtlContinueSendData  usbd_ioreq.o
    0x08011ef6   0x08011ef6   0x00000002   PAD
    0x08011ef8   0x08011ef8   0x0000001c   Code   RO         3583    .text.USBD_CtlError  usbd_ctlreq.o
    0x08011f14   0x08011f14   0x00000004   PAD
    0x08011f18   0x08011f18   0x00000036   Code   RO         3609    .text.USBD_CtlPrepareRx  usbd_ioreq.o
    0x08011f4e   0x08011f4e   0x00000002   PAD
    0x08011f50   0x08011f50   0x00000022   Code   RO         3615    .text.USBD_CtlReceiveStatus  usbd_ioreq.o
    0x08011f72   0x08011f72   0x00000006   PAD
    0x08011f78   0x08011f78   0x00000032   Code   RO         3605    .text.USBD_CtlSendData  usbd_ioreq.o
    0x08011faa   0x08011faa   0x00000006   PAD
    0x08011fb0   0x08011fb0   0x00000022   Code   RO         3613    .text.USBD_CtlSendStatus  usbd_ioreq.o
    0x08011fd2   0x08011fd2   0x00000006   PAD
    0x08011fd8   0x08011fd8   0x00000064   Code   RO         3575    .text.USBD_GetConfig  usbd_ctlreq.o
    0x0801203c   0x0801203c   0x00000004   PAD
    0x08012040   0x08012040   0x0000031e   Code   RO         3569    .text.USBD_GetDescriptor  usbd_ctlreq.o
    0x0801235e   0x0801235e   0x00000002   PAD
    0x08012360   0x08012360   0x00000076   Code   RO         3556    .text.USBD_GetEpDesc  usbd_core.o
    0x080123d6   0x080123d6   0x00000002   PAD
    0x080123d8   0x080123d8   0x00000032   Code   RO         3595    .text.USBD_GetLen   usbd_ctlreq.o
    0x0801240a   0x0801240a   0x00000006   PAD
    0x08012410   0x08012410   0x00000026   Code   RO         3558    .text.USBD_GetNextDesc  usbd_core.o
    0x08012436   0x08012436   0x00000002   PAD
    0x08012438   0x08012438   0x00000062   Code   RO         3577    .text.USBD_GetStatus  usbd_ctlreq.o
    0x0801249a   0x0801249a   0x00000006   PAD
    0x080124a0   0x080124a0   0x00000098   Code   RO         3593    .text.USBD_GetString  usbd_ctlreq.o
    0x08012538   0x08012538   0x00000052   Code   RO         3471    .text.USBD_Get_USB_Status  usbd_conf.o
    0x0801258a   0x0801258a   0x00000006   PAD
    0x08012590   0x08012590   0x0000004e   Code   RO         3395    .text.USBD_HS_ConfigStrDescriptor  usbd_desc.o
    0x080125de   0x080125de   0x00000002   PAD
    0x080125e0   0x080125e0   0x0000001a   Code   RO         3385    .text.USBD_HS_DeviceDescriptor  usbd_desc.o
    0x080125fa   0x080125fa   0x00000006   PAD
    0x08012600   0x08012600   0x0000004e   Code   RO         3397    .text.USBD_HS_InterfaceStrDescriptor  usbd_desc.o
    0x0801264e   0x0801264e   0x00000002   PAD
    0x08012650   0x08012650   0x0000001a   Code   RO         3387    .text.USBD_HS_LangIDStrDescriptor  usbd_desc.o
    0x0801266a   0x0801266a   0x00000006   PAD
    0x08012670   0x08012670   0x00000028   Code   RO         3389    .text.USBD_HS_ManufacturerStrDescriptor  usbd_desc.o
    0x08012698   0x08012698   0x0000004e   Code   RO         3391    .text.USBD_HS_ProductStrDescriptor  usbd_desc.o
    0x080126e6   0x080126e6   0x00000002   PAD
    0x080126e8   0x080126e8   0x00000020   Code   RO         3393    .text.USBD_HS_SerialStrDescriptor  usbd_desc.o
    0x08012708   0x08012708   0x0000006a   Code   RO         3512    .text.USBD_Init     usbd_core.o
    0x08012772   0x08012772   0x00000006   PAD
    0x08012778   0x08012778   0x0000003a   Code   RO         3485    .text.USBD_LL_ClearStallEP  usbd_conf.o
    0x080127b2   0x080127b2   0x00000006   PAD
    0x080127b8   0x080127b8   0x0000003a   Code   RO         3479    .text.USBD_LL_CloseEP  usbd_conf.o
    0x080127f2   0x080127f2   0x00000006   PAD
    0x080127f8   0x080127f8   0x00000190   Code   RO         3536    .text.USBD_LL_DataInStage  usbd_core.o
    0x08012988   0x08012988   0x000001b2   Code   RO         3530    .text.USBD_LL_DataOutStage  usbd_core.o
    0x08012b3a   0x08012b3a   0x00000006   PAD
    0x08012b40   0x08012b40   0x0000000a   Code   RO         3552    .text.USBD_LL_DevConnected  usbd_core.o
    0x08012b4a   0x08012b4a   0x00000006   PAD
    0x08012b50   0x08012b50   0x00000040   Code   RO         3554    .text.USBD_LL_DevDisconnected  usbd_core.o
    0x08012b90   0x08012b90   0x0000001c   Code   RO         3495    .text.USBD_LL_GetRxDataSize  usbd_conf.o
    0x08012bac   0x08012bac   0x00000004   PAD
    0x08012bb0   0x08012bb0   0x00000086   Code   RO         3467    .text.USBD_LL_Init  usbd_conf.o
    0x08012c36   0x08012c36   0x00000002   PAD
    0x08012c38   0x08012c38   0x0000005c   Code   RO         3487    .text.USBD_LL_IsStallEP  usbd_conf.o
    0x08012c94   0x08012c94   0x00000004   PAD
    0x08012c98   0x08012c98   0x0000006e   Code   RO         3548    .text.USBD_LL_IsoINIncomplete  usbd_core.o
    0x08012d06   0x08012d06   0x00000002   PAD
    0x08012d08   0x08012d08   0x0000006e   Code   RO         3550    .text.USBD_LL_IsoOUTIncomplete  usbd_core.o
    0x08012d76   0x08012d76   0x00000002   PAD
    0x08012d78   0x08012d78   0x0000004a   Code   RO         3477    .text.USBD_LL_OpenEP  usbd_conf.o
    0x08012dc2   0x08012dc2   0x00000006   PAD
    0x08012dc8   0x08012dc8   0x00000042   Code   RO         3493    .text.USBD_LL_PrepareReceive  usbd_conf.o
    0x08012e0a   0x08012e0a   0x00000006   PAD
    0x08012e10   0x08012e10   0x0000009c   Code   RO         3538    .text.USBD_LL_Reset  usbd_core.o
    0x08012eac   0x08012eac   0x00000004   PAD
    0x08012eb0   0x08012eb0   0x00000024   Code   RO         3544    .text.USBD_LL_Resume  usbd_core.o
    0x08012ed4   0x08012ed4   0x00000004   PAD
    0x08012ed8   0x08012ed8   0x0000003e   Code   RO         3546    .text.USBD_LL_SOF   usbd_core.o
    0x08012f16   0x08012f16   0x00000002   PAD
    0x08012f18   0x08012f18   0x00000016   Code   RO         3540    .text.USBD_LL_SetSpeed  usbd_core.o
    0x08012f2e   0x08012f2e   0x00000002   PAD
    0x08012f30   0x08012f30   0x0000003a   Code   RO         3489    .text.USBD_LL_SetUSBAddress  usbd_conf.o
    0x08012f6a   0x08012f6a   0x00000006   PAD
    0x08012f70   0x08012f70   0x00000094   Code   RO         3528    .text.USBD_LL_SetupStage  usbd_core.o
    0x08013004   0x08013004   0x00000004   PAD
    0x08013008   0x08013008   0x0000003a   Code   RO         3483    .text.USBD_LL_StallEP  usbd_conf.o
    0x08013042   0x08013042   0x00000006   PAD
    0x08013048   0x08013048   0x00000032   Code   RO         3473    .text.USBD_LL_Start  usbd_conf.o
    0x0801307a   0x0801307a   0x00000006   PAD
    0x08013080   0x08013080   0x0000002c   Code   RO         3542    .text.USBD_LL_Suspend  usbd_core.o
    0x080130ac   0x080130ac   0x00000004   PAD
    0x080130b0   0x080130b0   0x00000042   Code   RO         3491    .text.USBD_LL_Transmit  usbd_conf.o
    0x080130f2   0x080130f2   0x00000006   PAD
    0x080130f8   0x080130f8   0x00000062   Code   RO         3589    .text.USBD_ParseSetupRequest  usbd_ctlreq.o
    0x0801315a   0x0801315a   0x00000006   PAD
    0x08013160   0x08013160   0x00000072   Code   RO         3516    .text.USBD_RegisterClass  usbd_core.o
    0x080131d2   0x080131d2   0x00000006   PAD
    0x080131d8   0x080131d8   0x0000000a   Code   RO         3522    .text.USBD_RunTestMode  usbd_core.o
    0x080131e2   0x080131e2   0x00000006   PAD
    0x080131e8   0x080131e8   0x0000008c   Code   RO         3571    .text.USBD_SetAddress  usbd_ctlreq.o
    0x08013274   0x08013274   0x00000004   PAD
    0x08013278   0x08013278   0x00000036   Code   RO         3524    .text.USBD_SetClassConfig  usbd_core.o
    0x080132ae   0x080132ae   0x00000002   PAD
    0x080132b0   0x080132b0   0x0000017e   Code   RO         3573    .text.USBD_SetConfig  usbd_ctlreq.o
    0x0801342e   0x0801342e   0x00000002   PAD
    0x08013430   0x08013430   0x0000004e   Code   RO         3579    .text.USBD_SetFeature  usbd_ctlreq.o
    0x0801347e   0x0801347e   0x00000002   PAD
    0x08013480   0x08013480   0x00000010   Code   RO         3518    .text.USBD_Start    usbd_core.o
    0x08013490   0x08013490   0x000000cc   Code   RO         3567    .text.USBD_StdDevReq  usbd_ctlreq.o
    0x0801355c   0x0801355c   0x00000004   PAD
    0x08013560   0x08013560   0x000003ac   Code   RO         3587    .text.USBD_StdEPReq  usbd_ctlreq.o
    0x0801390c   0x0801390c   0x00000004   PAD
    0x08013910   0x08013910   0x000000f4   Code   RO         3585    .text.USBD_StdItfReq  usbd_ctlreq.o
    0x08013a04   0x08013a04   0x00000004   PAD
    0x08013a08   0x08013a08   0x00000008   Code   RO         3499    .text.USBD_static_free  usbd_conf.o
    0x08013a10   0x08013a10   0x00000010   Code   RO         3497    .text.USBD_static_malloc  usbd_conf.o
    0x08013a20   0x08013a20   0x000000de   Code   RO          349    .text.USB_ActivateEndpoint  stm32h7xx_ll_usb.o
    0x08013afe   0x08013afe   0x00000002   PAD
    0x08013b00   0x08013b00   0x0000002c   Code   RO          391    .text.USB_ActivateSetup  stm32h7xx_ll_usb.o
    0x08013b2c   0x08013b2c   0x00000004   PAD
    0x08013b30   0x08013b30   0x00000112   Code   RO          325    .text.USB_CoreInit  stm32h7xx_ll_usb.o
    0x08013c42   0x08013c42   0x00000006   PAD
    0x08013c48   0x08013c48   0x00000082   Code   RO          327    .text.USB_CoreReset  stm32h7xx_ll_usb.o
    0x08013cca   0x08013cca   0x00000006   PAD
    0x08013cd0   0x08013cd0   0x00000146   Code   RO          353    .text.USB_DeactivateEndpoint  stm32h7xx_ll_usb.o
    0x08013e16   0x08013e16   0x00000002   PAD
    0x08013e18   0x08013e18   0x0000002a   Code   RO          373    .text.USB_DevConnect  stm32h7xx_ll_usb.o
    0x08013e42   0x08013e42   0x00000006   PAD
    0x08013e48   0x08013e48   0x0000002a   Code   RO          375    .text.USB_DevDisconnect  stm32h7xx_ll_usb.o
    0x08013e72   0x08013e72   0x00000006   PAD
    0x08013e78   0x08013e78   0x000002b8   Code   RO          339    .text.USB_DevInit   stm32h7xx_ll_usb.o
    0x08014130   0x08014130   0x00000014   Code   RO          333    .text.USB_DisableGlobalInt  stm32h7xx_ll_usb.o
    0x08014144   0x08014144   0x00000004   PAD
    0x08014148   0x08014148   0x0000009e   Code   RO          393    .text.USB_EP0_OutStart  stm32h7xx_ll_usb.o
    0x080141e6   0x080141e6   0x00000002   PAD
    0x080141e8   0x080141e8   0x000000a0   Code   RO          367    .text.USB_EPClearStall  stm32h7xx_ll_usb.o
    0x08014288   0x08014288   0x000000a8   Code   RO          365    .text.USB_EPSetStall  stm32h7xx_ll_usb.o
    0x08014330   0x08014330   0x000003e8   Code   RO          357    .text.USB_EPStartXfer  stm32h7xx_ll_usb.o
    0x08014718   0x08014718   0x0000011c   Code   RO          361    .text.USB_EPStopXfer  stm32h7xx_ll_usb.o
    0x08014834   0x08014834   0x00000004   PAD
    0x08014838   0x08014838   0x00000014   Code   RO          331    .text.USB_EnableGlobalInt  stm32h7xx_ll_usb.o
    0x0801484c   0x0801484c   0x00000004   PAD
    0x08014850   0x08014850   0x00000080   Code   RO          345    .text.USB_FlushRxFifo  stm32h7xx_ll_usb.o
    0x080148d0   0x080148d0   0x00000086   Code   RO          343    .text.USB_FlushTxFifo  stm32h7xx_ll_usb.o
    0x08014956   0x08014956   0x00000002   PAD
    0x08014958   0x08014958   0x0000004c   Code   RO          347    .text.USB_GetDevSpeed  stm32h7xx_ll_usb.o
    0x080149a4   0x080149a4   0x00000004   PAD
    0x080149a8   0x080149a8   0x00000010   Code   RO          337    .text.USB_GetMode   stm32h7xx_ll_usb.o
    0x080149b8   0x080149b8   0x00000024   Code   RO          383    .text.USB_ReadDevAllInEpInterrupt  stm32h7xx_ll_usb.o
    0x080149dc   0x080149dc   0x00000004   PAD
    0x080149e0   0x080149e0   0x00000024   Code   RO          381    .text.USB_ReadDevAllOutEpInterrupt  stm32h7xx_ll_usb.o
    0x08014a04   0x08014a04   0x00000004   PAD
    0x08014a08   0x08014a08   0x0000004e   Code   RO          387    .text.USB_ReadDevInEPInterrupt  stm32h7xx_ll_usb.o
    0x08014a56   0x08014a56   0x00000002   PAD
    0x08014a58   0x08014a58   0x0000002e   Code   RO          385    .text.USB_ReadDevOutEPInterrupt  stm32h7xx_ll_usb.o
    0x08014a86   0x08014a86   0x00000002   PAD
    0x08014a88   0x08014a88   0x0000001a   Code   RO          377    .text.USB_ReadInterrupts  stm32h7xx_ll_usb.o
    0x08014aa2   0x08014aa2   0x00000006   PAD
    0x08014aa8   0x08014aa8   0x000000b4   Code   RO          363    .text.USB_ReadPacket  stm32h7xx_ll_usb.o
    0x08014b5c   0x08014b5c   0x00000004   PAD
    0x08014b60   0x08014b60   0x00000084   Code   RO         3308    .text.USB_ReceiveCallback  bsp_usb.o
    0x08014be4   0x08014be4   0x00000004   PAD
    0x08014be8   0x08014be8   0x000000de   Code   RO          335    .text.USB_SetCurrentMode  stm32h7xx_ll_usb.o
    0x08014cc6   0x08014cc6   0x00000002   PAD
    0x08014cc8   0x08014cc8   0x00000036   Code   RO          371    .text.USB_SetDevAddress  stm32h7xx_ll_usb.o
    0x08014cfe   0x08014cfe   0x00000002   PAD
    0x08014d00   0x08014d00   0x00000022   Code   RO          341    .text.USB_SetDevSpeed  stm32h7xx_ll_usb.o
    0x08014d22   0x08014d22   0x00000006   PAD
    0x08014d28   0x08014d28   0x000001ba   Code   RO          329    .text.USB_SetTurnaroundTime  stm32h7xx_ll_usb.o
    0x08014ee2   0x08014ee2   0x00000006   PAD
    0x08014ee8   0x08014ee8   0x00000082   Code   RO          359    .text.USB_WritePacket  stm32h7xx_ll_usb.o
    0x08014f6a   0x08014f6a   0x00000006   PAD
    0x08014f70   0x08014f70   0x000007cc   Code   RO         3272    .text.USER_USART10_RxHandler  bsp_uart.o
    0x0801573c   0x0801573c   0x00000004   PAD
    0x08015740   0x08015740   0x000007e4   Code   RO         3270    .text.USER_USART2_RxHandler  bsp_uart.o
    0x08015f24   0x08015f24   0x00000004   PAD
    0x08015f28   0x08015f28   0x000007e4   Code   RO         3268    .text.USER_USART5_RxHandler  bsp_uart.o
    0x0801670c   0x0801670c   0x00000004   PAD
    0x08016710   0x08016710   0x000000c0   Code   RO         2308    .text.Uintree_RxInfo_Unpack  unitree_motor.o
    0x080167d0   0x080167d0   0x0000000c   Code   RO         2310    .text.Unitree_ID_Select  unitree_motor.o
    0x080167dc   0x080167dc   0x00000004   PAD
    0x080167e0   0x080167e0   0x00000004   Code   RO          154    .text.UsageFault_Handler  stm32h7xx_it.o
    0x080167e4   0x080167e4   0x00000004   PAD
    0x080167e8   0x080167e8   0x0000007e   Code   RO         2663    .text.Verify_CRC16_Check_Sum  crc.o
    0x08016866   0x08016866   0x00000002   PAD
    0x08016868   0x08016868   0x00000030   Code   RO          937    .text.__NVIC_EnableIRQ  stm32h7xx_hal_cortex.o
    0x08016898   0x08016898   0x00000010   Code   RO          929    .text.__NVIC_GetPriorityGrouping  stm32h7xx_hal_cortex.o
    0x080168a8   0x080168a8   0x00000042   Code   RO          931    .text.__NVIC_SetPriority  stm32h7xx_hal_cortex.o
    0x080168ea   0x080168ea   0x00000006   PAD
    0x080168f0   0x080168f0   0x0000003c   Code   RO          925    .text.__NVIC_SetPriorityGrouping  stm32h7xx_hal_cortex.o
    0x0801692c   0x0801692c   0x00000004   PAD
    0x08016930   0x08016930   0x000001bc   Code   RO         2219    .text.bmi088_accel_init  bmi088driver.o
    0x08016aec   0x08016aec   0x00000004   PAD
    0x08016af0   0x08016af0   0x00000174   Code   RO         2221    .text.bmi088_gyro_init  bmi088driver.o
    0x08016c64   0x08016c64   0x00000004   PAD
    0x08016c68   0x08016c68   0x00000040   Code   RO         3179    .text.chassis_task  chassis_task.o
    0x08016ca8   0x08016ca8   0x000000a4   Code   RO           11    .text.main          main.o
    0x08016d4c   0x08016d4c   0x00000004   PAD
    0x08016d50   0x08016d50   0x00000028   Code   RO         2978    .text.makeFreeRtosPriority  cmsis_os.o
    0x08016d78   0x08016d78   0x00000028   Code   RO         2992    .text.osDelay       cmsis_os.o
    0x08016da0   0x08016da0   0x0000000a   Code   RO         2968    .text.osKernelStart  cmsis_os.o
    0x08016daa   0x08016daa   0x00000006   PAD
    0x08016db0   0x08016db0   0x00000054   Code   RO         2976    .text.osThreadCreate  cmsis_os.o
    0x08016e04   0x08016e04   0x00000004   PAD
    0x08016e08   0x08016e08   0x000000f4   Code   RO         2852    .text.prvAddCurrentTaskToDelayedList  tasks.o
    0x08016efc   0x08016efc   0x00000004   PAD
    0x08016f00   0x08016f00   0x00000110   Code   RO         2840    .text.prvAddNewTaskToReadyList  tasks.o
    0x08017010   0x08017010   0x0000005a   Code   RO         2936    .text.prvCheckTasksWaitingTermination  tasks.o
    0x0801706a   0x0801706a   0x00000006   PAD
    0x08017070   0x08017070   0x00000018   Code   RO         2844    .text.prvDeleteTCB  tasks.o
    0x08017088   0x08017088   0x000000bc   Code   RO         3090    .text.prvHeapInit   heap_4.o
    0x08017144   0x08017144   0x00000004   PAD
    0x08017148   0x08017148   0x00000038   Code   RO         2874    .text.prvIdleTask   tasks.o
    0x08017180   0x08017180   0x00000114   Code   RO         2838    .text.prvInitialiseNewTask  tasks.o
    0x08017294   0x08017294   0x00000004   PAD
    0x08017298   0x08017298   0x0000008e   Code   RO         2934    .text.prvInitialiseTaskLists  tasks.o
    0x08017326   0x08017326   0x00000002   PAD
    0x08017328   0x08017328   0x000000c6   Code   RO         3092    .text.prvInsertBlockIntoFreeList  heap_4.o
    0x080173ee   0x080173ee   0x00000002   PAD
    0x080173f0   0x080173f0   0x00000028   Code   RO         3131    .text.prvPortStartFirstTask  port.o
    0x08017418   0x08017418   0x00000046   Code   RO         2846    .text.prvResetNextTaskUnblockTime  tasks.o
    0x0801745e   0x0801745e   0x00000002   PAD
    0x08017460   0x08017460   0x0000004c   Code   RO         3121    .text.prvTaskExitError  port.o
    0x080174ac   0x080174ac   0x00000004   PAD
    0x080174b0   0x080174b0   0x000001ec   Code   RO         3088    .text.pvPortMalloc  heap_4.o
    0x0801769c   0x0801769c   0x00000004   PAD
    0x080176a0   0x080176a0   0x0000005e   Code   RO         3119    .text.pxPortInitialiseStack  port.o
    0x080176fe   0x080176fe   0x00000002   PAD
    0x08017700   0x08017700   0x00000048   Code   RO         2714    .text.uxListRemove  list.o
    0x08017748   0x08017748   0x0000002e   Code   RO         2706    .text.vListInitialise  list.o
    0x08017776   0x08017776   0x00000002   PAD
    0x08017778   0x08017778   0x0000000e   Code   RO         2708    .text.vListInitialiseItem  list.o
    0x08017786   0x08017786   0x00000002   PAD
    0x08017788   0x08017788   0x0000006a   Code   RO         2712    .text.vListInsert   list.o
    0x080177f2   0x080177f2   0x00000006   PAD
    0x080177f8   0x080177f8   0x0000003a   Code   RO         2710    .text.vListInsertEnd  list.o
    0x08017832   0x08017832   0x00000006   PAD
    0x08017838   0x08017838   0x00000014   Code   RO         3129    .text.vPortEnableVFP  port.o
    0x0801784c   0x0801784c   0x00000004   PAD
    0x08017850   0x08017850   0x00000056   Code   RO         3135    .text.vPortEnterCritical  port.o
    0x080178a6   0x080178a6   0x00000002   PAD
    0x080178a8   0x080178a8   0x0000004a   Code   RO         3137    .text.vPortExitCritical  port.o
    0x080178f2   0x080178f2   0x00000006   PAD
    0x080178f8   0x080178f8   0x000000ce   Code   RO         3094    .text.vPortFree     heap_4.o
    0x080179c6   0x080179c6   0x00000002   PAD
    0x080179c8   0x080179c8   0x00000044   Code   RO         3127    .text.vPortSetupTimerInterrupt  port.o
    0x08017a0c   0x08017a0c   0x00000004   PAD
    0x08017a10   0x08017a10   0x0000006e   Code   RO         2848    .text.vTaskDelay    tasks.o
    0x08017a7e   0x08017a7e   0x00000002   PAD
    0x08017a80   0x08017a80   0x0000009e   Code   RO         2872    .text.vTaskStartScheduler  tasks.o
    0x08017b1e   0x08017b1e   0x00000002   PAD
    0x08017b20   0x08017b20   0x00000010   Code   RO         2850    .text.vTaskSuspendAll  tasks.o
    0x08017b30   0x08017b30   0x000000be   Code   RO         2864    .text.vTaskSwitchContext  tasks.o
    0x08017bee   0x08017bee   0x00000002   PAD
    0x08017bf0   0x08017bf0   0x00000156   Code   RO         3125    .text.xPortStartScheduler  port.o
    0x08017d46   0x08017d46   0x00000002   PAD
    0x08017d48   0x08017d48   0x00000098   Code   RO         2836    .text.xTaskCreate   tasks.o
    0x08017de0   0x08017de0   0x000001b8   Code   RO         2878    .text.xTaskIncrementTick  tasks.o
    0x08017f98   0x08017f98   0x00000178   Code   RO         2854    .text.xTaskResumeAll  tasks.o
    0x08018110   0x08018110   0x0000003a   Code   RO         3866    i.__hardfp_sqrtf    m_wv.l(sqrtf.o)
    0x0801814a   0x0801814a   0x0000000e   Code   RO         3963    i.__scatterload_copy  mc_w.l(handlers.o)
    0x08018158   0x08018158   0x00000002   Code   RO         3964    i.__scatterload_null  mc_w.l(handlers.o)
    0x0801815a   0x0801815a   0x0000000e   Code   RO         3965    i.__scatterload_zeroinit  mc_w.l(handlers.o)
    0x08018168   0x08018168   0x0000000c   Code   RO         3953    i.__set_errno       mc_w.l(errno.o)
    0x08018174   0x08018174   0x0000004c   Data   RO         1527    .rodata..L__const.HAL_FDCAN_Init.CvtEltSize  stm32h7xx_hal_fdcan.o
    0x080181c0   0x080181c0   0x00000014   Data   RO           48    .rodata..L__const.MX_FREERTOS_Init.os_thread_def_CHASSIS_TASK  freertos.o
    0x080181d4   0x080181d4   0x00000014   Data   RO           50    .rodata..L__const.MX_FREERTOS_Init.os_thread_def_PS2_TASK  freertos.o
    0x080181e8   0x080181e8   0x00000014   Data   RO           46    .rodata..L__const.MX_FREERTOS_Init.os_thread_def_defaultTask  freertos.o
    0x080181fc   0x080181fc   0x00000010   Data   RO         2207    .rodata.D1CorePrescTable  system_stm32h7xx.o
    0x0801820c   0x0801820c   0x00000010   Data   RO         1528    .rodata.DLCtoBytes  stm32h7xx_hal_fdcan.o
    0x0801821c   0x0801821c   0x00000008   Data   RO          717    .rodata.DMA_CalcBaseAndBitshift.flagBitshiftOffset  stm32h7xx_hal_dma.o
    0x08018224   0x08018224   0x00000008   Data   RO         2193    .rodata.UARTEx_SetNbDataToProcess.denominator  stm32h7xx_hal_uart_ex.o
    0x0801822c   0x0801822c   0x00000008   Data   RO         2192    .rodata.UARTEx_SetNbDataToProcess.numerator  stm32h7xx_hal_uart_ex.o
    0x08018234   0x08018234   0x00000018   Data   RO         2148    .rodata.UARTPrescTable  stm32h7xx_hal_uart.o
    0x0801824c   0x0801824c   0x00000022   Data   RO           45    .rodata.str1.1      freertos.o
    0x0801826e   0x0801826e   0x00000005   Data   RO         2949    .rodata.str1.1      tasks.o
    0x08018273   0x08018273   0x00000042   Data   RO         3410    .rodata.str1.1      usbd_desc.o
    0x080182b5   0x080182b5   0x00000001   PAD
    0x080182b6   0x080182b6   0x00000200   Data   RO         2670    .rodata.wCRC_Table  crc.o
    0x080184b6   0x080184b6   0x00000002   PAD
    0x080184b8   0x080184b8   0x00000020   Data   RO         3962    Region$$Table       anon$$obj.o


    Execution Region RW_IRAM1 (Exec base: 0x20000000, Load base: 0x080184d8, Size: 0x00000000, Max: 0x00020000, ABSOLUTE)

    **** No section assigned to this execution region ****


    Execution Region RW_IRAM2 (Exec base: 0x24000000, Load base: 0x080184d8, Size: 0x0000b320, Max: 0x00050000, ABSOLUTE, COMPRESSED[0x00000140])

    Exec Addr    Load Addr    Size         Type   Attr      Idx    E Section Name        Object

    0x24000000   COMPRESSED   0x00000024   Data   RW         2283    .AXI_SRAM           remote_control.o
    0x24000024   COMPRESSED   0x00000020   Data   RW         2323    .AXI_SRAM           unitree_motor.o
    0x24000044   COMPRESSED   0x0000003e   Data   RW         2395    .AXI_SRAM           stepper_motor.o
    0x24000082   COMPRESSED   0x00000800   Data   RW         3311    .AXI_SRAM           bsp_usb.o
    0x24000882   COMPRESSED   0x00000002   PAD
    0x24000884   COMPRESSED   0x00000004   Data   RW         3954    .data               mc_w.l(errno.o)
    0x24000888   COMPRESSED   0x00000004   Data   RW         2233    .data.BMI088_ACCEL_SEN  bmi088driver.o
    0x2400088c   COMPRESSED   0x00000004   Data   RW         2234    .data.BMI088_GYRO_SEN  bmi088driver.o
    0x24000890   COMPRESSED   0x00000001   Data   RW         3660    .data.CDCCmdEpAdd   usbd_cdc.o
    0x24000891   COMPRESSED   0x00000001   Data   RW         3658    .data.CDCInEpAdd    usbd_cdc.o
    0x24000892   COMPRESSED   0x00000001   Data   RW         3659    .data.CDCOutEpAdd   usbd_cdc.o
    0x24000893   COMPRESSED   0x00000001   PAD
    0x24000894   COMPRESSED   0x00000002   Data   RW         2241    .data.Calibrate_MPU_Offset.CaliTimes  bmi088driver.o
    0x24000896   COMPRESSED   0x00000002   Data   RW         2242    .data.Calibrate_MPU_Offset.acc_CaliTimes  bmi088driver.o
    0x24000898   COMPRESSED   0x000000fc   Data   RW         3197    .data.Chassis       chassis_task.o
    0x24000994   COMPRESSED   0x00000020   Data   RW         3405    .data.HS_Desc       usbd_desc.o
    0x240009b4   COMPRESSED   0x00000040   Data   RW         2431    .data.PS2_Info      ps2_device.o
    0x240009f4   COMPRESSED   0x00000004   Data   RW         2205    .data.SystemCoreClock  system_stm32h7xx.o
    0x240009f8   COMPRESSED   0x00000004   Data   RW         2206    .data.SystemD2Clock  system_stm32h7xx.o
    0x240009fc   COMPRESSED   0x00000038   Data   RW         3656    .data.USBD_CDC      usbd_cdc.o
    0x24000a34   COMPRESSED   0x00000043   Data   RW         3661    .data.USBD_CDC_CfgDesc  usbd_cdc.o
    0x24000a77   COMPRESSED   0x00000001   PAD
    0x24000a78   COMPRESSED   0x0000000a   Data   RW         3657    .data.USBD_CDC_DeviceQualifierDesc  usbd_cdc.o
    0x24000a82   COMPRESSED   0x00000002   PAD
    0x24000a84   COMPRESSED   0x00000012   Data   RW         3406    .data.USBD_HS_DeviceDesc  usbd_desc.o
    0x24000a96   COMPRESSED   0x00000002   PAD
    0x24000a98   COMPRESSED   0x00000014   Data   RW         3431    .data.USBD_Interface_fops_HS  usbd_cdc_if.o
    0x24000aac   COMPRESSED   0x00000004   Data   RW         3408    .data.USBD_LangIDDesc  usbd_desc.o
    0x24000ab0   COMPRESSED   0x0000001a   Data   RW         3409    .data.USBD_StringSerial  usbd_desc.o
    0x24000aca   COMPRESSED   0x00000002   PAD
    0x24000acc   COMPRESSED   0x00000034   Data   RW         2281    .data.remote_ctrl   remote_control.o
    0x24000b00   COMPRESSED   0x00000001   Data   RW         1105    .data.uwTickFreq    stm32h7xx_hal.o
    0x24000b01   COMPRESSED   0x00000003   PAD
    0x24000b04   COMPRESSED   0x00000004   Data   RW         1104    .data.uwTickPrio    stm32h7xx_hal.o
    0x24000b08   COMPRESSED   0x00000004   Data   RW         3147    .data.uxCriticalNesting  port.o
    0x24000b0c   COMPRESSED   0x00000012   Data   RW         2248    .data.write_BMI088_accel_reg_data_error  bmi088driver.o
    0x24000b1e   COMPRESSED   0x00000012   Data   RW         2249    .data.write_BMI088_gyro_reg_data_error  bmi088driver.o
    0x24000b30        -       0x00000040   Zero   RW         2236    .bss.BMI088         bmi088driver.o
    0x24000b70        -       0x00000004   Zero   RW         2267    .bss.BMI088_SPI     bmi088middleware.o
    0x24000b74        -       0x00000004   Zero   RW           49    .bss.CHASSIS_TASKHandle  freertos.o
    0x24000b78        -       0x00000004   Zero   RW         3237    .bss.CPU_FREQ_Hz    bsp_dwt.o
    0x24000b7c        -       0x00000004   Zero   RW         3238    .bss.CPU_FREQ_Hz_ms  bsp_dwt.o
    0x24000b80        -       0x00000004   Zero   RW         3239    .bss.CPU_FREQ_Hz_us  bsp_dwt.o
    0x24000b84   COMPRESSED   0x00000004   PAD
    0x24000b88        -       0x00000008   Zero   RW         3244    .bss.CYCCNT64       bsp_dwt.o
    0x24000b90        -       0x00000004   Zero   RW         3246    .bss.CYCCNT_LAST    bsp_dwt.o
    0x24000b94        -       0x00000004   Zero   RW         3240    .bss.CYCCNT_RountCount  bsp_dwt.o
    0x24000b98        -       0x00000004   Zero   RW         2240    .bss.Calibrate_MPU_Offset.startTime  bmi088driver.o
    0x24000b9c   COMPRESSED   0x00000004   PAD
    0x24000ba0        -       0x00000008   Zero   RW         3241    .bss.DWT_SysTimeUpdate.CNT_TEMP1  bsp_dwt.o
    0x24000ba8        -       0x00000008   Zero   RW         3242    .bss.DWT_SysTimeUpdate.CNT_TEMP2  bsp_dwt.o
    0x24000bb0        -       0x00000008   Zero   RW         3243    .bss.DWT_SysTimeUpdate.CNT_TEMP3  bsp_dwt.o
    0x24000bb8        -       0x00000004   Zero   RW           81    .bss.HAL_RCC_FDCAN_CLK_ENABLED  fdcan.o
    0x24000bbc        -       0x00000016   Zero   RW         2417    .bss.PC_TxBuf       pc_comm.o
    0x24000bd2        -       0x00000016   Zero   RW         2416    .bss.PC_TxFrame     pc_comm.o
    0x24000be8        -       0x00000001   Zero   RW         3211    .bss.PS2_Mode_Switch.start_last  ps2_task.o
    0x24000be9   COMPRESSED   0x00000003   PAD
    0x24000bec        -       0x00000004   Zero   RW           51    .bss.PS2_TASKHandle  freertos.o
    0x24000bf0        -       0x00000028   Zero   RW         3294    .bss.RxHeader1      bsp_can.o
    0x24000c18        -       0x00000028   Zero   RW         3298    .bss.RxHeader2      bsp_can.o
    0x24000c40        -       0x00000028   Zero   RW         3296    .bss.RxHeader3      bsp_can.o
    0x24000c68        -       0x00000006   Zero   RW         2391    .bss.Stepper_Motor_Set_Cmd.Tx_Data  stepper_motor.o
    0x24000c6e        -       0x00000008   Zero   RW         2394    .bss.Stepper_Motor_Set_Speed.Tx_Data  stepper_motor.o
    0x24000c76   COMPRESSED   0x00000002   PAD
    0x24000c78        -       0x00000040   Zero   RW         2396    .bss.Stepper_Rx_Info  stepper_motor.o
    0x24000cb8        -       0x00000008   Zero   RW         3245    .bss.SysTime        bsp_dwt.o
    0x24000cc0        -       0x00000001   Zero   RW         3597    .bss.USBD_SetConfig.cfgidx  usbd_ctlreq.o
    0x24000cc1   COMPRESSED   0x00000003   PAD
    0x24000cc4        -       0x00000200   Zero   RW         3411    .bss.USBD_StrDesc   usbd_desc.o
    0x24000ec4        -       0x00000220   Zero   RW         3504    .bss.USBD_static_malloc.mem  usbd_conf.o
    0x240010e4        -       0x00000004   Zero   RW         3310    .bss.USB_Curruct_Buf  bsp_usb.o
    0x240010e8        -       0x00000010   Zero   RW         2324    .bss.Unitree_Rx_Info  unitree_motor.o
    0x240010f8        -       0x00000800   Zero   RW         3432    .bss.UserRxBufferHS  usbd_cdc_if.o
    0x240018f8        -       0x00000800   Zero   RW         3433    .bss.UserTxBufferHS  usbd_cdc_if.o
    0x240020f8        -       0x00000002   Zero   RW         2245    .bss.caliCount      bmi088driver.o
    0x240020fa   COMPRESSED   0x00000002   PAD
    0x240020fc        -       0x00000004   Zero   RW           47    .bss.defaultTaskHandle  freertos.o
    0x24002100        -       0x00000001   Zero   RW         2235    .bss.error          bmi088driver.o
    0x24002101   COMPRESSED   0x00000003   PAD
    0x24002104        -       0x00000004   Zero   RW         2243    .bss.gNormDiff      bmi088driver.o
    0x24002108        -       0x00000040   Zero   RW         3293    .bss.g_Can1RxData   bsp_can.o
    0x24002148        -       0x00000040   Zero   RW         3297    .bss.g_Can2RxData   bsp_can.o
    0x24002188        -       0x00000040   Zero   RW         3295    .bss.g_Can3RxData   bsp_can.o
    0x240021c8        -       0x0000000c   Zero   RW         2244    .bss.gyroDiff       bmi088driver.o
    0x240021d4        -       0x000002dc   Zero   RW         3378    .bss.hUsbDeviceHS   usb_device.o
    0x240024b0        -       0x00000078   Zero   RW           96    .bss.hdma_spi2_rx   spi.o
    0x24002528        -       0x00000078   Zero   RW           97    .bss.hdma_spi2_tx   spi.o
    0x240025a0        -       0x00000078   Zero   RW          134    .bss.hdma_uart5_rx  usart.o
    0x24002618        -       0x00000078   Zero   RW          137    .bss.hdma_usart10_rx  usart.o
    0x24002690        -       0x00000078   Zero   RW          138    .bss.hdma_usart10_tx  usart.o
    0x24002708        -       0x00000078   Zero   RW          135    .bss.hdma_usart2_rx  usart.o
    0x24002780        -       0x00000078   Zero   RW          136    .bss.hdma_usart2_tx  usart.o
    0x240027f8        -       0x000000a0   Zero   RW           78    .bss.hfdcan1        fdcan.o
    0x24002898        -       0x000000a0   Zero   RW           79    .bss.hfdcan2        fdcan.o
    0x24002938        -       0x000000a0   Zero   RW           80    .bss.hfdcan3        fdcan.o
    0x240029d8        -       0x0000050c   Zero   RW         3503    .bss.hpcd_USB_OTG_HS  usbd_conf.o
    0x24002ee4        -       0x00000088   Zero   RW           95    .bss.hspi2          spi.o
    0x24002f6c        -       0x0000004c   Zero   RW          211    .bss.htim2          stm32h7xx_hal_timebase_tim.o
    0x24002fb8        -       0x0000004c   Zero   RW          113    .bss.htim3          tim.o
    0x24003004        -       0x00000094   Zero   RW          133    .bss.huart10        usart.o
    0x24003098        -       0x00000094   Zero   RW          132    .bss.huart2         usart.o
    0x2400312c        -       0x00000094   Zero   RW          131    .bss.huart5         usart.o
    0x240031c0        -       0x00000004   Zero   RW         2938    .bss.pxCurrentTCB   tasks.o
    0x240031c4        -       0x00000004   Zero   RW         2955    .bss.pxDelayedTaskList  tasks.o
    0x240031c8        -       0x00000004   Zero   RW         3104    .bss.pxEnd          heap_4.o
    0x240031cc        -       0x00000004   Zero   RW         2956    .bss.pxOverflowDelayedTaskList  tasks.o
    0x240031d0        -       0x0000008c   Zero   RW         2939    .bss.pxReadyTasksLists  tasks.o
    0x2400325c        -       0x00000001   Zero   RW         2246    .bss.res            bmi088driver.o
    0x2400325d        -       0x00007800   Zero   RW         3111    .bss.ucHeap         heap_4.o
    0x2400aa5d        -       0x00000001   Zero   RW         3145    .bss.ucMaxSysCallPriority  port.o
    0x2400aa5e   COMPRESSED   0x00000002   PAD
    0x2400aa60        -       0x00000004   Zero   RW         3146    .bss.ulMaxPRIGROUPValue  port.o
    0x2400aa64        -       0x00000004   Zero   RW         1106    .bss.uwTick         stm32h7xx_hal.o
    0x2400aa68        -       0x00000004   Zero   RW         2944    .bss.uxCurrentNumberOfTasks  tasks.o
    0x2400aa6c        -       0x00000004   Zero   RW         2943    .bss.uxDeletedTasksWaitingCleanUp  tasks.o
    0x2400aa70        -       0x00000004   Zero   RW         2946    .bss.uxSchedulerSuspended  tasks.o
    0x2400aa74        -       0x00000004   Zero   RW         2941    .bss.uxTaskNumber   tasks.o
    0x2400aa78        -       0x00000004   Zero   RW         2940    .bss.uxTopReadyPriority  tasks.o
    0x2400aa7c        -       0x00000001   Zero   RW         2247    .bss.write_reg_num  bmi088driver.o
    0x2400aa7d   COMPRESSED   0x00000003   PAD
    0x2400aa80        -       0x00000004   Zero   RW         3105    .bss.xBlockAllocatedBit  heap_4.o
    0x2400aa84        -       0x00000014   Zero   RW         2958    .bss.xDelayedTaskList1  tasks.o
    0x2400aa98        -       0x00000014   Zero   RW         2959    .bss.xDelayedTaskList2  tasks.o
    0x2400aaac        -       0x00000004   Zero   RW         3106    .bss.xFreeBytesRemaining  heap_4.o
    0x2400aab0        -       0x00000004   Zero   RW         2950    .bss.xIdleTaskHandle  tasks.o
    0x2400aab4        -       0x00000004   Zero   RW         3108    .bss.xMinimumEverFreeBytesRemaining  heap_4.o
    0x2400aab8        -       0x00000004   Zero   RW         2951    .bss.xNextTaskUnblockTime  tasks.o
    0x2400aabc        -       0x00000004   Zero   RW         2957    .bss.xNumOfOverflows  tasks.o
    0x2400aac0        -       0x00000004   Zero   RW         3109    .bss.xNumberOfSuccessfulAllocations  heap_4.o
    0x2400aac4        -       0x00000004   Zero   RW         3110    .bss.xNumberOfSuccessfulFrees  heap_4.o
    0x2400aac8        -       0x00000004   Zero   RW         2954    .bss.xPendedTicks   tasks.o
    0x2400aacc        -       0x00000014   Zero   RW         2948    .bss.xPendingReadyList  tasks.o
    0x2400aae0        -       0x00000004   Zero   RW         2945    .bss.xSchedulerRunning  tasks.o
    0x2400aae4        -       0x00000008   Zero   RW         3107    .bss.xStart         heap_4.o
    0x2400aaec        -       0x00000014   Zero   RW         2947    .bss.xSuspendedTaskList  tasks.o
    0x2400ab00        -       0x00000014   Zero   RW         2942    .bss.xTasksWaitingTermination  tasks.o
    0x2400ab14        -       0x00000004   Zero   RW         2952    .bss.xTickCount     tasks.o
    0x2400ab18        -       0x00000004   Zero   RW         2953    .bss.xYieldPending  tasks.o
    0x2400ab1c   COMPRESSED   0x00000004   PAD
    0x2400ab20        -       0x00000800   Zero   RW            1    STACK               startup_stm32h723xx.o


    Execution Region RW_RAM2 (Exec base: 0x38000000, Load base: 0x080184d8, Size: 0x00000000, Max: 0x00004000, ABSOLUTE)

    **** No section assigned to this execution region ****


==============================================================================

Image component sizes


      Code (inc. data)   RO Data    RW Data    ZI Data      Debug   Object Name

      3140         36          0         48         89       9050   bmi088driver.o
       128          0          0          0          4       4943   bmi088middleware.o
       614          0          0          0        312       6282   bsp_can.o
       620          8          0          0         60       3555   bsp_dwt.o
      7124          0          0          0          0       5536   bsp_uart.o
       132          0          0       2048          4       1034   bsp_usb.o
       748         20          0        252          0       5312   chassis_task.o
       174          0          0          0          0      14631   cmsis_os.o
       228          0        512          0          0       2191   crc.o
       170          0          0          0          0       5254   dma.o
       964          0          0          0        484      11918   fdcan.o
       236          0         94          0         12       2090   freertos.o
       442          0          0          0          0       3086   gpio.o
      1084          0          0          0      30752       4432   heap_4.o
       296          0          0          0          0       2236   list.o
       414          0          0          0          0       6786   main.o
       354          0          0          0         44       2223   pc_comm.o
       996         16          0          4          5       3848   port.o
       526          8          0         64          0       2911   ps2_device.o
       522          8          0          0          1       5800   ps2_task.o
       304          0          0         88          0       2718   remote_control.o
       550          0          0          0        376      11452   spi.o
        36          8        716          0       2048        856   startup_stm32h723xx.o
      1564          8          0         62         78       9017   stepper_motor.o
       226          0          0          5          4      14616   stm32h7xx_hal.o
       380          0          0          0          0      11258   stm32h7xx_hal_cortex.o
     15542          8          8          0          0      12455   stm32h7xx_hal_dma.o
      4812          0         92          0          0      33307   stm32h7xx_hal_fdcan.o
      1028          0          0          0          0       7002   stm32h7xx_hal_gpio.o
        50          0          0          0          0       5274   stm32h7xx_hal_msp.o
      5182          0          0          0          0      14304   stm32h7xx_hal_pcd.o
       246          0          0          0          0       5511   stm32h7xx_hal_pcd_ex.o
       180          0          0          0          0       9271   stm32h7xx_hal_pwr_ex.o
      4850         66          0          0          0      11403   stm32h7xx_hal_rcc.o
      6398         96          0          0          0      18680   stm32h7xx_hal_rcc_ex.o
      3288          0          0          0          0      19889   stm32h7xx_hal_spi.o
      3936         22          0          0          0      37371   stm32h7xx_hal_tim.o
       404          0          0          0          0      18125   stm32h7xx_hal_tim_ex.o
       216          0          0          0         76       9609   stm32h7xx_hal_timebase_tim.o
      6364        342         24          0          0      29246   stm32h7xx_hal_uart.o
       770          0         16          0          0       8868   stm32h7xx_hal_uart_ex.o
       278          0          0          0          0       2323   stm32h7xx_it.o
      5224          0          0          0          0      19214   stm32h7xx_ll_usb.o
       314          0         16          8          0       5219   system_stm32h7xx.o
      2616          0          5          0        300      19001   tasks.o
       320          0          0          0         76       7161   tim.o
       204          0          0         32         16       7992   unitree_motor.o
      1502          0          0          0       1044      12474   usart.o
       122          0          0          0        732       3160   usb_device.o
      2506         12          0        136          0      11023   usbd_cdc.o
       288         36          0         20       4096       2612   usbd_cdc_if.o
      1350          4          0          0       1836      18275   usbd_conf.o
      2130          0          0          0          0       8968   usbd_core.o
      3430         46          0          0          1       8617   usbd_ctlreq.o
       568          0         66         80        512       3347   usbd_desc.o
       232          0          0          0          0       4204   usbd_ioreq.o

    ----------------------------------------------------------------------
     97508        772       1584       2860      42992     526940   Object Totals
         0          0         32          0          0          0   (incl. Generated)
      1186         28          3         13         30          0   (incl. Padding)

    ----------------------------------------------------------------------

      Code (inc. data)   RO Data    RW Data    ZI Data      Debug   Library Member Name

        58          0          0          0          0        136   sqrtf.o
        58          0          0          0          0          0   __dczerorl.o
         0          0          0          0          0          0   entry.o
         0          0          0          0          0          0   entry10a.o
         0          0          0          0          0          0   entry11a.o
         8          4          0          0          0          0   entry2.o
         4          0          0          0          0          0   entry5.o
         0          0          0          0          0          0   entry7b.o
         0          0          0          0          0          0   entry8b.o
         8          4          0          0          0          0   entry9a.o
        12          6          0          4          0         68   errno.o
        30          0          0          0          0          0   handlers.o
        36          8          0          0          0         68   init.o
         0          0          0          0          0          0   iusefp.o
        30          0          0          0          0         68   llshl.o
        32          0          0          0          0         68   llushr.o
        36          0          0          0          0         68   memcpya.o
        36          0          0          0          0        108   memseta.o
        98          0          0          0          0         92   uldiv.o

    ----------------------------------------------------------------------
       452         22          0          4          0        676   Library Totals
         6          0          0          0          0          0   (incl. Padding)

    ----------------------------------------------------------------------

      Code (inc. data)   RO Data    RW Data    ZI Data      Debug   Library Name

        58          0          0          0          0        136   m_wv.l
       388         22          0          4          0        540   mc_w.l

    ----------------------------------------------------------------------
       452         22          0          4          0        676   Library Totals

    ----------------------------------------------------------------------

==============================================================================


      Code (inc. data)   RO Data    RW Data    ZI Data      Debug   

     97960        794       1584       2864      42992     526664   Grand Totals
     97960        794       1584        320      42992     526664   ELF Image Totals (compressed)
     97960        794       1584        320          0          0   ROM Totals

==============================================================================

    Total RO  Size (Code + RO Data)                99544 (  97.21kB)
    Total RW  Size (RW Data + ZI Data)             45856 (  44.78kB)
    Total ROM Size (Code + RO Data + RW Data)      99864 (  97.52kB)

==============================================================================

