Component: ARM Compiler 6.16 Tool: armlink [5dfeaa00]

==============================================================================

Section Cross References

    startup_stm32h723xx.o(RESET) refers to startup_stm32h723xx.o(STACK) for __initial_sp
    startup_stm32h723xx.o(RESET) refers to startup_stm32h723xx.o(.text) for Reset_Handler
    startup_stm32h723xx.o(RESET) refers to stm32h7xx_it.o(.text.NMI_Handler) for NMI_Handler
    startup_stm32h723xx.o(RESET) refers to stm32h7xx_it.o(.text.HardFault_Handler) for HardFault_Handler
    startup_stm32h723xx.o(RESET) refers to stm32h7xx_it.o(.text.MemManage_Handler) for MemManage_Handler
    startup_stm32h723xx.o(RESET) refers to stm32h7xx_it.o(.text.BusFault_Handler) for BusFault_Handler
    startup_stm32h723xx.o(RESET) refers to stm32h7xx_it.o(.text.UsageFault_Handler) for UsageFault_Handler
    startup_stm32h723xx.o(RESET) refers to port.o(.text.SVC_Handler) for SVC_Handler
    startup_stm32h723xx.o(RESET) refers to stm32h7xx_it.o(.text.DebugMon_Handler) for DebugMon_Handler
    startup_stm32h723xx.o(RESET) refers to port.o(.text.PendSV_Handler) for PendSV_Handler
    startup_stm32h723xx.o(RESET) refers to port.o(.text.SysTick_Handler) for SysTick_Handler
    startup_stm32h723xx.o(RESET) refers to stm32h7xx_it.o(.text.DMA1_Stream0_IRQHandler) for DMA1_Stream0_IRQHandler
    startup_stm32h723xx.o(RESET) refers to stm32h7xx_it.o(.text.DMA1_Stream1_IRQHandler) for DMA1_Stream1_IRQHandler
    startup_stm32h723xx.o(RESET) refers to stm32h7xx_it.o(.text.DMA1_Stream2_IRQHandler) for DMA1_Stream2_IRQHandler
    startup_stm32h723xx.o(RESET) refers to stm32h7xx_it.o(.text.DMA1_Stream3_IRQHandler) for DMA1_Stream3_IRQHandler
    startup_stm32h723xx.o(RESET) refers to stm32h7xx_it.o(.text.DMA1_Stream4_IRQHandler) for DMA1_Stream4_IRQHandler
    startup_stm32h723xx.o(RESET) refers to stm32h7xx_it.o(.text.DMA1_Stream5_IRQHandler) for DMA1_Stream5_IRQHandler
    startup_stm32h723xx.o(RESET) refers to stm32h7xx_it.o(.text.DMA1_Stream6_IRQHandler) for DMA1_Stream6_IRQHandler
    startup_stm32h723xx.o(RESET) refers to stm32h7xx_it.o(.text.FDCAN1_IT0_IRQHandler) for FDCAN1_IT0_IRQHandler
    startup_stm32h723xx.o(RESET) refers to stm32h7xx_it.o(.text.FDCAN2_IT0_IRQHandler) for FDCAN2_IT0_IRQHandler
    startup_stm32h723xx.o(RESET) refers to stm32h7xx_it.o(.text.TIM2_IRQHandler) for TIM2_IRQHandler
    startup_stm32h723xx.o(RESET) refers to stm32h7xx_it.o(.text.SPI2_IRQHandler) for SPI2_IRQHandler
    startup_stm32h723xx.o(RESET) refers to stm32h7xx_it.o(.text.USART2_IRQHandler) for USART2_IRQHandler
    startup_stm32h723xx.o(RESET) refers to stm32h7xx_it.o(.text.UART5_IRQHandler) for UART5_IRQHandler
    startup_stm32h723xx.o(RESET) refers to stm32h7xx_it.o(.text.OTG_HS_IRQHandler) for OTG_HS_IRQHandler
    startup_stm32h723xx.o(RESET) refers to stm32h7xx_it.o(.text.USART10_IRQHandler) for USART10_IRQHandler
    startup_stm32h723xx.o(RESET) refers to stm32h7xx_it.o(.text.FDCAN3_IT0_IRQHandler) for FDCAN3_IT0_IRQHandler
    startup_stm32h723xx.o(.text) refers to system_stm32h7xx.o(.text.SystemInit) for SystemInit
    startup_stm32h723xx.o(.text) refers to entry.o(.ARM.Collect$$$$00000000) for __main
    main.o(.text.main) refers to stm32h7xx_hal.o(.text.HAL_Init) for HAL_Init
    main.o(.text.main) refers to main.o(.text.SystemClock_Config) for SystemClock_Config
    main.o(.text.main) refers to gpio.o(.text.MX_GPIO_Init) for MX_GPIO_Init
    main.o(.text.main) refers to dma.o(.text.MX_DMA_Init) for MX_DMA_Init
    main.o(.text.main) refers to spi.o(.text.MX_SPI2_Init) for MX_SPI2_Init
    main.o(.text.main) refers to fdcan.o(.text.MX_FDCAN1_Init) for MX_FDCAN1_Init
    main.o(.text.main) refers to fdcan.o(.text.MX_FDCAN2_Init) for MX_FDCAN2_Init
    main.o(.text.main) refers to tim.o(.text.MX_TIM3_Init) for MX_TIM3_Init
    main.o(.text.main) refers to fdcan.o(.text.MX_FDCAN3_Init) for MX_FDCAN3_Init
    main.o(.text.main) refers to usart.o(.text.MX_UART5_Init) for MX_UART5_Init
    main.o(.text.main) refers to usart.o(.text.MX_USART2_UART_Init) for MX_USART2_UART_Init
    main.o(.text.main) refers to usart.o(.text.MX_USART10_UART_Init) for MX_USART10_UART_Init
    main.o(.text.main) refers to usb_device.o(.text.MX_USB_DEVICE_Init) for MX_USB_DEVICE_Init
    main.o(.text.main) refers to bsp_dwt.o(.text.DWT_Init) for DWT_Init
    main.o(.text.main) refers to bsp_uart.o(.text.BSP_USART_Init) for BSP_USART_Init
    main.o(.text.main) refers to ps2_device.o(.text.PS2_Init) for PS2_Init
    main.o(.text.main) refers to stm32h7xx_hal.o(.text.HAL_Delay) for HAL_Delay
    main.o(.text.main) refers to spi.o(.bss.hspi2) for hspi2
    main.o(.text.main) refers to bmi088driver.o(.text.BMI088_init) for BMI088_init
    main.o(.text.main) refers to stm32h7xx_hal_gpio.o(.text.HAL_GPIO_WritePin) for HAL_GPIO_WritePin
    main.o(.text.main) refers to bsp_can.o(.text.FDCAN1_Config) for FDCAN1_Config
    main.o(.text.main) refers to bsp_can.o(.text.FDCAN2_Config) for FDCAN2_Config
[...]
    0x08000be0   0x08000be0   0x00000004   Code   RO         3442    .text.CDC_DeInit_HS  usbd_cdc_if.o
    0x08000be4   0x08000be4   0x00000004   PAD
    0x08000be8   0x08000be8   0x00000032   Code   RO         3440    .text.CDC_Init_HS   usbd_cdc_if.o
    0x08000c1a   0x08000c1a   0x00000006   PAD
    0x08000c20   0x08000c20   0x00000016   Code   RO         3446    .text.CDC_Receive_HS  usbd_cdc_if.o
    0x08000c36   0x08000c36   0x00000002   PAD
    0x08000c38   0x08000c38   0x00000018   Code   RO         3448    .text.CDC_TransmitCplt_HS  usbd_cdc_if.o
    0x08000c50   0x08000c50   0x00000060   Code   RO         3450    .text.CDC_Transmit_HS  usbd_cdc_if.o
    0x08000cb0   0x08000cb0   0x0000000e   Code   RO           41    .text.CHASSIS_Task  freertos.o
    0x08000cbe   0x08000cbe   0x00000002   PAD
    0x08000cc0   0x08000cc0   0x000007c0   Code   RO         2233    .text.Calibrate_MPU_Offset  bmi088driver.o
    0x08001480   0x08001480   0x00000078   Code   RO         3197    .text.Chassis_Actual_Calc  chassis_task.o
    0x080014f8   0x080014f8   0x00000098   Code   RO         3191    .text.Chassis_Init  chassis_task.o
    0x08001590   0x08001590   0x0000001e   Code   RO         3205    .text.Chassis_Lift_Home  chassis_task.o
    0x080015ae   0x080015ae   0x00000002   PAD
    0x080015b0   0x080015b0   0x00000054   Code   RO         3207    .text.Chassis_Lift_Set_Height  chassis_task.o
    0x08001604   0x08001604   0x00000004   PAD
    0x08001608   0x08001608   0x00000038   Code   RO         3193    .text.Chassis_Mode_Dispatch  chassis_task.o
    0x08001640   0x08001640   0x0000002a   Code   RO         3195    .text.Chassis_Motor_Output  chassis_task.o
    0x0800166a   0x0800166a   0x00000006   PAD
    0x08001670   0x08001670   0x0000001c   Code   RO         3213    .text.Chassis_NAV_Mode_Handler  chassis_task.o
    0x0800168c   0x0800168c   0x00000004   PAD
    0x08001690   0x08001690   0x00000008   Code   RO         3211    .text.Chassis_RC_Mode_Handler  chassis_task.o
    0x08001698   0x08001698   0x00000110   Code   RO         3201    .text.Chassis_Set_Velocity  chassis_task.o
    0x080017a8   0x080017a8   0x00000020   Code   RO         3203    .text.Chassis_Stop  chassis_task.o
    0x080017c8   0x080017c8   0x00000010   Code   RO          164    .text.DMA1_Stream0_IRQHandler  stm32h7xx_it.o
    0x080017d8   0x080017d8   0x00000010   Code   RO          166    .text.DMA1_Stream1_IRQHandler  stm32h7xx_it.o
    0x080017e8   0x080017e8   0x00000010   Code   RO          168    .text.DMA1_Stream2_IRQHandler  stm32h7xx_it.o
    0x080017f8   0x080017f8   0x00000010   Code   RO          170    .text.DMA1_Stream3_IRQHandler  stm32h7xx_it.o
    0x08001808   0x08001808   0x00000010   Code   RO          172    .text.DMA1_Stream4_IRQHandler  stm32h7xx_it.o
    0x08001818   0x08001818   0x00000010   Code   RO          174    .text.DMA1_Stream5_IRQHandler  stm32h7xx_it.o
    0x08001828   0x08001828   0x00000010   Code   RO          176    .text.DMA1_Stream6_IRQHandler  stm32h7xx_it.o
    0x08001838   0x08001838   0x000001ca   Code   RO          693    .text.DMA_CalcBaseAndBitshift  stm32h7xx_hal_dma.o
    0x08001a02   0x08001a02   0x00000006   PAD
    0x08001a08   0x08001a08   0x00000178   Code   RO          695    .text.DMA_CalcDMAMUXChannelBaseAndMask  stm32h7xx_hal_dma.o
    0x08001b80   0x08001b80   0x0000012a   Code   RO          697    .text.DMA_CalcDMAMUXRequestGenBaseAndMask  stm32h7xx_hal_dma.o
    0x08001caa   0x08001caa   0x00000006   PAD
    0x08001cb0   0x08001cb0   0x000000f0   Code   RO          691    .text.DMA_CheckFifoParam  stm32h7xx_hal_dma.o
    0x08001da0   0x08001da0   0x00000514   Code   RO          703    .text.DMA_SetConfig  stm32h7xx_hal_dma.o
    0x080022b4   0x080022b4   0x00000004   PAD
    0x080022b8   0x080022b8   0x00000040   Code   RO         3244    .text.DWT_CNT_Update  bsp_dwt.o
    0x080022f8   0x080022f8   0x00000058   Code   RO         3256    .text.DWT_Delay     bsp_dwt.o
    0x08002350   0x08002350   0x0000004c   Code   RO         3242    .text.DWT_GetDeltaT  bsp_dwt.o
    0x0800239c   0x0800239c   0x00000004   PAD
    0x080023a0   0x080023a0   0x00000050   Code   RO         3250    .text.DWT_GetTimeline_s  bsp_dwt.o
    0x080023f0   0x080023f0   0x00000036   Code   RO         3254    .text.DWT_GetTimeline_us  bsp_dwt.o
    0x08002426   0x08002426   0x00000002   PAD
    0x08002428   0x08002428   0x00000088   Code   RO         3240    .text.DWT_Init      bsp_dwt.o
    0x080024b0   0x080024b0   0x000000fc   Code   RO         3248    .text.DWT_SysTimeUpdate  bsp_dwt.o
    0x080025ac   0x080025ac   0x00000004   PAD
    0x080025b0   0x080025b0   0x00000002   Code   RO          162    .text.DebugMon_Handler  stm32h7xx_it.o
    0x080025b2   0x080025b2   0x00000006   PAD
    0x080025b8   0x080025b8   0x0000010c   Code   RO         3215    .text.Diff_Wheel_Calc  chassis_task.o
    0x080026c4   0x080026c4   0x00000004   PAD
    0x080026c8   0x080026c8   0x00000102   Code   RO         3169    .text.EarthFrameToBodyFrame  ins_task.o
    0x080027ca   0x080027ca   0x00000006   PAD
    0x080027d0   0x080027d0   0x0000000e   Code   RO           15    .text.Error_Handler  main.o
    0x080027de   0x080027de   0x00000002   PAD
    0x080027e0   0x080027e0   0x00000082   Code   RO         3302    .text.FDCAN1_Config  bsp_can.o
    0x08002862   0x08002862   0x00000006   PAD
    0x08002868   0x08002868   0x00000010   Code   RO          178    .text.FDCAN1_IT0_IRQHandler  stm32h7xx_it.o
    0x08002878   0x08002878   0x00000082   Code   RO         3304    .text.FDCAN2_Config  bsp_can.o
    0x080028fa   0x080028fa   0x00000006   PAD
    0x08002900   0x08002900   0x00000010   Code   RO          180    .text.FDCAN2_IT0_IRQHandler  stm32h7xx_it.o
    0x08002910   0x08002910   0x00000082   Code   RO         3306    .text.FDCAN3_Config  bsp_can.o
    0x08002992   0x08002992   0x00000006   PAD
    0x08002998   0x08002998   0x00000010   Code   RO          194    .text.FDCAN3_IT0_IRQHandler  stm32h7xx_it.o
    0x080029a8   0x080029a8   0x000002c2   Code   RO         1341    .text.FDCAN_CalcultateRamBlockAddresses  stm32h7xx_hal_fdcan.o
    0x08002c6a   0x08002c6a   0x00000006   PAD
    0x08002c70   0x08002c70   0x00000066   Code   RO         2671    .text.Get_CRC16_Check_Sum  crc.o
    0x08002cd6   0x08002cd6   0x00000002   PAD
    0x08002cd8   0x08002cd8   0x00000038   Code   RO         3420    .text.Get_SerialNum  usbd_desc.o
    0x08002d10   0x08002d10   0x00000978   Code   RO          707    .text.HAL_DMA_Abort  stm32h7xx_hal_dma.o
    0x08003688   0x08003688   0x000006aa   Code   RO          709    .text.HAL_DMA_Abort_IT  stm32h7xx_hal_dma.o
    0x08003d32   0x08003d32   0x00000006   PAD
    0x08003d38   0x08003d38   0x000011c0   Code   RO          713    .text.HAL_DMA_IRQHandler  stm32h7xx_hal_dma.o
    0x08004ef8   0x08004ef8   0x00000962   Code   RO          689    .text.HAL_DMA_Init  stm32h7xx_hal_dma.o
    0x0800585a   0x0800585a   0x00000006   PAD
    0x08005860   0x08005860   0x00000702   Code   RO          705    .text.HAL_DMA_Start_IT  stm32h7xx_hal_dma.o
    0x08005f62   0x08005f62   0x00000006   PAD
    0x08005f68   0x08005f68   0x00000042   Code   RO         1026    .text.HAL_Delay     stm32h7xx_hal.o
    0x08005faa   0x08005faa   0x00000006   PAD
    0x08005fb0   0x08005fb0   0x000000fe   Code   RO         1489    .text.HAL_FDCAN_ActivateNotification  stm32h7xx_hal_fdcan.o
    0x080060ae   0x080060ae   0x00000002   PAD
    0x080060b0   0x080060b0   0x0000000a   Code   RO         1503    .text.HAL_FDCAN_ClockCalibrationCallback  stm32h7xx_hal_fdcan.o
    0x080060ba   0x080060ba   0x00000006   PAD
    0x080060c0   0x080060c0   0x00000116   Code   RO         1361    .text.HAL_FDCAN_ConfigFilter  stm32h7xx_hal_fdcan.o
    0x080061d6   0x080061d6   0x00000002   PAD
    0x080061d8   0x080061d8   0x0000005c   Code   RO         1363    .text.HAL_FDCAN_ConfigGlobalFilter  stm32h7xx_hal_fdcan.o
    0x08006234   0x08006234   0x00000004   PAD
    0x08006238   0x08006238   0x00000008   Code   RO         1531    .text.HAL_FDCAN_ErrorCallback  stm32h7xx_hal_fdcan.o
    0x08006240   0x08006240   0x0000000a   Code   RO         1521    .text.HAL_FDCAN_ErrorStatusCallback  stm32h7xx_hal_fdcan.o
    0x0800624a   0x0800624a   0x00000006   PAD
    0x08006250   0x08006250   0x000002f8   Code   RO         1421    .text.HAL_FDCAN_GetRxMessage  stm32h7xx_hal_fdcan.o
    0x08006548   0x08006548   0x00000008   Code   RO         1499    .text.HAL_FDCAN_HighPriorityMessageCallback  stm32h7xx_hal_fdcan.o
    0x08006550   0x08006550   0x000005e2   Code   RO         1497    .text.HAL_FDCAN_IRQHandler  stm32h7xx_hal_fdcan.o
    0x08006b32   0x08006b32   0x00000006   PAD
    0x08006b38   0x08006b38   0x000003e0   Code   RO         1337    .text.HAL_FDCAN_Init  stm32h7xx_hal_fdcan.o
    0x08006f18   0x08006f18   0x0000025a   Code   RO           80    .text.HAL_FDCAN_MspInit  fdcan.o
    0x08007172   0x08007172   0x00000006   PAD
    0x08007178   0x08007178   0x00000008   Code   RO         1515    .text.HAL_FDCAN_RxBufferNewMessageCallback  stm32h7xx_hal_fdcan.o
    0x08007180   0x08007180   0x0000008e   Code   RO         3310    .text.HAL_FDCAN_RxFifo0Callback  bsp_can.o
    0x0800720e   0x0800720e   0x00000002   PAD
    0x08007210   0x08007210   0x00000052   Code   RO         3312    .text.HAL_FDCAN_RxFifo1Callback  bsp_can.o
    0x08007262   0x08007262   0x00000006   PAD
    0x08007268   0x08007268   0x00000050   Code   RO         1407    .text.HAL_FDCAN_Start  stm32h7xx_hal_fdcan.o
    0x080072b8   0x080072b8   0x0000000a   Code   RO         1529    .text.HAL_FDCAN_TT_GlobalTimeCallback  stm32h7xx_hal_fdcan.o
    0x080072c2   0x080072c2   0x00000006   PAD
    0x080072c8   0x080072c8   0x0000000a   Code   RO         1523    .text.HAL_FDCAN_TT_ScheduleSyncCallback  stm32h7xx_hal_fdcan.o
    0x080072d2   0x080072d2   0x00000006   PAD
    0x080072d8   0x080072d8   0x0000000c   Code   RO         1527    .text.HAL_FDCAN_TT_StopWatchCallback  stm32h7xx_hal_fdcan.o
    0x080072e4   0x080072e4   0x00000004   PAD
    0x080072e8   0x080072e8   0x0000000a   Code   RO         1525    .text.HAL_FDCAN_TT_TimeMarkCallback  stm32h7xx_hal_fdcan.o
    0x080072f2   0x080072f2   0x00000006   PAD
    0x080072f8   0x080072f8   0x00000008   Code   RO         1519    .text.HAL_FDCAN_TimeoutOccurredCallback  stm32h7xx_hal_fdcan.o
    0x08007300   0x08007300   0x00000008   Code   RO         1517    .text.HAL_FDCAN_TimestampWraparoundCallback  stm32h7xx_hal_fdcan.o
    0x08007308   0x08007308   0x0000000a   Code   RO         1501    .text.HAL_FDCAN_TxBufferAbortCallback  stm32h7xx_hal_fdcan.o
    0x08007312   0x08007312   0x00000006   PAD
    0x08007318   0x08007318   0x0000000a   Code   RO         1513    .text.HAL_FDCAN_TxBufferCompleteCallback  stm32h7xx_hal_fdcan.o
    0x08007322   0x08007322   0x00000006   PAD
    0x08007328   0x08007328   0x0000000a   Code   RO         1505    .text.HAL_FDCAN_TxEventFifoCallback  stm32h7xx_hal_fdcan.o
    0x08007332   0x08007332   0x00000006   PAD
    0x08007338   0x08007338   0x00000008   Code   RO         1511    .text.HAL_FDCAN_TxFifoEmptyCallback  stm32h7xx_hal_fdcan.o
    0x08007340   0x08007340   0x000003a8   Code   RO          637    .text.HAL_GPIO_Init  stm32h7xx_hal_gpio.o
    0x080076e8   0x080076e8   0x0000002e   Code   RO          641    .text.HAL_GPIO_ReadPin  stm32h7xx_hal_gpio.o
    0x08007716   0x08007716   0x00000002   PAD
    0x08007718   0x08007718   0x0000002e   Code   RO          643    .text.HAL_GPIO_WritePin  stm32h7xx_hal_gpio.o
    0x08007746   0x08007746   0x00000002   PAD
    0x08007748   0x08007748   0x0000000c   Code   RO         1018    .text.HAL_GetTick   stm32h7xx_hal.o
    0x08007754   0x08007754   0x00000004   PAD
    0x08007758   0x08007758   0x0000001a   Code   RO         1016    .text.HAL_IncTick   stm32h7xx_hal.o
    0x08007772   0x08007772   0x00000006   PAD
    0x08007778   0x08007778   0x0000007a   Code   RO         1006    .text.HAL_Init      stm32h7xx_hal.o
    0x080077f2   0x080077f2   0x00000006   PAD
    0x080077f8   0x080077f8   0x000000d8   Code   RO          211    .text.HAL_InitTick  stm32h7xx_hal_timebase_tim.o
    0x080078d0   0x080078d0   0x00000032   Code   RO          203    .text.HAL_MspInit   stm32h7xx_hal_msp.o
    0x08007902   0x08007902   0x00000006   PAD
    0x08007908   0x08007908   0x00000014   Code   RO          941    .text.HAL_NVIC_EnableIRQ  stm32h7xx_hal_cortex.o
    0x0800791c   0x0800791c   0x00000004   PAD
    0x08007920   0x08007920   0x0000002e   Code   RO          933    .text.HAL_NVIC_SetPriority  stm32h7xx_hal_cortex.o
    0x0800794e   0x0800794e   0x00000002   PAD
    0x08007950   0x08007950   0x00000010   Code   RO          929    .text.HAL_NVIC_SetPriorityGrouping  stm32h7xx_hal_cortex.o
    0x08007960   0x08007960   0x00000036   Code   RO          310    .text.HAL_PCDEx_ActivateLPM  stm32h7xx_hal_pcd_ex.o
    0x08007996   0x08007996   0x00000002   PAD
    0x08007998   0x08007998   0x0000000c   Code   RO          322    .text.HAL_PCDEx_LPM_Callback  stm32h7xx_hal_pcd_ex.o
    0x080079a4   0x080079a4   0x00000004   PAD
    0x080079a8   0x080079a8   0x00000018   Code   RO          308    .text.HAL_PCDEx_SetRxFiFo  stm32h7xx_hal_pcd_ex.o
    0x080079c0   0x080079c0   0x0000009c   Code   RO          306    .text.HAL_PCDEx_SetTxFiFo  stm32h7xx_hal_pcd_ex.o
    0x08007a5c   0x08007a5c   0x00000004   PAD
    0x08007a60   0x08007a60   0x00000014   Code   RO         3484    .text.HAL_PCD_ConnectCallback  usbd_conf.o
    0x08007a74   0x08007a74   0x00000004   PAD
    0x08007a78   0x08007a78   0x00000026   Code   RO         3470    .text.HAL_PCD_DataInStageCallback  usbd_conf.o
    0x08007a9e   0x08007a9e   0x00000002   PAD
    0x08007aa0   0x08007aa0   0x00000028   Code   RO         3468    .text.HAL_PCD_DataOutStageCallback  usbd_conf.o
    0x08007ac8   0x08007ac8   0x00000014   Code   RO         3486    .text.HAL_PCD_DisconnectCallback  usbd_conf.o
    0x08007adc   0x08007adc   0x00000004   PAD
    0x08007ae0   0x08007ae0   0x0000005e   Code   RO          259    .text.HAL_PCD_EP_Abort  stm32h7xx_hal_pcd.o
    0x08007b3e   0x08007b3e   0x00000002   PAD
    0x08007b40   0x08007b40   0x000000a8   Code   RO          277    .text.HAL_PCD_EP_Close  stm32h7xx_hal_pcd.o
    0x08007be8   0x08007be8   0x000000c8   Code   RO          287    .text.HAL_PCD_EP_ClrStall  stm32h7xx_hal_pcd.o
    0x08007cb0   0x08007cb0   0x00000022   Code   RO          281    .text.HAL_PCD_EP_GetRxCount  stm32h7xx_hal_pcd.o
    0x08007cd2   0x08007cd2   0x00000006   PAD
    0x08007cd8   0x08007cd8   0x000000ea   Code   RO          275    .text.HAL_PCD_EP_Open  stm32h7xx_hal_pcd.o
    0x08007dc2   0x08007dc2   0x00000006   PAD
    0x08007dc8   0x08007dc8   0x0000006c   Code   RO          279    .text.HAL_PCD_EP_Receive  stm32h7xx_hal_pcd.o
    0x08007e34   0x08007e34   0x00000004   PAD
    0x08007e38   0x08007e38   0x000000de   Code   RO          285    .text.HAL_PCD_EP_SetStall  stm32h7xx_hal_pcd.o
    0x08007f16   0x08007f16   0x00000002   PAD
    0x08007f18   0x08007f18   0x0000006c   Code   RO          283    .text.HAL_PCD_EP_Transmit  stm32h7xx_hal_pcd.o
    0x08007f84   0x08007f84   0x00000004   PAD
    0x08007f88   0x08007f88   0x00000888   Code   RO          237    .text.HAL_PCD_IRQHandler  stm32h7xx_hal_pcd.o
    0x08008810   0x08008810   0x0000001c   Code   RO         3482    .text.HAL_PCD_ISOINIncompleteCallback  usbd_conf.o
    0x0800882c   0x0800882c   0x00000004   PAD
    0x08008830   0x08008830   0x0000001c   Code   RO         3480    .text.HAL_PCD_ISOOUTIncompleteCallback  usbd_conf.o
    0x0800884c   0x0800884c   0x00000004   PAD
    0x08008850   0x08008850   0x0000023a   Code   RO          225    .text.HAL_PCD_Init  stm32h7xx_hal_pcd.o
    0x08008a8a   0x08008a8a   0x00000006   PAD
    0x08008a90   0x08008a90   0x00000078   Code   RO         3462    .text.HAL_PCD_MspInit  usbd_conf.o
    0x08008b08   0x08008b08   0x00000052   Code   RO         3474    .text.HAL_PCD_ResetCallback  usbd_conf.o
    0x08008b5a   0x08008b5a   0x00000006   PAD
    0x08008b60   0x08008b60   0x00000014   Code   RO         3478    .text.HAL_PCD_ResumeCallback  usbd_conf.o
    0x08008b74   0x08008b74   0x00000004   PAD
    0x08008b78   0x08008b78   0x00000014   Code   RO         3472    .text.HAL_PCD_SOFCallback  usbd_conf.o
    0x08008b8c   0x08008b8c   0x00000004   PAD
    0x08008b90   0x08008b90   0x0000005c   Code   RO          273    .text.HAL_PCD_SetAddress  stm32h7xx_hal_pcd.o
    0x08008bec   0x08008bec   0x00000004   PAD
    0x08008bf0   0x08008bf0   0x00000018   Code   RO         3466    .text.HAL_PCD_SetupStageCallback  usbd_conf.o
    0x08008c08   0x08008c08   0x0000007c   Code   RO          233    .text.HAL_PCD_Start  stm32h7xx_hal_pcd.o
    0x08008c84   0x08008c84   0x00000004   PAD
    0x08008c88   0x08008c88   0x0000003e   Code   RO         3476    .text.HAL_PCD_SuspendCallback  usbd_conf.o
    0x08008cc6   0x08008cc6   0x00000002   PAD
    0x08008cc8   0x08008cc8   0x000000a2   Code   RO          846    .text.HAL_PWREx_ConfigSupply  stm32h7xx_hal_pwr_ex.o
    0x08008d6a   0x08008d6a   0x00000006   PAD
    0x08008d70   0x08008d70   0x00000012   Code   RO          896    .text.HAL_PWREx_EnableUSBVoltageDetector  stm32h7xx_hal_pwr_ex.o
    0x08008d82   0x08008d82   0x00000006   PAD
    0x08008d88   0x08008d88   0x00000026   Code   RO          487    .text.HAL_RCCEx_GetD3PCLK1Freq  stm32h7xx_hal_rcc_ex.o
    0x08008dae   0x08008dae   0x00000002   PAD
    0x08008db0   0x08008db0   0x000002ac   Code   RO          483    .text.HAL_RCCEx_GetPLL2ClockFreq  stm32h7xx_hal_rcc_ex.o
    0x0800905c   0x0800905c   0x00000004   PAD
    0x08009060   0x08009060   0x000002ac   Code   RO          485    .text.HAL_RCCEx_GetPLL3ClockFreq  stm32h7xx_hal_rcc_ex.o
    0x0800930c   0x0800930c   0x00000004   PAD
    0x08009310   0x08009310   0x00000fec   Code   RO          471    .text.HAL_RCCEx_PeriphCLKConfig  stm32h7xx_hal_rcc_ex.o
    0x0800a2fc   0x0800a2fc   0x00000004   PAD
    0x0800a300   0x0800a300   0x00000498   Code   RO          440    .text.HAL_RCC_ClockConfig  stm32h7xx_hal_rcc.o
    0x0800a798   0x0800a798   0x00000088   Code   RO          458    .text.HAL_RCC_GetClockConfig  stm32h7xx_hal_rcc.o
    0x0800a820   0x0800a820   0x00000056   Code   RO          450    .text.HAL_RCC_GetHCLKFreq  stm32h7xx_hal_rcc.o
    0x0800a876   0x0800a876   0x00000002   PAD
    0x0800a878   0x0800a878   0x00000026   Code   RO          452    .text.HAL_RCC_GetPCLK1Freq  stm32h7xx_hal_rcc.o
    0x0800a89e   0x0800a89e   0x00000002   PAD
    0x0800a8a0   0x0800a8a0   0x00000026   Code   RO          454    .text.HAL_RCC_GetPCLK2Freq  stm32h7xx_hal_rcc.o
    0x0800a8c6   0x0800a8c6   0x00000002   PAD
    0x0800a8c8   0x0800a8c8   0x00000310   Code   RO          442    .text.HAL_RCC_GetSysClockFreq  stm32h7xx_hal_rcc.o
    0x0800abd8   0x0800abd8   0x00000a20   Code   RO          438    .text.HAL_RCC_OscConfig  stm32h7xx_hal_rcc.o
    0x0800b5f8   0x0800b5f8   0x000000d0   Code   RO         2166    .text.HAL_RS485Ex_Init  stm32h7xx_hal_uart_ex.o
    0x0800b6c8   0x0800b6c8   0x00000008   Code   RO         1626    .text.HAL_SPI_ErrorCallback  stm32h7xx_hal_spi.o
    0x0800b6d0   0x0800b6d0   0x00000390   Code   RO         1622    .text.HAL_SPI_IRQHandler  stm32h7xx_hal_spi.o
    0x0800ba60   0x0800ba60   0x00000292   Code   RO         1546    .text.HAL_SPI_Init  stm32h7xx_hal_spi.o
    0x0800bcf2   0x0800bcf2   0x00000006   PAD
    0x0800bcf8   0x0800bcf8   0x000001b8   Code   RO           97    .text.HAL_SPI_MspInit  spi.o
    0x0800beb0   0x0800beb0   0x00000008   Code   RO         1630    .text.HAL_SPI_RxCpltCallback  stm32h7xx_hal_spi.o
    0x0800beb8   0x0800beb8   0x00000008   Code   RO         1624    .text.HAL_SPI_SuspendCallback  stm32h7xx_hal_spi.o
    0x0800bec0   0x0800bec0   0x00000704   Code   RO         1564    .text.HAL_SPI_TransmitReceive  stm32h7xx_hal_spi.o
    0x0800c5c4   0x0800c5c4   0x00000004   PAD
    0x0800c5c8   0x0800c5c8   0x00000008   Code   RO         1632    .text.HAL_SPI_TxCpltCallback  stm32h7xx_hal_spi.o
    0x0800c5d0   0x0800c5d0   0x00000008   Code   RO         1628    .text.HAL_SPI_TxRxCpltCallback  stm32h7xx_hal_spi.o
    0x0800c5d8   0x0800c5d8   0x00000008   Code   RO         2005    .text.HAL_TIMEx_Break2Callback  stm32h7xx_hal_tim_ex.o
    0x0800c5e0   0x0800c5e0   0x00000008   Code   RO         2003    .text.HAL_TIMEx_BreakCallback  stm32h7xx_hal_tim_ex.o
    0x0800c5e8   0x0800c5e8   0x00000008   Code   RO         1999    .text.HAL_TIMEx_CommutCallback  stm32h7xx_hal_tim_ex.o
    0x0800c5f0   0x0800c5f0   0x0000017c   Code   RO         1983    .text.HAL_TIMEx_MasterConfigSynchronization  stm32h7xx_hal_tim_ex.o
    0x0800c76c   0x0800c76c   0x00000004   PAD
    0x0800c770   0x0800c770   0x000000a8   Code   RO         1666    .text.HAL_TIM_Base_Init  stm32h7xx_hal_tim.o
    0x0800c818   0x0800c818   0x00000008   Code   RO         1668    .text.HAL_TIM_Base_MspInit  stm32h7xx_hal_tim.o
    0x0800c820   0x0800c820   0x00000128   Code   RO         1680    .text.HAL_TIM_Base_Start_IT  stm32h7xx_hal_tim.o
    0x0800c948   0x0800c948   0x00000008   Code   RO         1802    .text.HAL_TIM_IC_CaptureCallback  stm32h7xx_hal_tim.o
    0x0800c950   0x0800c950   0x00000250   Code   RO         1800    .text.HAL_TIM_IRQHandler  stm32h7xx_hal_tim.o
    0x0800cba0   0x0800cba0   0x00000064   Code   RO          113    .text.HAL_TIM_MspPostInit  tim.o
    0x0800cc04   0x0800cc04   0x00000004   PAD
    0x0800cc08   0x0800cc08   0x00000008   Code   RO         1804    .text.HAL_TIM_OC_DelayElapsedCallback  stm32h7xx_hal_tim.o
    0x0800cc10   0x0800cc10   0x000001b0   Code   RO         1836    .text.HAL_TIM_PWM_ConfigChannel  stm32h7xx_hal_tim.o
    0x0800cdc0   0x0800cdc0   0x000000a8   Code   RO         1720    .text.HAL_TIM_PWM_Init  stm32h7xx_hal_tim.o
    0x0800ce68   0x0800ce68   0x0000003a   Code   RO          115    .text.HAL_TIM_PWM_MspInit  tim.o
    0x0800cea2   0x0800cea2   0x00000006   PAD
    0x0800cea8   0x0800cea8   0x00000008   Code   RO         1806    .text.HAL_TIM_PWM_PulseFinishedCallback  stm32h7xx_hal_tim.o
    0x0800ceb0   0x0800ceb0   0x0000001c   Code   RO           17    .text.HAL_TIM_PeriodElapsedCallback  main.o
    0x0800cecc   0x0800cecc   0x00000004   PAD
    0x0800ced0   0x0800ced0   0x00000008   Code   RO         1810    .text.HAL_TIM_TriggerCallback  stm32h7xx_hal_tim.o
    0x0800ced8   0x0800ced8   0x0000007c   Code   RO         2188    .text.HAL_UARTEx_DisableFifoMode  stm32h7xx_hal_uart_ex.o
    0x0800cf54   0x0800cf54   0x00000004   PAD
    0x0800cf58   0x0800cf58   0x00000066   Code   RO         3287    .text.HAL_UARTEx_RxEventCallback  bsp_uart.o
    0x0800cfbe   0x0800cfbe   0x00000002   PAD
    0x0800cfc0   0x0800cfc0   0x00000008   Code   RO         2170    .text.HAL_UARTEx_RxFifoFullCallback  stm32h7xx_hal_uart_ex.o
    0x0800cfc8   0x0800cfc8   0x0000008c   Code   RO         2192    .text.HAL_UARTEx_SetRxFifoThreshold  stm32h7xx_hal_uart_ex.o
    0x0800d054   0x0800d054   0x00000004   PAD
    0x0800d058   0x0800d058   0x0000008c   Code   RO         2190    .text.HAL_UARTEx_SetTxFifoThreshold  stm32h7xx_hal_uart_ex.o
    0x0800d0e4   0x0800d0e4   0x00000004   PAD
    0x0800d0e8   0x0800d0e8   0x00000008   Code   RO         2172    .text.HAL_UARTEx_TxFifoEmptyCallback  stm32h7xx_hal_uart_ex.o
    0x0800d0f0   0x0800d0f0   0x00000008   Code   RO         2168    .text.HAL_UARTEx_WakeupCallback  stm32h7xx_hal_uart_ex.o
    0x0800d0f8   0x0800d0f8   0x00000008   Code   RO         2110    .text.HAL_UART_ErrorCallback  stm32h7xx_hal_uart.o
    0x0800d100   0x0800d100   0x000006c8   Code   RO         2106    .text.HAL_UART_IRQHandler  stm32h7xx_hal_uart.o
    0x0800d7c8   0x0800d7c8   0x000000aa   Code   RO         2018    .text.HAL_UART_Init  stm32h7xx_hal_uart.o
    0x0800d872   0x0800d872   0x00000006   PAD
    0x0800d878   0x0800d878   0x0000041e   Code   RO          133    .text.HAL_UART_MspInit  usart.o
    0x0800dc96   0x0800dc96   0x00000002   PAD
    0x0800dc98   0x0800dc98   0x00000108   Code   RO         2058    .text.HAL_UART_Transmit_DMA  stm32h7xx_hal_uart.o
    0x0800dda0   0x0800dda0   0x00000008   Code   RO         2116    .text.HAL_UART_TxCpltCallback  stm32h7xx_hal_uart.o
    0x0800dda8   0x0800dda8   0x00000008   Code   RO         2118    .text.HAL_UART_TxHalfCpltCallback  stm32h7xx_hal_uart.o
    0x0800ddb0   0x0800ddb0   0x00000004   Code   RO          154    .text.HardFault_Handler  stm32h7xx_it.o
    0x0800ddb4   0x0800ddb4   0x00000004   PAD
    0x0800ddb8   0x0800ddb8   0x00000038   Code   RO         3165    .text.INS_Init      ins_task.o
    0x0800ddf0   0x0800ddf0   0x0000000e   Code   RO           39    .text.INS_Task      freertos.o
    0x0800ddfe   0x0800ddfe   0x00000002   PAD
    0x0800de00   0x0800de00   0x0000036c   Code   RO         3167    .text.INS_task      ins_task.o
    0x0800e16c   0x0800e16c   0x00000004   PAD
    0x0800e170   0x0800e170   0x00000076   Code   RO         3424    .text.IntToUnicode  usbd_desc.o
    0x0800e1e6   0x0800e1e6   0x00000002   PAD
    0x0800e1e8   0x0800e1e8   0x000000f4   Code   RO         3199    .text.Lift_Control  chassis_task.o
    0x0800e2dc   0x0800e2dc   0x00000004   PAD
    0x0800e2e0   0x0800e2e0   0x000000aa   Code   RO           66    .text.MX_DMA_Init   dma.o
    0x0800e38a   0x0800e38a   0x00000006   PAD
    0x0800e390   0x0800e390   0x00000076   Code   RO           74    .text.MX_FDCAN1_Init  fdcan.o
    0x0800e406   0x0800e406   0x00000002   PAD
    0x0800e408   0x0800e408   0x0000007a   Code   RO           76    .text.MX_FDCAN2_Init  fdcan.o
    0x0800e482   0x0800e482   0x00000006   PAD
    0x0800e488   0x0800e488   0x0000007a   Code   RO           78    .text.MX_FDCAN3_Init  fdcan.o
    0x0800e502   0x0800e502   0x00000006   PAD
    0x0800e508   0x0800e508   0x0000014a   Code   RO           35    .text.MX_FREERTOS_Init  freertos.o
    0x0800e652   0x0800e652   0x00000006   PAD
    0x0800e658   0x0800e658   0x000001b8   Code   RO           27    .text.MX_GPIO_Init  gpio.o
    0x0800e810   0x0800e810   0x0000006e   Code   RO           95    .text.MX_SPI2_Init  spi.o
    0x0800e87e   0x0800e87e   0x00000002   PAD
    0x0800e880   0x0800e880   0x000000a2   Code   RO          111    .text.MX_TIM3_Init  tim.o
    0x0800e922   0x0800e922   0x00000006   PAD
    0x0800e928   0x0800e928   0x0000009c   Code   RO          127    .text.MX_UART5_Init  usart.o
    0x0800e9c4   0x0800e9c4   0x00000004   PAD
    0x0800e9c8   0x0800e9c8   0x0000008e   Code   RO          131    .text.MX_USART10_UART_Init  usart.o
    0x0800ea56   0x0800ea56   0x00000002   PAD
    0x0800ea58   0x0800ea58   0x00000096   Code   RO          129    .text.MX_USART2_UART_Init  usart.o
    0x0800eaee   0x0800eaee   0x00000002   PAD
    0x0800eaf0   0x0800eaf0   0x0000007a   Code   RO         3397    .text.MX_USB_DEVICE_Init  usb_device.o
    0x0800eb6a   0x0800eb6a   0x00000006   PAD
    0x0800eb70   0x0800eb70   0x00000004   Code   RO          156    .text.MemManage_Handler  stm32h7xx_it.o
    0x0800eb74   0x0800eb74   0x00000004   PAD
    0x0800eb78   0x0800eb78   0x0000000e   Code   RO           45    .text.Motor_Fb_Task  freertos.o
    0x0800eb86   0x0800eb86   0x00000002   PAD
    0x0800eb88   0x0800eb88   0x00000090   Code   RO         3209    .text.Motor_Feedback_Task  chassis_task.o
    0x0800ec18   0x0800ec18   0x00000004   Code   RO          152    .text.NMI_Handler   stm32h7xx_it.o
    0x0800ec1c   0x0800ec1c   0x00000004   PAD
    0x0800ec20   0x0800ec20   0x0000006c   Code   RO          939    .text.NVIC_EncodePriority  stm32h7xx_hal_cortex.o
    0x0800ec8c   0x0800ec8c   0x00000004   PAD
    0x0800ec90   0x0800ec90   0x00000010   Code   RO          190    .text.OTG_HS_IRQHandler  stm32h7xx_it.o
    0x0800eca0   0x0800eca0   0x0000008a   Code   RO          241    .text.PCD_EP_OutSetupPacket_int  stm32h7xx_hal_pcd.o
    0x0800ed2a   0x0800ed2a   0x00000006   PAD
    0x0800ed30   0x0800ed30   0x000001c8   Code   RO          239    .text.PCD_EP_OutXfrComplete_int  stm32h7xx_hal_pcd.o
    0x0800eef8   0x0800eef8   0x00000132   Code   RO          249    .text.PCD_WriteEmptyTxFifo  stm32h7xx_hal_pcd.o
    0x0800f02a   0x0800f02a   0x00000006   PAD
    0x0800f030   0x0800f030   0x0000008e   Code   RO         2416    .text.PC_Info_Update  pc_comm.o
    0x0800f0be   0x0800f0be   0x00000002   PAD
    0x0800f0c0   0x0800f0c0   0x000000a4   Code   RO         2420    .text.PC_Info_Upload  pc_comm.o
    0x0800f164   0x0800f164   0x00000004   PAD
    0x0800f168   0x0800f168   0x00000158   Code   RO         3229    .text.PS2_Ctrl_Chassis  ps2_task.o
    0x0800f2c0   0x0800f2c0   0x00000036   Code   RO         2435    .text.PS2_Init      ps2_device.o
    0x0800f2f6   0x0800f2f6   0x00000002   PAD
    0x0800f2f8   0x0800f2f8   0x0000006a   Code   RO         3227    .text.PS2_Mode_Switch  ps2_task.o
    0x0800f362   0x0800f362   0x00000006   PAD
    0x0800f368   0x0800f368   0x000000d8   Code   RO         2439    .text.PS2_ReadWriteData  ps2_device.o
    0x0800f440   0x0800f440   0x00000100   Code   RO         2437    .text.PS2_ScanKey   ps2_device.o
    0x0800f540   0x0800f540   0x0000000e   Code   RO           43    .text.PS2_Task      freertos.o
    0x0800f54e   0x0800f54e   0x00000002   PAD
    0x0800f550   0x0800f550   0x00000050   Code   RO         3225    .text.PS2_task      ps2_task.o
    0x0800f5a0   0x0800f5a0   0x00000064   Code   RO         3149    .text.PendSV_Handler  port.o
    0x0800f604   0x0800f604   0x00000004   PAD
    0x0800f608   0x0800f608   0x000001ca   Code   RO          473    .text.RCCEx_PLL2_Config  stm32h7xx_hal_rcc_ex.o
    0x0800f7d2   0x0800f7d2   0x00000006   PAD
    0x0800f7d8   0x0800f7d8   0x000001ca   Code   RO          475    .text.RCCEx_PLL3_Config  stm32h7xx_hal_rcc_ex.o
    0x0800f9a2   0x0800f9a2   0x00000006   PAD
    0x0800f9a8   0x0800f9a8   0x0000004a   Code   RO         2418    .text.RX_Sum_L8     pc_comm.o
    0x0800f9f2   0x0800f9f2   0x00000006   PAD
    0x0800f9f8   0x0800f9f8   0x00000180   Code   RO         2449    .text.RotationMatrix_update  mahony_filter.o
    0x0800fb78   0x0800fb78   0x00000130   Code   RO         2285    .text.SBUS_TO_RC    remote_control.o
    0x0800fca8   0x0800fca8   0x00000010   Code   RO          184    .text.SPI2_IRQHandler  stm32h7xx_it.o
    0x0800fcb8   0x0800fcb8   0x00000116   Code   RO         1558    .text.SPI_CloseTransfer  stm32h7xx_hal_spi.o
    0x0800fdce   0x0800fdce   0x00000002   PAD
    0x0800fdd0   0x0800fdd0   0x0000002c   Code   RO         1634    .text.SPI_DMAAbortOnError  stm32h7xx_hal_spi.o
    0x0800fdfc   0x0800fdfc   0x00000004   PAD
    0x0800fe00   0x0800fe00   0x0000002a   Code   RO         1548    .text.SPI_GetPacketSize  stm32h7xx_hal_spi.o
    0x0800fe2a   0x0800fe2a   0x00000006   PAD
    0x0800fe30   0x0800fe30   0x00000068   Code   RO         1560    .text.SPI_WaitOnFlagUntilTimeout  stm32h7xx_hal_spi.o
    0x0800fe98   0x0800fe98   0x00000008   PAD
    0x0800fea0   0x0800fea0   0x00000024   Code   RO         3133    .text.SVC_Handler   port.o
    0x0800fec4   0x0800fec4   0x00000004   PAD
    0x0800fec8   0x0800fec8   0x00000036   Code   RO         3612    .text.SWAPBYTE      usbd_ctlreq.o
    0x0800fefe   0x0800fefe   0x00000002   PAD
    0x0800ff00   0x0800ff00   0x00000014   Code   RO           37    .text.StartDefaultTask  freertos.o
    0x0800ff14   0x0800ff14   0x00000004   PAD
    0x0800ff18   0x0800ff18   0x00000070   Code   RO         2391    .text.Stepper_ID_Select  stepper_motor.o
    0x0800ff88   0x0800ff88   0x0000003a   Code   RO         2383    .text.Stepper_Motor_Call_Info  stepper_motor.o
    0x0800ffc2   0x0800ffc2   0x00000006   PAD
    0x0800ffc8   0x0800ffc8   0x0000003a   Code   RO         2385    .text.Stepper_Motor_Call_RxInfo  stepper_motor.o
    0x08010002   0x08010002   0x00000006   PAD
    0x08010008   0x08010008   0x00000036   Code   RO         2387    .text.Stepper_Motor_Call_Zero_RxInfo  stepper_motor.o
    0x0801003e   0x0801003e   0x00000002   PAD
    0x08010040   0x08010040   0x00000220   Code   RO         2393    .text.Stepper_Motor_Info_Update  stepper_motor.o
    0x08010260   0x08010260   0x00000048   Code   RO         2375    .text.Stepper_Motor_Set_Cmd  stepper_motor.o
    0x080102a8   0x080102a8   0x000000c4   Code   RO         2377    .text.Stepper_Motor_Set_Pos  stepper_motor.o
    0x0801036c   0x0801036c   0x00000004   PAD
    0x08010370   0x08010370   0x00000086   Code   RO         2381    .text.Stepper_Motor_Set_Speed  stepper_motor.o
    0x080103f6   0x080103f6   0x00000002   PAD
    0x080103f8   0x080103f8   0x00000044   Code   RO         2371    .text.Stepper_Motor_Set_Zero_Cmd  stepper_motor.o
    0x0801043c   0x0801043c   0x00000004   PAD
    0x08010440   0x08010440   0x000000a0   Code   RO         2373    .text.Stepper_Motor_Set_Zero_Info  stepper_motor.o
    0x080104e0   0x080104e0   0x0000026a   Code   RO         2389    .text.Stepper_RxInfo_Unpack  stepper_motor.o
    0x0801074a   0x0801074a   0x00000006   PAD
    0x08010750   0x08010750   0x00000072   Code   RO         2395    .text.Stepper_Turn_sign  stepper_motor.o
    0x080107c2   0x080107c2   0x00000006   PAD
    0x080107c8   0x080107c8   0x0000003c   Code   RO         3151    .text.SysTick_Handler  port.o
    0x08010804   0x08010804   0x00000004   PAD
    0x08010808   0x08010808   0x000000d0   Code   RO           13    .text.SystemClock_Config  main.o
    0x080108d8   0x080108d8   0x0000013a   Code   RO         2211    .text.SystemInit    system_stm32h7xx.o
    0x08010a12   0x08010a12   0x00000006   PAD
    0x08010a18   0x08010a18   0x00000010   Code   RO          182    .text.TIM2_IRQHandler  stm32h7xx_it.o
    0x08010a28   0x08010a28   0x000001d0   Code   RO         1670    .text.TIM_Base_SetConfig  stm32h7xx_hal_tim.o
    0x08010bf8   0x08010bf8   0x00000150   Code   RO         1814    .text.TIM_OC1_SetConfig  stm32h7xx_hal_tim.o
    0x08010d48   0x08010d48   0x0000016c   Code   RO         1816    .text.TIM_OC2_SetConfig  stm32h7xx_hal_tim.o
    0x08010eb4   0x08010eb4   0x00000004   PAD
    0x08010eb8   0x08010eb8   0x0000016a   Code   RO         1818    .text.TIM_OC3_SetConfig  stm32h7xx_hal_tim.o
    0x08011022   0x08011022   0x00000006   PAD
    0x08011028   0x08011028   0x000000da   Code   RO         1820    .text.TIM_OC4_SetConfig  stm32h7xx_hal_tim.o
    0x08011102   0x08011102   0x00000006   PAD
    0x08011108   0x08011108   0x000000d0   Code   RO         1822    .text.TIM_OC5_SetConfig  stm32h7xx_hal_tim.o
    0x080111d8   0x080111d8   0x000000d2   Code   RO         1824    .text.TIM_OC6_SetConfig  stm32h7xx_hal_tim.o
    0x080112aa   0x080112aa   0x00000006   PAD
    0x080112b0   0x080112b0   0x00000042   Code   RO         2422    .text.TX_XOR_Checksum  pc_comm.o
    0x080112f2   0x080112f2   0x00000006   PAD
    0x080112f8   0x080112f8   0x00000010   Code   RO          188    .text.UART5_IRQHandler  stm32h7xx_it.o
    0x08011308   0x08011308   0x00000086   Code   RO         2186    .text.UARTEx_SetNbDataToProcess  stm32h7xx_hal_uart_ex.o
    0x0801138e   0x0801138e   0x00000002   PAD
    0x08011390   0x08011390   0x00000148   Code   RO         2022    .text.UART_AdvFeatureConfig  stm32h7xx_hal_uart.o
    0x080114d8   0x080114d8   0x00000146   Code   RO         2026    .text.UART_CheckIdleState  stm32h7xx_hal_uart.o
    0x0801161e   0x0801161e   0x00000002   PAD
    0x08011620   0x08011620   0x00000024   Code   RO         2108    .text.UART_DMAAbortOnError  stm32h7xx_hal_uart.o
    0x08011644   0x08011644   0x00000004   PAD
    0x08011648   0x08011648   0x00000080   Code   RO         2064    .text.UART_DMAError  stm32h7xx_hal_uart.o
    0x080116c8   0x080116c8   0x0000007a   Code   RO         2060    .text.UART_DMATransmitCplt  stm32h7xx_hal_uart.o
    0x08011742   0x08011742   0x00000006   PAD
    0x08011748   0x08011748   0x00000016   Code   RO         2062    .text.UART_DMATxHalfCplt  stm32h7xx_hal_uart.o
    0x0801175e   0x0801175e   0x00000002   PAD
    0x08011760   0x08011760   0x0000009e   Code   RO         2078    .text.UART_EndRxTransfer  stm32h7xx_hal_uart.o
    0x080117fe   0x080117fe   0x00000002   PAD
    0x08011800   0x08011800   0x00000044   Code   RO         2114    .text.UART_EndTransmit_IT  stm32h7xx_hal_uart.o
    0x08011844   0x08011844   0x00000004   PAD
    0x08011848   0x08011848   0x0000005c   Code   RO         2076    .text.UART_EndTxTransfer  stm32h7xx_hal_uart.o
    0x080118a4   0x080118a4   0x00000004   PAD
    0x080118a8   0x080118a8   0x00000a4e   Code   RO         2024    .text.UART_SetConfig  stm32h7xx_hal_uart.o
    0x080122f6   0x080122f6   0x00000002   PAD
    0x080122f8   0x080122f8   0x0000010c   Code   RO         2040    .text.UART_WaitOnFlagUntilTimeout  stm32h7xx_hal_uart.o
    0x08012404   0x08012404   0x00000004   PAD
    0x08012408   0x08012408   0x00000010   Code   RO          192    .text.USART10_IRQHandler  stm32h7xx_it.o
    0x08012418   0x08012418   0x00000010   Code   RO          186    .text.USART2_IRQHandler  stm32h7xx_it.o
    0x08012428   0x08012428   0x00000388   Code   RO         3285    .text.USART_RxDMA_MultiBuffer_Init  bsp_uart.o
    0x080127b0   0x080127b0   0x000000f4   Code   RO         3655    .text.USBD_CDC_DataIn  usbd_cdc.o
    0x080128a4   0x080128a4   0x00000004   PAD
    0x080128a8   0x080128a8   0x00000070   Code   RO         3657    .text.USBD_CDC_DataOut  usbd_cdc.o
    0x08012918   0x08012918   0x000000ec   Code   RO         3649    .text.USBD_CDC_DeInit  usbd_cdc.o
    0x08012a04   0x08012a04   0x00000004   PAD
    0x08012a08   0x08012a08   0x00000078   Code   RO         3653    .text.USBD_CDC_EP0_RxReady  usbd_cdc.o
    0x08012a80   0x08012a80   0x00000016   Code   RO         3665    .text.USBD_CDC_GetDeviceQualifierDescriptor  usbd_cdc.o
    0x08012a96   0x08012a96   0x00000002   PAD
    0x08012a98   0x08012a98   0x0000006c   Code   RO         3661    .text.USBD_CDC_GetFSCfgDesc  usbd_cdc.o
    0x08012b04   0x08012b04   0x00000004   PAD
    0x08012b08   0x08012b08   0x00000070   Code   RO         3659    .text.USBD_CDC_GetHSCfgDesc  usbd_cdc.o
    0x08012b78   0x08012b78   0x0000006c   Code   RO         3663    .text.USBD_CDC_GetOtherSpeedCfgDesc  usbd_cdc.o
    0x08012be4   0x08012be4   0x00000004   PAD
    0x08012be8   0x08012be8   0x0000021c   Code   RO         3647    .text.USBD_CDC_Init  usbd_cdc.o
    0x08012e04   0x08012e04   0x00000004   PAD
    0x08012e08   0x08012e08   0x0000007e   Code   RO         3675    .text.USBD_CDC_ReceivePacket  usbd_cdc.o
    0x08012e86   0x08012e86   0x00000002   PAD
    0x08012e88   0x08012e88   0x00000034   Code   RO         3667    .text.USBD_CDC_RegisterInterface  usbd_cdc.o
    0x08012ebc   0x08012ebc   0x00000004   PAD
    0x08012ec0   0x08012ec0   0x0000003c   Code   RO         3671    .text.USBD_CDC_SetRxBuffer  usbd_cdc.o
    0x08012efc   0x08012efc   0x00000004   PAD
    0x08012f00   0x08012f00   0x00000046   Code   RO         3669    .text.USBD_CDC_SetTxBuffer  usbd_cdc.o
    0x08012f46   0x08012f46   0x00000002   PAD
    0x08012f48   0x08012f48   0x000001cc   Code   RO         3651    .text.USBD_CDC_Setup  usbd_cdc.o
    0x08013114   0x08013114   0x00000004   PAD
    0x08013118   0x08013118   0x00000088   Code   RO         3673    .text.USBD_CDC_TransmitPacket  usbd_cdc.o
    0x080131a0   0x080131a0   0x00000032   Code   RO         3547    .text.USBD_ClrClassConfig  usbd_core.o
    0x080131d2   0x080131d2   0x00000006   PAD
    0x080131d8   0x080131d8   0x00000040   Code   RO         3602    .text.USBD_ClrFeature  usbd_ctlreq.o
    0x08013218   0x08013218   0x0000000e   Code   RO         3555    .text.USBD_CoreFindEP  usbd_core.o
    0x08013226   0x08013226   0x00000002   PAD
    0x08013228   0x08013228   0x0000000e   Code   RO         3553    .text.USBD_CoreFindIF  usbd_core.o
    0x08013236   0x08013236   0x00000002   PAD
    0x08013238   0x08013238   0x0000001e   Code   RO         3632    .text.USBD_CtlContinueRx  usbd_ioreq.o
    0x08013256   0x08013256   0x00000002   PAD
    0x08013258   0x08013258   0x0000001e   Code   RO         3628    .text.USBD_CtlContinueSendData  usbd_ioreq.o
    0x08013276   0x08013276   0x00000002   PAD
    0x08013278   0x08013278   0x0000001c   Code   RO         3604    .text.USBD_CtlError  usbd_ctlreq.o
    0x08013294   0x08013294   0x00000004   PAD
    0x08013298   0x08013298   0x00000036   Code   RO         3630    .text.USBD_CtlPrepareRx  usbd_ioreq.o
    0x080132ce   0x080132ce   0x00000002   PAD
    0x080132d0   0x080132d0   0x00000022   Code   RO         3636    .text.USBD_CtlReceiveStatus  usbd_ioreq.o
    0x080132f2   0x080132f2   0x00000006   PAD
    0x080132f8   0x080132f8   0x00000032   Code   RO         3626    .text.USBD_CtlSendData  usbd_ioreq.o
    0x0801332a   0x0801332a   0x00000006   PAD
    0x08013330   0x08013330   0x00000022   Code   RO         3634    .text.USBD_CtlSendStatus  usbd_ioreq.o
    0x08013352   0x08013352   0x00000006   PAD
    0x08013358   0x08013358   0x00000064   Code   RO         3596    .text.USBD_GetConfig  usbd_ctlreq.o
    0x080133bc   0x080133bc   0x00000004   PAD
    0x080133c0   0x080133c0   0x0000031e   Code   RO         3590    .text.USBD_GetDescriptor  usbd_ctlreq.o
    0x080136de   0x080136de   0x00000002   PAD
    0x080136e0   0x080136e0   0x00000076   Code   RO         3577    .text.USBD_GetEpDesc  usbd_core.o
    0x08013756   0x08013756   0x00000002   PAD
    0x08013758   0x08013758   0x00000032   Code   RO         3616    .text.USBD_GetLen   usbd_ctlreq.o
    0x0801378a   0x0801378a   0x00000006   PAD
    0x08013790   0x08013790   0x00000026   Code   RO         3579    .text.USBD_GetNextDesc  usbd_core.o
    0x080137b6   0x080137b6   0x00000002   PAD
    0x080137b8   0x080137b8   0x00000062   Code   RO         3598    .text.USBD_GetStatus  usbd_ctlreq.o
    0x0801381a   0x0801381a   0x00000006   PAD
    0x08013820   0x08013820   0x000000bc   Code   RO         3614    .text.USBD_GetString  usbd_ctlreq.o
    0x080138dc   0x080138dc   0x00000004   PAD
    0x080138e0   0x080138e0   0x00000052   Code   RO         3492    .text.USBD_Get_USB_Status  usbd_conf.o
    0x08013932   0x08013932   0x00000006   PAD
    0x08013938   0x08013938   0x0000004e   Code   RO         3416    .text.USBD_HS_ConfigStrDescriptor  usbd_desc.o
    0x08013986   0x08013986   0x00000002   PAD
    0x08013988   0x08013988   0x0000001a   Code   RO         3406    .text.USBD_HS_DeviceDescriptor  usbd_desc.o
    0x080139a2   0x080139a2   0x00000006   PAD
    0x080139a8   0x080139a8   0x0000004e   Code   RO         3418    .text.USBD_HS_InterfaceStrDescriptor  usbd_desc.o
    0x080139f6   0x080139f6   0x00000002   PAD
    0x080139f8   0x080139f8   0x0000001a   Code   RO         3408    .text.USBD_HS_LangIDStrDescriptor  usbd_desc.o
    0x08013a12   0x08013a12   0x00000006   PAD
    0x08013a18   0x08013a18   0x00000028   Code   RO         3410    .text.USBD_HS_ManufacturerStrDescriptor  usbd_desc.o
    0x08013a40   0x08013a40   0x0000004e   Code   RO         3412    .text.USBD_HS_ProductStrDescriptor  usbd_desc.o
    0x08013a8e   0x08013a8e   0x00000002   PAD
    0x08013a90   0x08013a90   0x00000020   Code   RO         3414    .text.USBD_HS_SerialStrDescriptor  usbd_desc.o
    0x08013ab0   0x08013ab0   0x0000006a   Code   RO         3533    .text.USBD_Init     usbd_core.o
    0x08013b1a   0x08013b1a   0x00000006   PAD
    0x08013b20   0x08013b20   0x0000003a   Code   RO         3506    .text.USBD_LL_ClearStallEP  usbd_conf.o
    0x08013b5a   0x08013b5a   0x00000006   PAD
    0x08013b60   0x08013b60   0x0000003a   Code   RO         3500    .text.USBD_LL_CloseEP  usbd_conf.o
    0x08013b9a   0x08013b9a   0x00000006   PAD
    0x08013ba0   0x08013ba0   0x00000190   Code   RO         3557    .text.USBD_LL_DataInStage  usbd_core.o
    0x08013d30   0x08013d30   0x000001b2   Code   RO         3551    .text.USBD_LL_DataOutStage  usbd_core.o
    0x08013ee2   0x08013ee2   0x00000006   PAD
    0x08013ee8   0x08013ee8   0x0000000a   Code   RO         3573    .text.USBD_LL_DevConnected  usbd_core.o
    0x08013ef2   0x08013ef2   0x00000006   PAD
    0x08013ef8   0x08013ef8   0x00000040   Code   RO         3575    .text.USBD_LL_DevDisconnected  usbd_core.o
    0x08013f38   0x08013f38   0x0000001c   Code   RO         3516    .text.USBD_LL_GetRxDataSize  usbd_conf.o
    0x08013f54   0x08013f54   0x00000004   PAD
    0x08013f58   0x08013f58   0x00000086   Code   RO         3488    .text.USBD_LL_Init  usbd_conf.o
    0x08013fde   0x08013fde   0x00000002   PAD
    0x08013fe0   0x08013fe0   0x0000005a   Code   RO         3508    .text.USBD_LL_IsStallEP  usbd_conf.o
    0x0801403a   0x0801403a   0x00000006   PAD
    0x08014040   0x08014040   0x0000006e   Code   RO         3569    .text.USBD_LL_IsoINIncomplete  usbd_core.o
    0x080140ae   0x080140ae   0x00000002   PAD
    0x080140b0   0x080140b0   0x0000006e   Code   RO         3571    .text.USBD_LL_IsoOUTIncomplete  usbd_core.o
    0x0801411e   0x0801411e   0x00000002   PAD
    0x08014120   0x08014120   0x0000004a   Code   RO         3498    .text.USBD_LL_OpenEP  usbd_conf.o
    0x0801416a   0x0801416a   0x00000006   PAD
    0x08014170   0x08014170   0x00000042   Code   RO         3514    .text.USBD_LL_PrepareReceive  usbd_conf.o
    0x080141b2   0x080141b2   0x00000006   PAD
    0x080141b8   0x080141b8   0x0000009c   Code   RO         3559    .text.USBD_LL_Reset  usbd_core.o
    0x08014254   0x08014254   0x00000004   PAD
    0x08014258   0x08014258   0x00000024   Code   RO         3565    .text.USBD_LL_Resume  usbd_core.o
    0x0801427c   0x0801427c   0x00000004   PAD
    0x08014280   0x08014280   0x0000003e   Code   RO         3567    .text.USBD_LL_SOF   usbd_core.o
    0x080142be   0x080142be   0x00000002   PAD
    0x080142c0   0x080142c0   0x00000016   Code   RO         3561    .text.USBD_LL_SetSpeed  usbd_core.o
    0x080142d6   0x080142d6   0x00000002   PAD
    0x080142d8   0x080142d8   0x0000003a   Code   RO         3510    .text.USBD_LL_SetUSBAddress  usbd_conf.o
    0x08014312   0x08014312   0x00000006   PAD
    0x08014318   0x08014318   0x00000094   Code   RO         3549    .text.USBD_LL_SetupStage  usbd_core.o
    0x080143ac   0x080143ac   0x00000004   PAD
    0x080143b0   0x080143b0   0x0000003a   Code   RO         3504    .text.USBD_LL_StallEP  usbd_conf.o
    0x080143ea   0x080143ea   0x00000006   PAD
    0x080143f0   0x080143f0   0x00000032   Code   RO         3494    .text.USBD_LL_Start  usbd_conf.o
    0x08014422   0x08014422   0x00000006   PAD
    0x08014428   0x08014428   0x0000002c   Code   RO         3563    .text.USBD_LL_Suspend  usbd_core.o
    0x08014454   0x08014454   0x00000004   PAD
    0x08014458   0x08014458   0x00000042   Code   RO         3512    .text.USBD_LL_Transmit  usbd_conf.o
    0x0801449a   0x0801449a   0x00000006   PAD
    0x080144a0   0x080144a0   0x00000062   Code   RO         3610    .text.USBD_ParseSetupRequest  usbd_ctlreq.o
    0x08014502   0x08014502   0x00000006   PAD
    0x08014508   0x08014508   0x00000072   Code   RO         3537    .text.USBD_RegisterClass  usbd_core.o
    0x0801457a   0x0801457a   0x00000006   PAD
    0x08014580   0x08014580   0x0000000a   Code   RO         3543    .text.USBD_RunTestMode  usbd_core.o
    0x0801458a   0x0801458a   0x00000006   PAD
    0x08014590   0x08014590   0x0000008c   Code   RO         3592    .text.USBD_SetAddress  usbd_ctlreq.o
    0x0801461c   0x0801461c   0x00000004   PAD
    0x08014620   0x08014620   0x00000036   Code   RO         3545    .text.USBD_SetClassConfig  usbd_core.o
    0x08014656   0x08014656   0x00000002   PAD
    0x08014658   0x08014658   0x0000017e   Code   RO         3594    .text.USBD_SetConfig  usbd_ctlreq.o
    0x080147d6   0x080147d6   0x00000002   PAD
    0x080147d8   0x080147d8   0x0000004e   Code   RO         3600    .text.USBD_SetFeature  usbd_ctlreq.o
    0x08014826   0x08014826   0x00000002   PAD
    0x08014828   0x08014828   0x00000010   Code   RO         3539    .text.USBD_Start    usbd_core.o
    0x08014838   0x08014838   0x000000cc   Code   RO         3588    .text.USBD_StdDevReq  usbd_ctlreq.o
    0x08014904   0x08014904   0x00000004   PAD
    0x08014908   0x08014908   0x000003ac   Code   RO         3608    .text.USBD_StdEPReq  usbd_ctlreq.o
    0x08014cb4   0x08014cb4   0x00000004   PAD
    0x08014cb8   0x08014cb8   0x000000f4   Code   RO         3606    .text.USBD_StdItfReq  usbd_ctlreq.o
    0x08014dac   0x08014dac   0x00000004   PAD
    0x08014db0   0x08014db0   0x00000008   Code   RO         3520    .text.USBD_static_free  usbd_conf.o
    0x08014db8   0x08014db8   0x00000010   Code   RO         3518    .text.USBD_static_malloc  usbd_conf.o
    0x08014dc8   0x08014dc8   0x000000de   Code   RO          355    .text.USB_ActivateEndpoint  stm32h7xx_ll_usb.o
    0x08014ea6   0x08014ea6   0x00000002   PAD
    0x08014ea8   0x08014ea8   0x0000002c   Code   RO          397    .text.USB_ActivateSetup  stm32h7xx_ll_usb.o
    0x08014ed4   0x08014ed4   0x00000004   PAD
    0x08014ed8   0x08014ed8   0x000000ec   Code   RO          331    .text.USB_CoreInit  stm32h7xx_ll_usb.o
    0x08014fc4   0x08014fc4   0x00000004   PAD
    0x08014fc8   0x08014fc8   0x00000076   Code   RO          333    .text.USB_CoreReset  stm32h7xx_ll_usb.o
    0x0801503e   0x0801503e   0x00000002   PAD
    0x08015040   0x08015040   0x00000146   Code   RO          359    .text.USB_DeactivateEndpoint  stm32h7xx_ll_usb.o
    0x08015186   0x08015186   0x00000002   PAD
    0x08015188   0x08015188   0x0000002a   Code   RO          379    .text.USB_DevConnect  stm32h7xx_ll_usb.o
    0x080151b2   0x080151b2   0x00000006   PAD
    0x080151b8   0x080151b8   0x0000002a   Code   RO          381    .text.USB_DevDisconnect  stm32h7xx_ll_usb.o
    0x080151e2   0x080151e2   0x00000006   PAD
    0x080151e8   0x080151e8   0x00000290   Code   RO          345    .text.USB_DevInit   stm32h7xx_ll_usb.o
    0x08015478   0x08015478   0x00000014   Code   RO          339    .text.USB_DisableGlobalInt  stm32h7xx_ll_usb.o
    0x0801548c   0x0801548c   0x00000004   PAD
    0x08015490   0x08015490   0x0000009e   Code   RO          399    .text.USB_EP0_OutStart  stm32h7xx_ll_usb.o
    0x0801552e   0x0801552e   0x00000002   PAD
    0x08015530   0x08015530   0x000000a0   Code   RO          373    .text.USB_EPClearStall  stm32h7xx_ll_usb.o
    0x080155d0   0x080155d0   0x000000a8   Code   RO          371    .text.USB_EPSetStall  stm32h7xx_ll_usb.o
    0x08015678   0x08015678   0x000003e8   Code   RO          363    .text.USB_EPStartXfer  stm32h7xx_ll_usb.o
    0x08015a60   0x08015a60   0x0000011c   Code   RO          367    .text.USB_EPStopXfer  stm32h7xx_ll_usb.o
    0x08015b7c   0x08015b7c   0x00000004   PAD
    0x08015b80   0x08015b80   0x00000014   Code   RO          337    .text.USB_EnableGlobalInt  stm32h7xx_ll_usb.o
    0x08015b94   0x08015b94   0x00000004   PAD
    0x08015b98   0x08015b98   0x00000074   Code   RO          351    .text.USB_FlushRxFifo  stm32h7xx_ll_usb.o
    0x08015c0c   0x08015c0c   0x00000004   PAD
    0x08015c10   0x08015c10   0x0000007a   Code   RO          349    .text.USB_FlushTxFifo  stm32h7xx_ll_usb.o
    0x08015c8a   0x08015c8a   0x00000006   PAD
    0x08015c90   0x08015c90   0x0000004c   Code   RO          353    .text.USB_GetDevSpeed  stm32h7xx_ll_usb.o
    0x08015cdc   0x08015cdc   0x00000004   PAD
    0x08015ce0   0x08015ce0   0x00000010   Code   RO          343    .text.USB_GetMode   stm32h7xx_ll_usb.o
    0x08015cf0   0x08015cf0   0x00000024   Code   RO          389    .text.USB_ReadDevAllInEpInterrupt  stm32h7xx_ll_usb.o
    0x08015d14   0x08015d14   0x00000004   PAD
    0x08015d18   0x08015d18   0x00000024   Code   RO          387    .text.USB_ReadDevAllOutEpInterrupt  stm32h7xx_ll_usb.o
    0x08015d3c   0x08015d3c   0x00000004   PAD
    0x08015d40   0x08015d40   0x0000004e   Code   RO          393    .text.USB_ReadDevInEPInterrupt  stm32h7xx_ll_usb.o
    0x08015d8e   0x08015d8e   0x00000002   PAD
    0x08015d90   0x08015d90   0x0000002e   Code   RO          391    .text.USB_ReadDevOutEPInterrupt  stm32h7xx_ll_usb.o
    0x08015dbe   0x08015dbe   0x00000002   PAD
    0x08015dc0   0x08015dc0   0x0000001a   Code   RO          383    .text.USB_ReadInterrupts  stm32h7xx_ll_usb.o
    0x08015dda   0x08015dda   0x00000006   PAD
    0x08015de0   0x08015de0   0x000000b4   Code   RO          369    .text.USB_ReadPacket  stm32h7xx_ll_usb.o
    0x08015e94   0x08015e94   0x00000004   PAD
    0x08015e98   0x08015e98   0x00000092   Code   RO         3329    .text.USB_ReceiveCallback  bsp_usb.o
    0x08015f2a   0x08015f2a   0x00000006   PAD
    0x08015f30   0x08015f30   0x000000de   Code   RO          341    .text.USB_SetCurrentMode  stm32h7xx_ll_usb.o
    0x0801600e   0x0801600e   0x00000002   PAD
    0x08016010   0x08016010   0x00000036   Code   RO          377    .text.USB_SetDevAddress  stm32h7xx_ll_usb.o
    0x08016046   0x08016046   0x00000002   PAD
    0x08016048   0x08016048   0x00000022   Code   RO          347    .text.USB_SetDevSpeed  stm32h7xx_ll_usb.o
    0x0801606a   0x0801606a   0x00000006   PAD
    0x08016070   0x08016070   0x000001ba   Code   RO          335    .text.USB_SetTurnaroundTime  stm32h7xx_ll_usb.o
    0x0801622a   0x0801622a   0x00000006   PAD
    0x08016230   0x08016230   0x00000082   Code   RO          365    .text.USB_WritePacket  stm32h7xx_ll_usb.o
    0x080162b2   0x080162b2   0x00000006   PAD
    0x080162b8   0x080162b8   0x000007cc   Code   RO         3293    .text.USER_USART10_RxHandler  bsp_uart.o
    0x08016a84   0x08016a84   0x00000004   PAD
    0x08016a88   0x08016a88   0x000007e4   Code   RO         3291    .text.USER_USART2_RxHandler  bsp_uart.o
    0x0801726c   0x0801726c   0x00000004   PAD
    0x08017270   0x08017270   0x000007e4   Code   RO         3289    .text.USER_USART5_RxHandler  bsp_uart.o
    0x08017a54   0x08017a54   0x00000004   PAD
    0x08017a58   0x08017a58   0x000000c0   Code   RO         2318    .text.Uintree_RxInfo_Unpack  unitree_motor.o
    0x08017b18   0x08017b18   0x0000000c   Code   RO         2320    .text.Unitree_ID_Select  unitree_motor.o
    0x08017b24   0x08017b24   0x00000004   PAD
    0x08017b28   0x08017b28   0x00000004   Code   RO          160    .text.UsageFault_Handler  stm32h7xx_it.o
    0x08017b2c   0x08017b2c   0x00000004   PAD
    0x08017b30   0x08017b30   0x0000007e   Code   RO         2673    .text.Verify_CRC16_Check_Sum  crc.o
    0x08017bae   0x08017bae   0x00000002   PAD
    0x08017bb0   0x08017bb0   0x00000030   Code   RO          943    .text.__NVIC_EnableIRQ  stm32h7xx_hal_cortex.o
    0x08017be0   0x08017be0   0x00000010   Code   RO          935    .text.__NVIC_GetPriorityGrouping  stm32h7xx_hal_cortex.o
    0x08017bf0   0x08017bf0   0x00000042   Code   RO          937    .text.__NVIC_SetPriority  stm32h7xx_hal_cortex.o
    0x08017c32   0x08017c32   0x00000006   PAD
    0x08017c38   0x08017c38   0x0000003c   Code   RO          931    .text.__NVIC_SetPriorityGrouping  stm32h7xx_hal_cortex.o
    0x08017c74   0x08017c74   0x00000004   PAD
    0x08017c78   0x08017c78   0x000001bc   Code   RO         2229    .text.bmi088_accel_init  bmi088driver.o
    0x08017e34   0x08017e34   0x00000004   PAD
    0x08017e38   0x08017e38   0x00000174   Code   RO         2231    .text.bmi088_gyro_init  bmi088driver.o
    0x08017fac   0x08017fac   0x00000004   PAD
    0x08017fb0   0x08017fb0   0x0000006a   Code   RO         3189    .text.chassis_task  chassis_task.o
    0x0801801a   0x0801801a   0x00000006   PAD
    0x08018020   0x08018020   0x00000014   Code   RO         2984    .text.inHandlerMode  cmsis_os.o
    0x08018034   0x08018034   0x00000004   PAD
    0x08018038   0x08018038   0x00000060   Code   RO         2457    .text.mahony_init   mahony_filter.o
    0x08018098   0x08018098   0x0000003c   Code   RO         2451    .text.mahony_input  mahony_filter.o
    0x080180d4   0x080180d4   0x00000004   PAD
    0x080180d8   0x080180d8   0x00000046   Code   RO         2455    .text.mahony_output  mahony_filter.o
    0x0801811e   0x0801811e   0x00000002   PAD
    0x08018120   0x08018120   0x000002fc   Code   RO         2453    .text.mahony_update  mahony_filter.o
    0x0801841c   0x0801841c   0x00000004   PAD
    0x08018420   0x08018420   0x000000a4   Code   RO           11    .text.main          main.o
    0x080184c4   0x080184c4   0x00000004   PAD
    0x080184c8   0x080184c8   0x00000028   Code   RO         2988    .text.makeFreeRtosPriority  cmsis_os.o
    0x080184f0   0x080184f0   0x00000028   Code   RO         3002    .text.osDelay       cmsis_os.o
    0x08018518   0x08018518   0x0000000a   Code   RO         2978    .text.osKernelStart  cmsis_os.o
    0x08018522   0x08018522   0x00000006   PAD
    0x08018528   0x08018528   0x00000010   Code   RO         3016    .text.osMutexCreate  cmsis_os.o
    0x08018538   0x08018538   0x0000006e   Code   RO         3020    .text.osMutexRelease  cmsis_os.o
    0x080185a6   0x080185a6   0x00000002   PAD
    0x080185a8   0x080185a8   0x000000a6   Code   RO         3018    .text.osMutexWait   cmsis_os.o
    0x0801864e   0x0801864e   0x00000002   PAD
    0x08018650   0x08018650   0x00000054   Code   RO         2986    .text.osThreadCreate  cmsis_os.o
    0x080186a4   0x080186a4   0x00000004   PAD
    0x080186a8   0x080186a8   0x000000f4   Code   RO         2862    .text.prvAddCurrentTaskToDelayedList  tasks.o
    0x0801879c   0x0801879c   0x00000004   PAD
    0x080187a0   0x080187a0   0x00000110   Code   RO         2850    .text.prvAddNewTaskToReadyList  tasks.o
    0x080188b0   0x080188b0   0x0000005a   Code   RO         2946    .text.prvCheckTasksWaitingTermination  tasks.o
    0x0801890a   0x0801890a   0x00000006   PAD
    0x08018910   0x08018910   0x00000042   Code   RO         2757    .text.prvCopyDataFromQueue  queue.o
    0x08018952   0x08018952   0x00000006   PAD
    0x08018958   0x08018958   0x000000cc   Code   RO         2745    .text.prvCopyDataToQueue  queue.o
    0x08018a24   0x08018a24   0x00000004   PAD
    0x08018a28   0x08018a28   0x00000018   Code   RO         2854    .text.prvDeleteTCB  tasks.o
    0x08018a40   0x08018a40   0x00000026   Code   RO         2763    .text.prvGetDisinheritPriorityAfterTimeout  queue.o
    0x08018a66   0x08018a66   0x00000002   PAD
    0x08018a68   0x08018a68   0x000000bc   Code   RO         3100    .text.prvHeapInit   heap_4.o
    0x08018b24   0x08018b24   0x00000004   PAD
    0x08018b28   0x08018b28   0x00000038   Code   RO         2884    .text.prvIdleTask   tasks.o
    0x08018b60   0x08018b60   0x0000002c   Code   RO         2741    .text.prvInitialiseMutex  queue.o
    0x08018b8c   0x08018b8c   0x00000004   PAD
    0x08018b90   0x08018b90   0x0000003e   Code   RO         2737    .text.prvInitialiseNewQueue  queue.o
    0x08018bce   0x08018bce   0x00000002   PAD
    0x08018bd0   0x08018bd0   0x00000114   Code   RO         2848    .text.prvInitialiseNewTask  tasks.o
    0x08018ce4   0x08018ce4   0x00000004   PAD
    0x08018ce8   0x08018ce8   0x0000008e   Code   RO         2944    .text.prvInitialiseTaskLists  tasks.o
    0x08018d76   0x08018d76   0x00000002   PAD
    0x08018d78   0x08018d78   0x000000c6   Code   RO         3102    .text.prvInsertBlockIntoFreeList  heap_4.o
    0x08018e3e   0x08018e3e   0x00000002   PAD
    0x08018e40   0x08018e40   0x00000028   Code   RO         2759    .text.prvIsQueueEmpty  queue.o
    0x08018e68   0x08018e68   0x0000002e   Code   RO         2747    .text.prvIsQueueFull  queue.o
    0x08018e96   0x08018e96   0x00000002   PAD
    0x08018e98   0x08018e98   0x00000028   Code   RO         3141    .text.prvPortStartFirstTask  port.o
    0x08018ec0   0x08018ec0   0x00000046   Code   RO         2856    .text.prvResetNextTaskUnblockTime  tasks.o
    0x08018f06   0x08018f06   0x00000002   PAD
    0x08018f08   0x08018f08   0x0000004c   Code   RO         3131    .text.prvTaskExitError  port.o
    0x08018f54   0x08018f54   0x00000004   PAD
    0x08018f58   0x08018f58   0x000000ae   Code   RO         2749    .text.prvUnlockQueue  queue.o
    0x08019006   0x08019006   0x00000002   PAD
    0x08019008   0x08019008   0x000001ec   Code   RO         3098    .text.pvPortMalloc  heap_4.o
    0x080191f4   0x080191f4   0x00000004   PAD
    0x080191f8   0x080191f8   0x0000002c   Code   RO         2928    .text.pvTaskIncrementMutexHeldCount  tasks.o
    0x08019224   0x08019224   0x00000004   PAD
    0x08019228   0x08019228   0x0000005e   Code   RO         3129    .text.pxPortInitialiseStack  port.o
    0x08019286   0x08019286   0x00000002   PAD
    0x08019288   0x08019288   0x00000048   Code   RO         2724    .text.uxListRemove  list.o
    0x080192d0   0x080192d0   0x0000002e   Code   RO         2716    .text.vListInitialise  list.o
    0x080192fe   0x080192fe   0x00000002   PAD
    0x08019300   0x08019300   0x0000000e   Code   RO         2718    .text.vListInitialiseItem  list.o
    0x0801930e   0x0801930e   0x00000002   PAD
    0x08019310   0x08019310   0x0000006a   Code   RO         2722    .text.vListInsert   list.o
    0x0801937a   0x0801937a   0x00000006   PAD
    0x08019380   0x08019380   0x0000003a   Code   RO         2720    .text.vListInsertEnd  list.o
    0x080193ba   0x080193ba   0x00000006   PAD
    0x080193c0   0x080193c0   0x00000014   Code   RO         3139    .text.vPortEnableVFP  port.o
    0x080193d4   0x080193d4   0x00000004   PAD
    0x080193d8   0x080193d8   0x00000056   Code   RO         3145    .text.vPortEnterCritical  port.o
    0x0801942e   0x0801942e   0x00000002   PAD
    0x08019430   0x08019430   0x0000004a   Code   RO         3147    .text.vPortExitCritical  port.o
    0x0801947a   0x0801947a   0x00000006   PAD
    0x08019480   0x08019480   0x000000ce   Code   RO         3104    .text.vPortFree     heap_4.o
    0x0801954e   0x0801954e   0x00000002   PAD
    0x08019550   0x08019550   0x00000044   Code   RO         3137    .text.vPortSetupTimerInterrupt  port.o
    0x08019594   0x08019594   0x00000004   PAD
    0x08019598   0x08019598   0x00000084   Code   RO         3153    .text.vPortValidateInterruptPriority  port.o
    0x0801961c   0x0801961c   0x00000004   PAD
    0x08019620   0x08019620   0x0000006e   Code   RO         2858    .text.vTaskDelay    tasks.o
    0x0801968e   0x0801968e   0x00000002   PAD
    0x08019690   0x08019690   0x00000024   Code   RO         2910    .text.vTaskInternalSetTimeOutState  tasks.o
    0x080196b4   0x080196b4   0x00000004   PAD
    0x080196b8   0x080196b8   0x0000000e   Code   RO         2914    .text.vTaskMissedYield  tasks.o
    0x080196c6   0x080196c6   0x00000002   PAD
    0x080196c8   0x080196c8   0x00000042   Code   RO         2900    .text.vTaskPlaceOnEventList  tasks.o
    0x0801970a   0x0801970a   0x00000006   PAD
    0x08019710   0x08019710   0x00000140   Code   RO         2924    .text.vTaskPriorityDisinheritAfterTimeout  tasks.o
    0x08019850   0x08019850   0x0000009e   Code   RO         2882    .text.vTaskStartScheduler  tasks.o
    0x080198ee   0x080198ee   0x00000002   PAD
    0x080198f0   0x080198f0   0x00000010   Code   RO         2860    .text.vTaskSuspendAll  tasks.o
    0x08019900   0x08019900   0x000000be   Code   RO         2874    .text.vTaskSwitchContext  tasks.o
    0x080199be   0x080199be   0x00000002   PAD
    0x080199c0   0x080199c0   0x00000156   Code   RO         3135    .text.xPortStartScheduler  port.o
    0x08019b16   0x08019b16   0x00000002   PAD
    0x08019b18   0x08019b18   0x00000026   Code   RO         2739    .text.xQueueCreateMutex  queue.o
    0x08019b3e   0x08019b3e   0x00000002   PAD
    0x08019b40   0x08019b40   0x0000006c   Code   RO         2735    .text.xQueueGenericCreate  queue.o
    0x08019bac   0x08019bac   0x00000004   PAD
    0x08019bb0   0x08019bb0   0x000000ba   Code   RO         2733    .text.xQueueGenericReset  queue.o
    0x08019c6a   0x08019c6a   0x00000006   PAD
    0x08019c70   0x08019c70   0x0000022c   Code   RO         2743    .text.xQueueGenericSend  queue.o
    0x08019e9c   0x08019e9c   0x00000004   PAD
    0x08019ea0   0x08019ea0   0x00000124   Code   RO         2753    .text.xQueueGiveFromISR  queue.o
    0x08019fc4   0x08019fc4   0x00000004   PAD
    0x08019fc8   0x08019fc8   0x00000108   Code   RO         2767    .text.xQueueReceiveFromISR  queue.o
    0x0801a0d0   0x0801a0d0   0x0000022c   Code   RO         2761    .text.xQueueSemaphoreTake  queue.o
    0x0801a2fc   0x0801a2fc   0x00000004   PAD
    0x0801a300   0x0801a300   0x000000cc   Code   RO         2912    .text.xTaskCheckForTimeOut  tasks.o
    0x0801a3cc   0x0801a3cc   0x00000004   PAD
    0x0801a3d0   0x0801a3d0   0x00000098   Code   RO         2846    .text.xTaskCreate   tasks.o
    0x0801a468   0x0801a468   0x00000038   Code   RO         2918    .text.xTaskGetSchedulerState  tasks.o
    0x0801a4a0   0x0801a4a0   0x000001b8   Code   RO         2888    .text.xTaskIncrementTick  tasks.o
    0x0801a658   0x0801a658   0x00000118   Code   RO         2922    .text.xTaskPriorityDisinherit  tasks.o
    0x0801a770   0x0801a770   0x0000011a   Code   RO         2920    .text.xTaskPriorityInherit  tasks.o
    0x0801a88a   0x0801a88a   0x00000006   PAD
    0x0801a890   0x0801a890   0x000000c2   Code   RO         2904    .text.xTaskRemoveFromEventList  tasks.o
    0x0801a952   0x0801a952   0x00000006   PAD
    0x0801a958   0x0801a958   0x00000178   Code   RO         2864    .text.xTaskResumeAll  tasks.o
    0x0801aad0   0x0801aad0   0x00000026   Code   RO         3938    i.__ARM_fpclassifyf  m_wv.l(fpclassifyf.o)
    0x0801aaf6   0x0801aaf6   0x00000002   PAD
    0x0801aaf8   0x0801aaf8   0x0000012c   Code   RO         3869    i.__hardfp_asinf    m_wv.l(asinf.o)
    0x0801ac24   0x0801ac24   0x000002ac   Code   RO         3875    i.__hardfp_atan2f   m_wv.l(atan2f.o)
    0x0801aed0   0x0801aed0   0x00000066   Code   RO         3881    i.__hardfp_sqrt     m_wv.l(sqrt.o)
    0x0801af36   0x0801af36   0x0000003a   Code   RO         3887    i.__hardfp_sqrtf    m_wv.l(sqrtf.o)
    0x0801af70   0x0801af70   0x00000006   Code   RO         3941    i.__mathlib_flt_infnan  m_wv.l(funder.o)
    0x0801af76   0x0801af76   0x00000006   Code   RO         3942    i.__mathlib_flt_infnan2  m_wv.l(funder.o)
    0x0801af7c   0x0801af7c   0x00000010   Code   RO         3943    i.__mathlib_flt_invalid  m_wv.l(funder.o)
    0x0801af8c   0x0801af8c   0x00000010   Code   RO         3946    i.__mathlib_flt_underflow  m_wv.l(funder.o)
    0x0801af9c   0x0801af9c   0x0000000e   Code   RO         3988    i.__scatterload_copy  mc_w.l(handlers.o)
    0x0801afaa   0x0801afaa   0x00000002   Code   RO         3989    i.__scatterload_null  mc_w.l(handlers.o)
    0x0801afac   0x0801afac   0x0000000e   Code   RO         3990    i.__scatterload_zeroinit  mc_w.l(handlers.o)
    0x0801afba   0x0801afba   0x00000002   PAD
    0x0801afbc   0x0801afbc   0x0000000c   Code   RO         3976    i.__set_errno       mc_w.l(errno.o)
    0x0801afc8   0x0801afc8   0x0000003e   Code   RO         3889    i.sqrtf             m_wv.l(sqrtf.o)
    0x0801b006   0x0801b006   0x00000002   PAD
    0x0801b008   0x0801b008   0x0000004c   Data   RO         1537    .rodata..L__const.HAL_FDCAN_Init.CvtEltSize  stm32h7xx_hal_fdcan.o
    0x0801b054   0x0801b054   0x00000014   Data   RO           53    .rodata..L__const.MX_FREERTOS_Init.os_thread_def_CHASSIS_TASK  freertos.o
    0x0801b068   0x0801b068   0x00000014   Data   RO           51    .rodata..L__const.MX_FREERTOS_Init.os_thread_def_INS_TASK  freertos.o
    0x0801b07c   0x0801b07c   0x00000014   Data   RO           57    .rodata..L__const.MX_FREERTOS_Init.os_thread_def_MOTOR_FB_TASK  freertos.o
    0x0801b090   0x0801b090   0x00000014   Data   RO           55    .rodata..L__const.MX_FREERTOS_Init.os_thread_def_PS2_TASK  freertos.o
    0x0801b0a4   0x0801b0a4   0x00000014   Data   RO           49    .rodata..L__const.MX_FREERTOS_Init.os_thread_def_defaultTask  freertos.o
    0x0801b0b8   0x0801b0b8   0x00000010   Data   RO         2217    .rodata.D1CorePrescTable  system_stm32h7xx.o
    0x0801b0c8   0x0801b0c8   0x00000010   Data   RO         1538    .rodata.DLCtoBytes  stm32h7xx_hal_fdcan.o
    0x0801b0d8   0x0801b0d8   0x00000008   Data   RO          723    .rodata.DMA_CalcBaseAndBitshift.flagBitshiftOffset  stm32h7xx_hal_dma.o
    0x0801b0e0   0x0801b0e0   0x00000008   Data   RO         2203    .rodata.UARTEx_SetNbDataToProcess.denominator  stm32h7xx_hal_uart_ex.o
    0x0801b0e8   0x0801b0e8   0x00000008   Data   RO         2202    .rodata.UARTEx_SetNbDataToProcess.numerator  stm32h7xx_hal_uart_ex.o
    0x0801b0f0   0x0801b0f0   0x00000018   Data   RO         2158    .rodata.UARTPrescTable  stm32h7xx_hal_uart.o
    0x0801b108   0x0801b108   0x00000039   Data   RO           48    .rodata.str1.1      freertos.o
    0x0801b141   0x0801b141   0x00000005   Data   RO         2959    .rodata.str1.1      tasks.o
    0x0801b146   0x0801b146   0x00000042   Data   RO         3431    .rodata.str1.1      usbd_desc.o
    0x0801b188   0x0801b188   0x00000200   Data   RO         2680    .rodata.wCRC_Table  crc.o
    0x0801b388   0x0801b388   0x00000020   Data   RO         3987    Region$$Table       anon$$obj.o


    Execution Region RW_IRAM1 (Exec base: 0x20000000, Load base: 0x0801b3a8, Size: 0x00000000, Max: 0x00020000, ABSOLUTE)

    **** No section assigned to this execution region ****


    Execution Region RW_IRAM2 (Exec base: 0x24000000, Load base: 0x0801b3a8, Size: 0x0000b540, Max: 0x00050000, ABSOLUTE, COMPRESSED[0x00000148])

    Exec Addr    Load Addr    Size         Type   Attr      Idx    E Section Name        Object

    0x24000000   COMPRESSED   0x00000024   Data   RW         2293    .AXI_SRAM           remote_control.o
    0x24000024   COMPRESSED   0x00000020   Data   RW         2333    .AXI_SRAM           unitree_motor.o
    0x24000044   COMPRESSED   0x0000003e   Data   RW         2405    .AXI_SRAM           stepper_motor.o
    0x24000082   COMPRESSED   0x00000800   Data   RW         3332    .AXI_SRAM           bsp_usb.o
    0x24000882   COMPRESSED   0x00000002   PAD
    0x24000884   COMPRESSED   0x00000004   Data   RW         3977    .data               mc_w.l(errno.o)
    0x24000888   COMPRESSED   0x00000004   Data   RW         2243    .data.BMI088_ACCEL_SEN  bmi088driver.o
    0x2400088c   COMPRESSED   0x00000004   Data   RW         2244    .data.BMI088_GYRO_SEN  bmi088driver.o
    0x24000890   COMPRESSED   0x00000001   Data   RW         3681    .data.CDCCmdEpAdd   usbd_cdc.o
    0x24000891   COMPRESSED   0x00000001   Data   RW         3679    .data.CDCInEpAdd    usbd_cdc.o
    0x24000892   COMPRESSED   0x00000001   Data   RW         3680    .data.CDCOutEpAdd   usbd_cdc.o
    0x24000893   COMPRESSED   0x00000001   PAD
    0x24000894   COMPRESSED   0x00000002   Data   RW         2251    .data.Calibrate_MPU_Offset.CaliTimes  bmi088driver.o
    0x24000896   COMPRESSED   0x00000002   Data   RW         2252    .data.Calibrate_MPU_Offset.acc_CaliTimes  bmi088driver.o
    0x24000898   COMPRESSED   0x00000190   Data   RW         3217    .data.Chassis       chassis_task.o
    0x24000a28   COMPRESSED   0x00000020   Data   RW         3426    .data.HS_Desc       usbd_desc.o
    0x24000a48   COMPRESSED   0x00000044   Data   RW         2441    .data.PS2_Info      ps2_device.o
    0x24000a8c   COMPRESSED   0x00000004   Data   RW         2215    .data.SystemCoreClock  system_stm32h7xx.o
    0x24000a90   COMPRESSED   0x00000004   Data   RW         2216    .data.SystemD2Clock  system_stm32h7xx.o
    0x24000a94   COMPRESSED   0x00000038   Data   RW         3677    .data.USBD_CDC      usbd_cdc.o
    0x24000acc   COMPRESSED   0x00000043   Data   RW         3682    .data.USBD_CDC_CfgDesc  usbd_cdc.o
    0x24000b0f   COMPRESSED   0x00000001   PAD
    0x24000b10   COMPRESSED   0x0000000a   Data   RW         3678    .data.USBD_CDC_DeviceQualifierDesc  usbd_cdc.o
    0x24000b1a   COMPRESSED   0x00000002   PAD
    0x24000b1c   COMPRESSED   0x00000012   Data   RW         3427    .data.USBD_HS_DeviceDesc  usbd_desc.o
    0x24000b2e   COMPRESSED   0x00000002   PAD
    0x24000b30   COMPRESSED   0x00000014   Data   RW         3452    .data.USBD_Interface_fops_HS  usbd_cdc_if.o
    0x24000b44   COMPRESSED   0x00000004   Data   RW         3429    .data.USBD_LangIDDesc  usbd_desc.o
    0x24000b48   COMPRESSED   0x0000001a   Data   RW         3430    .data.USBD_StringSerial  usbd_desc.o
    0x24000b62   COMPRESSED   0x00000001   Data   RW         2249    .data.caliOffset    bmi088driver.o
    0x24000b63   COMPRESSED   0x00000001   PAD
    0x24000b64   COMPRESSED   0x0000000c   Data   RW         3173    .data.gravity       ins_task.o
    0x24000b70   COMPRESSED   0x00000034   Data   RW         2291    .data.remote_ctrl   remote_control.o
    0x24000ba4   COMPRESSED   0x00000001   Data   RW         1115    .data.uwTickFreq    stm32h7xx_hal.o
    0x24000ba5   COMPRESSED   0x00000003   PAD
    0x24000ba8   COMPRESSED   0x00000004   Data   RW         1114    .data.uwTickPrio    stm32h7xx_hal.o
    0x24000bac   COMPRESSED   0x00000004   Data   RW         3157    .data.uxCriticalNesting  port.o
    0x24000bb0   COMPRESSED   0x00000012   Data   RW         2258    .data.write_BMI088_accel_reg_data_error  bmi088driver.o
    0x24000bc2   COMPRESSED   0x00000012   Data   RW         2259    .data.write_BMI088_gyro_reg_data_error  bmi088driver.o
    0x24000bd4   COMPRESSED   0x00000004   PAD
    0x24000bd8        -       0x0000000c   Zero   RW         3178    .bss.Accel          ins_task.o
    0x24000be4        -       0x00000040   Zero   RW         2246    .bss.BMI088         bmi088driver.o
    0x24000c24        -       0x00000002   Zero   RW         2248    .bss.BMI088_Read.bmi088_raw_temp  bmi088driver.o
    0x24000c26        -       0x00000008   Zero   RW         2247    .bss.BMI088_Read.buf  bmi088driver.o
    0x24000c2e   COMPRESSED   0x00000002   PAD
    0x24000c30        -       0x00000004   Zero   RW         2277    .bss.BMI088_SPI     bmi088middleware.o
    0x24000c34        -       0x00000004   Zero   RW           54    .bss.CHASSIS_TASKHandle  freertos.o
    0x24000c38        -       0x00000004   Zero   RW         3258    .bss.CPU_FREQ_Hz    bsp_dwt.o
    0x24000c3c        -       0x00000004   Zero   RW         3259    .bss.CPU_FREQ_Hz_ms  bsp_dwt.o
    0x24000c40        -       0x00000004   Zero   RW         3260    .bss.CPU_FREQ_Hz_us  bsp_dwt.o
    0x24000c44   COMPRESSED   0x00000004   PAD
    0x24000c48        -       0x00000008   Zero   RW         3265    .bss.CYCCNT64       bsp_dwt.o
    0x24000c50        -       0x00000004   Zero   RW         3267    .bss.CYCCNT_LAST    bsp_dwt.o
    0x24000c54        -       0x00000004   Zero   RW         3261    .bss.CYCCNT_RountCount  bsp_dwt.o
    0x24000c58        -       0x00000004   Zero   RW         2250    .bss.Calibrate_MPU_Offset.startTime  bmi088driver.o
    0x24000c5c   COMPRESSED   0x00000004   PAD
    0x24000c60        -       0x00000008   Zero   RW         3262    .bss.DWT_SysTimeUpdate.CNT_TEMP1  bsp_dwt.o
    0x24000c68        -       0x00000008   Zero   RW         3263    .bss.DWT_SysTimeUpdate.CNT_TEMP2  bsp_dwt.o
    0x24000c70        -       0x00000008   Zero   RW         3264    .bss.DWT_SysTimeUpdate.CNT_TEMP3  bsp_dwt.o
    0x24000c78        -       0x0000000c   Zero   RW         3179    .bss.Gyro           ins_task.o
    0x24000c84        -       0x00000004   Zero   RW           87    .bss.HAL_RCC_FDCAN_CLK_ENABLED  fdcan.o
    0x24000c88        -       0x00000098   Zero   RW         3177    .bss.INS            ins_task.o
    0x24000d20        -       0x00000004   Zero   RW         3174    .bss.INS_DWT_Count  ins_task.o
    0x24000d24        -       0x00000004   Zero   RW           52    .bss.INS_TASKHandle  freertos.o
    0x24000d28        -       0x00000004   Zero   RW           58    .bss.MOTOR_FB_TASKHandle  freertos.o
    0x24000d2c        -       0x00000022   Zero   RW         2427    .bss.PC_TxBuf       pc_comm.o
    0x24000d4e        -       0x00000022   Zero   RW         2426    .bss.PC_TxFrame     pc_comm.o
    0x24000d70        -       0x00000001   Zero   RW         3232    .bss.PS2_Ctrl_Chassis.tri_last  ps2_task.o
    0x24000d71        -       0x00000001   Zero   RW         3231    .bss.PS2_Mode_Switch.start_last  ps2_task.o
    0x24000d72   COMPRESSED   0x00000002   PAD
    0x24000d74        -       0x00000004   Zero   RW           56    .bss.PS2_TASKHandle  freertos.o
    0x24000d78        -       0x00000028   Zero   RW         3315    .bss.RxHeader1      bsp_can.o
    0x24000da0        -       0x00000028   Zero   RW         3319    .bss.RxHeader2      bsp_can.o
    0x24000dc8        -       0x00000028   Zero   RW         3317    .bss.RxHeader3      bsp_can.o
    0x24000df0        -       0x00000004   Zero   RW         2407    .bss.Stepper_Motor_Call_RxInfo.Tx_Data  stepper_motor.o
    0x24000df4        -       0x00000003   Zero   RW         2408    .bss.Stepper_Motor_Call_Zero_RxInfo.Tx_Data  stepper_motor.o
    0x24000df7        -       0x00000006   Zero   RW         2401    .bss.Stepper_Motor_Set_Cmd.Tx_Data  stepper_motor.o
    0x24000dfd        -       0x0000000d   Zero   RW         2402    .bss.Stepper_Motor_Set_Pos.Tx_Data  stepper_motor.o
    0x24000e0a        -       0x00000008   Zero   RW         2404    .bss.Stepper_Motor_Set_Speed.Tx_Data  stepper_motor.o
    0x24000e12        -       0x00000005   Zero   RW         2399    .bss.Stepper_Motor_Set_Zero_Cmd.Tx_Data  stepper_motor.o
    0x24000e17        -       0x00000014   Zero   RW         2400    .bss.Stepper_Motor_Set_Zero_Info.Tx_Data  stepper_motor.o
    0x24000e2b   COMPRESSED   0x00000001   PAD
    0x24000e2c        -       0x00000040   Zero   RW         2406    .bss.Stepper_Rx_Info  stepper_motor.o
    0x24000e6c        -       0x00000008   Zero   RW         3266    .bss.SysTime        bsp_dwt.o
    0x24000e74        -       0x00000001   Zero   RW         3618    .bss.USBD_SetConfig.cfgidx  usbd_ctlreq.o
    0x24000e75   COMPRESSED   0x00000003   PAD
    0x24000e78        -       0x00000200   Zero   RW         3432    .bss.USBD_StrDesc   usbd_desc.o
    0x24001078        -       0x00000220   Zero   RW         3525    .bss.USBD_static_malloc.mem  usbd_conf.o
    0x24001298        -       0x00000004   Zero   RW         3331    .bss.USB_Curruct_Buf  bsp_usb.o
    0x2400129c        -       0x00000010   Zero   RW         2334    .bss.Unitree_Rx_Info  unitree_motor.o
    0x240012ac        -       0x00000800   Zero   RW         3453    .bss.UserRxBufferHS  usbd_cdc_if.o
    0x24001aac        -       0x00000800   Zero   RW         3454    .bss.UserTxBufferHS  usbd_cdc_if.o
    0x240022ac        -       0x00000002   Zero   RW         2255    .bss.caliCount      bmi088driver.o
    0x240022ae   COMPRESSED   0x00000002   PAD
    0x240022b0        -       0x00000004   Zero   RW           50    .bss.defaultTaskHandle  freertos.o
    0x240022b4        -       0x00000001   Zero   RW         2245    .bss.error          bmi088driver.o
    0x240022b5   COMPRESSED   0x00000003   PAD
    0x240022b8        -       0x00000004   Zero   RW         2253    .bss.gNormDiff      bmi088driver.o
    0x240022bc        -       0x00000040   Zero   RW         3314    .bss.g_Can1RxData   bsp_can.o
    0x240022fc        -       0x00000040   Zero   RW         3318    .bss.g_Can2RxData   bsp_can.o
    0x2400233c        -       0x00000040   Zero   RW         3316    .bss.g_Can3RxData   bsp_can.o
    0x2400237c        -       0x0000000c   Zero   RW         2254    .bss.gyroDiff       bmi088driver.o
    0x24002388        -       0x000002dc   Zero   RW         3399    .bss.hUsbDeviceHS   usb_device.o
    0x24002664        -       0x00000078   Zero   RW          102    .bss.hdma_spi2_rx   spi.o
    0x240026dc        -       0x00000078   Zero   RW          103    .bss.hdma_spi2_tx   spi.o
    0x24002754        -       0x00000078   Zero   RW          140    .bss.hdma_uart5_rx  usart.o
    0x240027cc        -       0x00000078   Zero   RW          143    .bss.hdma_usart10_rx  usart.o
    0x24002844        -       0x00000078   Zero   RW          144    .bss.hdma_usart10_tx  usart.o
    0x240028bc        -       0x00000078   Zero   RW          141    .bss.hdma_usart2_rx  usart.o
    0x24002934        -       0x00000078   Zero   RW          142    .bss.hdma_usart2_tx  usart.o
    0x240029ac        -       0x000000a0   Zero   RW           84    .bss.hfdcan1        fdcan.o
    0x24002a4c        -       0x000000a0   Zero   RW           85    .bss.hfdcan2        fdcan.o
    0x24002aec        -       0x000000a0   Zero   RW           86    .bss.hfdcan3        fdcan.o
    0x24002b8c        -       0x000004e4   Zero   RW         3524    .bss.hpcd_USB_OTG_HS  usbd_conf.o
    0x24003070        -       0x00000088   Zero   RW          101    .bss.hspi2          spi.o
    0x240030f8        -       0x0000004c   Zero   RW          217    .bss.htim2          stm32h7xx_hal_timebase_tim.o
    0x24003144        -       0x0000004c   Zero   RW          119    .bss.htim3          tim.o
    0x24003190        -       0x00000094   Zero   RW          139    .bss.huart10        usart.o
    0x24003224        -       0x00000004   Zero   RW           47    .bss.huart10_mutex_id  freertos.o
    0x24003228        -       0x00000094   Zero   RW          138    .bss.huart2         usart.o
    0x240032bc        -       0x00000094   Zero   RW          137    .bss.huart5         usart.o
    0x24003350        -       0x00000004   Zero   RW         3175    .bss.ins_dt         ins_task.o
    0x24003354        -       0x00000004   Zero   RW         3181    .bss.ins_time       ins_task.o
    0x24003358        -       0x00000084   Zero   RW         3176    .bss.mahony         ins_task.o
    0x240033dc        -       0x00000004   Zero   RW         2948    .bss.pxCurrentTCB   tasks.o
    0x240033e0        -       0x00000004   Zero   RW         2965    .bss.pxDelayedTaskList  tasks.o
    0x240033e4        -       0x00000004   Zero   RW         3114    .bss.pxEnd          heap_4.o
    0x240033e8        -       0x00000004   Zero   RW         2966    .bss.pxOverflowDelayedTaskList  tasks.o
    0x240033ec        -       0x0000008c   Zero   RW         2949    .bss.pxReadyTasksLists  tasks.o
    0x24003478        -       0x00000001   Zero   RW         2256    .bss.res            bmi088driver.o
    0x24003479   COMPRESSED   0x00000003   PAD
    0x2400347c        -       0x00000004   Zero   RW         3180    .bss.stop_time      ins_task.o
    0x24003480        -       0x00007800   Zero   RW         3121    .bss.ucHeap         heap_4.o
    0x2400ac80        -       0x00000001   Zero   RW         3155    .bss.ucMaxSysCallPriority  port.o
    0x2400ac81   COMPRESSED   0x00000003   PAD
    0x2400ac84        -       0x00000004   Zero   RW         3156    .bss.ulMaxPRIGROUPValue  port.o
    0x2400ac88        -       0x00000004   Zero   RW         1116    .bss.uwTick         stm32h7xx_hal.o
    0x2400ac8c        -       0x00000004   Zero   RW         2954    .bss.uxCurrentNumberOfTasks  tasks.o
    0x2400ac90        -       0x00000004   Zero   RW         2953    .bss.uxDeletedTasksWaitingCleanUp  tasks.o
    0x2400ac94        -       0x00000004   Zero   RW         2956    .bss.uxSchedulerSuspended  tasks.o
    0x2400ac98        -       0x00000004   Zero   RW         2951    .bss.uxTaskNumber   tasks.o
    0x2400ac9c        -       0x00000004   Zero   RW         2950    .bss.uxTopReadyPriority  tasks.o
    0x2400aca0        -       0x00000001   Zero   RW         2257    .bss.write_reg_num  bmi088driver.o
    0x2400aca1   COMPRESSED   0x00000003   PAD
    0x2400aca4        -       0x00000004   Zero   RW         3115    .bss.xBlockAllocatedBit  heap_4.o
    0x2400aca8        -       0x00000014   Zero   RW         2968    .bss.xDelayedTaskList1  tasks.o
    0x2400acbc        -       0x00000014   Zero   RW         2969    .bss.xDelayedTaskList2  tasks.o
    0x2400acd0        -       0x00000004   Zero   RW         3116    .bss.xFreeBytesRemaining  heap_4.o
    0x2400acd4        -       0x00000004   Zero   RW         2960    .bss.xIdleTaskHandle  tasks.o
    0x2400acd8        -       0x00000004   Zero   RW         3118    .bss.xMinimumEverFreeBytesRemaining  heap_4.o
    0x2400acdc        -       0x00000004   Zero   RW         2961    .bss.xNextTaskUnblockTime  tasks.o
    0x2400ace0        -       0x00000004   Zero   RW         2967    .bss.xNumOfOverflows  tasks.o
    0x2400ace4        -       0x00000004   Zero   RW         3119    .bss.xNumberOfSuccessfulAllocations  heap_4.o
    0x2400ace8        -       0x00000004   Zero   RW         3120    .bss.xNumberOfSuccessfulFrees  heap_4.o
    0x2400acec        -       0x00000004   Zero   RW         2964    .bss.xPendedTicks   tasks.o
    0x2400acf0        -       0x00000014   Zero   RW         2958    .bss.xPendingReadyList  tasks.o
    0x2400ad04        -       0x00000004   Zero   RW         2955    .bss.xSchedulerRunning  tasks.o
    0x2400ad08        -       0x00000008   Zero   RW         3117    .bss.xStart         heap_4.o
    0x2400ad10        -       0x00000014   Zero   RW         2957    .bss.xSuspendedTaskList  tasks.o
    0x2400ad24        -       0x00000014   Zero   RW         2952    .bss.xTasksWaitingTermination  tasks.o
    0x2400ad38        -       0x00000004   Zero   RW         2962    .bss.xTickCount     tasks.o
    0x2400ad3c        -       0x00000004   Zero   RW         2963    .bss.xYieldPending  tasks.o
    0x2400ad40        -       0x00000800   Zero   RW            1    STACK               startup_stm32h723xx.o


    Execution Region RW_RAM2 (Exec base: 0x38000000, Load base: 0x0801b3a8, Size: 0x00000000, Max: 0x00004000, ABSOLUTE)

    **** No section assigned to this execution region ****


==============================================================================

Image component sizes


      Code (inc. data)   RO Data    RW Data    ZI Data      Debug   Object Name

      3986         36          0         49         99       9050   bmi088driver.o
       128          0          0          0          4       4943   bmi088middleware.o
       614          0          0          0        312       6282   bsp_can.o
       750          8          0          0         60       3555   bsp_dwt.o
      7124          0          0          0          0       5536   bsp_uart.o
       146          0          0       2048          4       1044   bsp_usb.o
      1586         60          0        400          0       7505   chassis_task.o
       486          0          0          0          0      14631   cmsis_os.o
       228          0        512          0          0       2191   crc.o
       170          0          0          0          0       5254   dma.o
       964          0          0          0        484      11918   fdcan.o
       406          0        157          0         24       2627   freertos.o
       440          0          0          0          0       3085   gpio.o
      1084          0          0          0      30752       4432   heap_4.o
      1448         36          0         12        324       3496   ins_task.o
       296          0          0          0          0       2236   list.o
      1374          0          0          0          0       3149   mahony_filter.o
       414          0          0          0          0       6788   main.o
       446          4          0          0         68       2209   pc_comm.o
      1128         16          0          4          5       3848   port.o
       526          8          0         68          0       2936   ps2_device.o
       530         16          0          0          2       6209   ps2_task.o
      2674          0          0          0          0      13433   queue.o
       304          0          0         88          0       2718   remote_control.o
       550          0          0          0        376      11452   spi.o
        36          8        716          0       2048        856   startup_stm32h723xx.o
      2188         12          0         62        123       9036   stepper_motor.o
       226          0          0          5          4      14616   stm32h7xx_hal.o
       380          0          0          0          0      11480   stm32h7xx_hal_cortex.o
     15542          8          8          0          0      12455   stm32h7xx_hal_dma.o
      4808          0         92          0          0      33355   stm32h7xx_hal_fdcan.o
      1028          0          0          0          0       7002   stm32h7xx_hal_gpio.o
        50          0          0          0          0       5273   stm32h7xx_hal_msp.o
      5038          0          0          0          0      14297   stm32h7xx_hal_pcd.o
       246          0          0          0          0       5511   stm32h7xx_hal_pcd_ex.o
       180          0          0          0          0       9307   stm32h7xx_hal_pwr_ex.o
      4850         66          0          0          0      11403   stm32h7xx_hal_rcc.o
      6398         96          0          0          0      18680   stm32h7xx_hal_rcc_ex.o
      3874          0          0          0          0      20692   stm32h7xx_hal_spi.o
      3858         22          0          0          0      37411   stm32h7xx_hal_tim.o
       404          0          0          0          0      18064   stm32h7xx_hal_tim_ex.o
       216          0          0          0         76       9609   stm32h7xx_hal_timebase_tim.o
      6380        342         24          0          0      29268   stm32h7xx_hal_uart.o
       770          0         16          0          0       8871   stm32h7xx_hal_uart_ex.o
       278          0          0          0          0       2323   stm32h7xx_it.o
      5110          0          0          0          0      19857   stm32h7xx_ll_usb.o
       314          0         16          8          0       5219   system_stm32h7xx.o
      4112          0          5          0        300      19001   tasks.o
       320          0          0          0         76       7161   tim.o
       204          0          0         32         16       7992   unitree_motor.o
      1502          0          0          0       1044      12474   usart.o
       122          0          0          0        732       3160   usb_device.o
      2506         12          0        136          0      11023   usbd_cdc.o
       288         36          0         20       4096       2612   usbd_cdc_if.o
      1348          4          0          0       1796      18275   usbd_conf.o
      2130          0          0          0          0       8968   usbd_core.o
      3466         46          0          0          1       8623   usbd_ctlreq.o
       532          0         66         80        512       3318   usbd_desc.o
       232          0          0          0          0       4204   usbd_ioreq.o

    ----------------------------------------------------------------------
    108060        884       1644       3024      43372     551923   Object Totals
         0          0         32          0          0          0   (incl. Generated)
      1322         48          0         12         34          0   (incl. Padding)

    ----------------------------------------------------------------------

      Code (inc. data)   RO Data    RW Data    ZI Data      Debug   Library Member Name

       300         42          0          0          0        176   asinf.o
       684         90          0          0          0        208   atan2f.o
        38          0          0          0          0        116   fpclassifyf.o
        44         12          0          0          0        464   funder.o
       102          0          0          0          0        140   sqrt.o
       120          0          0          0          0        272   sqrtf.o
        58          0          0          0          0          0   __dczerorl.o
         0          0          0          0          0          0   entry.o
         0          0          0          0          0          0   entry10a.o
         0          0          0          0          0          0   entry11a.o
         8          4          0          0          0          0   entry2.o
         4          0          0          0          0          0   entry5.o
         0          0          0          0          0          0   entry7b.o
         0          0          0          0          0          0   entry8b.o
         8          4          0          0          0          0   entry9a.o
        12          6          0          4          0         68   errno.o
        30          0          0          0          0          0   handlers.o
        36          8          0          0          0         68   init.o
         0          0          0          0          0          0   iusefp.o
        30          0          0          0          0         68   llshl.o
        32          0          0          0          0         68   llushr.o
        36          0          0          0          0         68   memcpya.o
        36          0          0          0          0        108   memseta.o
        98          0          0          0          0         92   uldiv.o
       110          0          0          0          0        168   fepilogue.o
        28          0          0          0          0         84   ffltul.o

    ----------------------------------------------------------------------
      1824        166          0          4          0       2168   Library Totals
        10          0          0          0          0          0   (incl. Padding)

    ----------------------------------------------------------------------

      Code (inc. data)   RO Data    RW Data    ZI Data      Debug   Library Name

      1288        144          0          0          0       1376   m_wv.l
       388         22          0          4          0        540   mc_w.l
       138          0          0          0          0        252   mf_w.l

    ----------------------------------------------------------------------
      1824        166          0          4          0       2168   Library Totals

    ----------------------------------------------------------------------

==============================================================================


      Code (inc. data)   RO Data    RW Data    ZI Data      Debug   

    109884       1050       1644       3028      43372     552023   Grand Totals
    109884       1050       1644        328      43372     552023   ELF Image Totals (compressed)
    109884       1050       1644        328          0          0   ROM Totals

==============================================================================

    Total RO  Size (Code + RO Data)               111528 ( 108.91kB)
    Total RW  Size (RW Data + ZI Data)             46400 (  45.31kB)
    Total ROM Size (Code + RO Data + RW Data)     111856 ( 109.23kB)

==============================================================================

